Microchip MPLAB XC8 Compiler V2.40

Linker command line:

-W-3 \
  --edf=C:\Program Files\Microchip\xc8\v2.40\pic\dat\20220703182018_en.msgs \
  -cn -h+dist/default/debug\final-project-olivier.X.debug.sym \
  --cmf=dist/default/debug\final-project-olivier.X.debug.cmf -z -Q18LF67K40 \
  -oC:\Users\olive\AppData\Local\Temp\xcAs17a4.4 --defsym=__MPLAB_BUILD=1 \
  --fixupoverflow=error \
  -Mdist/default/debug/final-project-olivier.X.debug.map \
  --md=C:\Users\olive\AppData\Local\Temp\xcAs17a4.dat -E1 -ver=XC8 Compiler \
  --acfsm=1493 -ACODE=00h-01FFFFh -ACONST=00h-01FFFFh \
  -ASMALLCONST=0E00h-0EFFhx498 -AMEDIUMCONST=0E00h-0FFFFh,010E00h-01FFFFh \
  -ACOMRAM=01h-05Fh -AABS1=00h-0DE9h -ABIGRAM=01h-0DE9h \
  -ARAM=060h-0FFh,0100h-01FFhx12,0D00h-0DE9h -ABANK0=060h-0FFh \
  -ABANK1=0100h-01FFh -ABANK2=0200h-02FFh -ABANK3=0300h-03FFh \
  -ABANK4=0400h-04FFh -ABANK5=0500h-05FFh -ABANK6=0600h-06FFh \
  -ABANK7=0700h-07FFh -ABANK8=0800h-08FFh -ABANK9=0900h-09FFh \
  -ABANK10=0A00h-0AFFh -ABANK11=0B00h-0BFFh -ABANK12=0C00h-0CFFh \
  -ABANK13=0D00h-0DE9h \
  -ASFR=0DEFh-0DFFh,0E00h-0EFFh,0F00h-0F5Fh,0F60h-0FFFh \
  -ABIGSFR=0DEFh-0FFFh -ACONFIG=0300000h-030000Bh -AIDLOC=0200000h-020000Fh \
  -AEEDATA=0310000h-03103FFh -peeprom_data=EEDATA \
  -preset_vec=00h,intcode=08h,intcodelo,powerup,init -pramtop=0E00h \
  -psmallconst=SMALLCONST -pmediumconst=MEDIUMCONST -pconst=CONST \
  -AFARRAM=00h-00h \
  -prdata=COMRAM,nvrram=COMRAM,nvbit=COMRAM,rbss=COMRAM,rbit=COMRAM \
  -pfarbss=FARRAM,fardata=FARRAM,nvFARRAM=FARRAM \
  -pintsave_regs=BIGRAM,bigbss=BIGRAM,bigdata=BIGRAM -pbss=RAM \
  -pidata=CODE,irdata=CODE,ibigdata=CODE,ifardata=CODE -prparam=COMRAM \
  C:\Users\olive\AppData\Local\Temp\xcAs17a4.o \
  dist/default/debug\final-project-olivier.X.debug.o 

Object code version is 3.11

Machine type is 18LF67K40



                Name                               Link     Load   Length Selector   Space Scale
C:\Users\olive\AppData\Local\Temp\xcAs17a4.o
                idloc                            200000   200000       10        0       5
                config                           300000   300000        C        0       4
                init                                 28       28        4        4       0
                reset_vec                             0        0        4        0       0
dist/default/debug\final-project-olivier.X.debug.o
                intcode                               8        8       20        4       0
                idloc                            200000   200000       10        0       5
                config                           300000   300000        C        0       4
                temp                                 5F       5F        1        1       1
                smallconst                          E00      E00       4E      700       0
                text35                             1E20     1E20       34      727       0
                text34                             1F7A     1F7A        C      727       0
                text33                             1F60     1F60        E      727       0
                text32                             1ECC     1ECC       24      727       0
                text31                             1F9A     1F9A        A      727       0
                text30                             1C5A     1C5A       74      727       0
                text29                             1EA6     1EA6       26      727       0
                text28                             10E0     10E0      16C      727       0
                text27                             1ADE     1ADE       80      727       0
                text26                             1662     1662       A6      727       0
                text25                             19D8     19D8       86      727       0
                text24                             179E     179E       96      727       0
                text23                             194E     194E       8A      727       0
                text22                             1D8E     1D8E       52      727       0
                text21                             1D38     1D38       56      727       0
                text20                             1708     1708       96      727       0
                text19                             18C4     18C4       8A      727       0
                text18                             1BDC     1BDC       7E      727       0
                text17                             15BC     15BC       A6      727       0
                text16                             1502     1502       BA      727       0
                text15                             1A5E     1A5E       80      727       0
                text14                             133A     133A       EA      727       0
                text13                             1B5E     1B5E       7E      727       0
                text12                             124C     124C       EE      727       0
                text11                             1F32     1F32       1E      727       0
                text10                              E4E      E4E      292      727       0
                text9                              1E54     1E54       2A      727       0
                text8                              1E7E     1E7E       28      727       0
                text7                              1F90     1F90        A      727       0
                text6                              1F86     1F86        A      727       0
                text5                              1F6E     1F6E        C      727       0
                text4                              1F12     1F12       20      727       0
                text3                              1DE0     1DE0       40      727       0
                text2                              1834     1834       90      727       0
                text1                              1EF0     1EF0       22      727       0
                text0                              1424     1424       DE      727       0
                cstackCOMRAM                          1        1       43        1       1
                dataBANK0                            C6       C6       10       60       1
                bssBANK0                             60       60       66       60       1
                dataCOMRAM                           5A       5A        5        1       1
                bssCOMRAM                            44       44       16        1       1
                cinit                              1CCE     1CCE       6A      727       0
                idataBANK0                         1F50     1F50       10      727       0
                idataCOMRAM                        1FA4     1FA4        5      727       0

TOTAL           Name                               Link     Load   Length     Space
        CLASS   CODE           
                intcode                               8        8       20         0
                init                                 28       28        4         0
                reset_vec                             0        0        4         0
                text35                             1E20     1E20       34         0
                text34                             1F7A     1F7A        C         0
                text33                             1F60     1F60        E         0
                text32                             1ECC     1ECC       24         0
                text31                             1F9A     1F9A        A         0
                text30                             1C5A     1C5A       74         0
                text29                             1EA6     1EA6       26         0
                text28                             10E0     10E0      16C         0
                text27                             1ADE     1ADE       80         0
                text26                             1662     1662       A6         0
                text25                             19D8     19D8       86         0
                text24                             179E     179E       96         0
                text23                             194E     194E       8A         0
                text22                             1D8E     1D8E       52         0
                text21                             1D38     1D38       56         0
                text20                             1708     1708       96         0
                text19                             18C4     18C4       8A         0
                text18                             1BDC     1BDC       7E         0
                text17                             15BC     15BC       A6         0
                text16                             1502     1502       BA         0
                text15                             1A5E     1A5E       80         0
                text14                             133A     133A       EA         0
                text13                             1B5E     1B5E       7E         0
                text12                             124C     124C       EE         0
                text11                             1F32     1F32       1E         0
                text10                              E4E      E4E      292         0
                text9                              1E54     1E54       2A         0
                text8                              1E7E     1E7E       28         0
                text7                              1F90     1F90        A         0
                text6                              1F86     1F86        A         0
                text5                              1F6E     1F6E        C         0
                text4                              1F12     1F12       20         0
                text3                              1DE0     1DE0       40         0
                text2                              1834     1834       90         0
                text1                              1EF0     1EF0       22         0
                text0                              1424     1424       DE         0
                cinit                              1CCE     1CCE       6A         0
                idataBANK0                         1F50     1F50       10         0
                idataCOMRAM                        1FA4     1FA4        5         0

        CLASS   CONST          

        CLASS   SMALLCONST     
                smallconst                          E00      E00       4E         0

        CLASS   MEDIUMCONST    

        CLASS   COMRAM         
                temp                                 5F       5F        1         1
                cstackCOMRAM                          1        1       43         1
                dataCOMRAM                           5A       5A        5         1
                bssCOMRAM                            44       44       16         1

        CLASS   ABS1           

        CLASS   BIGRAM         

        CLASS   RAM            

        CLASS   BANK0          
                dataBANK0                            C6       C6       10         1
                bssBANK0                             60       60       66         1

        CLASS   BANK1          

        CLASS   BANK2          

        CLASS   BANK3          

        CLASS   BANK4          

        CLASS   BANK5          

        CLASS   BANK6          

        CLASS   BANK7          

        CLASS   BANK8          

        CLASS   BANK9          

        CLASS   BANK10         

        CLASS   BANK11         

        CLASS   BANK12         

        CLASS   BANK13         

        CLASS   SFR            

        CLASS   BIGSFR         

        CLASS   CONFIG         
                config                           300000   300000        C         4

        CLASS   IDLOC          
                idloc                            200000   200000       10         5

        CLASS   EEDATA         

        CLASS   FARRAM         

        CLASS   HEAP           

        CLASS   STACK          



SEGMENTS        Name                           Load    Length   Top    Selector   Space  Class

                reset_vec                      000000  000004  000004         0       0  CODE    
                cstackCOMRAM                   000001  00005F  000060         1       1  COMRAM  
                intcode                        000008  000024  00002C         4       0  CODE    
                bssBANK0                       000060  000076  0000D6        60       1  BANK0   
                smallconst                     000E00  00004E  000E4E       700       0  SMALLCON
                text10                         000E4E  00115B  001FA9       727       0  CODE    


UNUSED ADDRESS RANGES

        Name                Unused          Largest block    Delta
        BANK0            0000D6-0000FF               2A
        BANK1            000100-0001FF              100
        BANK10           000A00-000AFF              100
        BANK11           000B00-000BFF              100
        BANK12           000C00-000CFF              100
        BANK13           000D00-000DE9               EA
        BANK2            000200-0002FF              100
        BANK3            000300-0003FF              100
        BANK4            000400-0004FF              100
        BANK5            000500-0005FF              100
        BANK6            000600-0006FF              100
        BANK7            000700-0007FF              100
        BANK8            000800-0008FF              100
        BANK9            000900-0009FF              100
        BIGRAM           0000D6-000DE9              D14
        BIGSFR           000DEF-000FFF              211
        CODE             000004-000007                4
                         00002C-000DFF              DD4
                         001FA9-01FFFF            1E057
        CONST            000004-000007                4
                         00002C-000DFF              DD4
                         001FA9-01FFFF            1E057
        EEDATA           310000-3103FF              400
        MEDIUMCONST      001FA9-00FFFF             E057
                         010E00-01FFFF             F200
        RAM              0000D6-000DE9              100
        SFR              000DEF-000FFF              100
        SMALLCONST       001FA9-01FFFF              100

                                  Symbol Table

?___lwdiv                    cstackCOMRAM 000007
?___wmul                     cstackCOMRAM 000001
?_getTimerValue              cstackCOMRAM 000001
Blue_T180@mL                 cstackCOMRAM 000024
Blue_T180@mR                 cstackCOMRAM 000026
ClickLEDOn@power             cstackCOMRAM 000001
Green_L90@mL                 cstackCOMRAM 000021
Green_L90@mR                 cstackCOMRAM 000023
I2C_2_Master_Write@data_byte cstackCOMRAM 000002
Left45@mL                    cstackCOMRAM 00001A
Left45@mR                    cstackCOMRAM 00001C
LightBlue_L135@mL            cstackCOMRAM 000021
LightBlue_L135@mR            cstackCOMRAM 000023
Orange_R135@mL               cstackCOMRAM 000021
Orange_R135@mR               cstackCOMRAM 000023
Pink_rev1_L90@mL             cstackCOMRAM 000021
Pink_rev1_L90@mR             cstackCOMRAM 000023
Red_R90@mL                   cstackCOMRAM 000021
Red_R90@mR                   cstackCOMRAM 000023
Right45@mL                   cstackCOMRAM 00001A
Right45@mR                   cstackCOMRAM 00001C
White@i                      cstackCOMRAM 000036
White@mL                     cstackCOMRAM 000028
White@mR                     cstackCOMRAM 00002A
White@movementCount          cstackCOMRAM 00002C
White@movementMemory         cstackCOMRAM 00002E
White@tempTimer              cstackCOMRAM 000034
White@timerMemory            cstackCOMRAM 000030
Yellow_rev1_R90@mL           cstackCOMRAM 000021
Yellow_rev1_R90@mR           cstackCOMRAM 000023
_ANSELDbits                  (abs)        000EA7
_ANSELFbits                  (abs)        000EB4
_BAUD4CONbits                (abs)        000EE9
_Blue_T180                   text21       001D38
_CCP1CONbits                 (abs)        000FAB
_CCP2CONbits                 (abs)        000FA7
_CCP3CONbits                 (abs)        000F26
_CCP4CONbits                 (abs)        000F22
_CCPR1H                      (abs)        000FAA
_CCPR2H                      (abs)        000FA6
_CCPR3H                      (abs)        000F25
_CCPR4H                      (abs)        000F21
_CCPTMRS0bits                (abs)        000FAD
_ClickLEDOn                  text35       001E20
_ForwardFlag                 dataCOMRAM   00005E
_Green_L90                   text18       001BDC
_HighISR                     intcode      000008
_I2C_2_Master_Idle           text8        001E7E
_I2C_2_Master_Init           text9        001E54
_I2C_2_Master_Start          text7        001F90
_I2C_2_Master_Stop           text6        001F86
_I2C_2_Master_Write          text5        001F6E
_INTCONbits                  (abs)        000FF2
_Interrupts_init             text34       001F7A
_LATAbits                    (abs)        000F79
_LATCbits                    (abs)        000F7B
_LATDbits                    (abs)        000F7C
_LATEbits                    (abs)        000F7D
_LATFbits                    (abs)        000F7E
_LATGbits                    (abs)        000F7F
_LATHbits                    (abs)        000F80
_LED_init                    text33       001F60
_Left45                      text23       00194E
_LightBlue_L135              text17       0015BC
_Orange_R135                 text16       001502
_PIE0bits                    (abs)        000E29
_PIE4bits                    (abs)        000E2D
_PIR0bits                    (abs)        000E33
_PIR4bits                    (abs)        000E37
_PORTFbits                   (abs)        000F8E
_Pink_rev1_L90               text14       00133A
_RC0PPS                      (abs)        000E62
_RC4REG                      (abs)        000EE3
_RC4STAbits                  (abs)        000EE7
_RC7PPS                      (abs)        000E69
_RD5PPS                      (abs)        000E6F
_RD6PPS                      (abs)        000E70
_RE2PPS                      (abs)        000E74
_RE4PPS                      (abs)        000E76
_RG6PPS                      (abs)        000E88
_RX4PPS                      (abs)        000E15
_Red_R90                     text13       001B5E
_Right45                     text19       0018C4
_SP4BRGH                     (abs)        000EE6
_SP4BRGL                     (abs)        000EE5
_SSP2ADD                     (abs)        000ED6
_SSP2BUF                     (abs)        000ED5
_SSP2CLKPPS                  (abs)        000E1C
_SSP2CON1bits                (abs)        000ED9
_SSP2CON2                    (abs)        000EDA
_SSP2CON2bits                (abs)        000EDA
_SSP2DATPPS                  (abs)        000E1D
_SSP2STAT                    (abs)        000ED8
_T0CON0bits                  (abs)        000FD5
_T0CON1bits                  (abs)        000FD6
_T2CLKCONbits                (abs)        000FBF
_T2CONbits                   (abs)        000FBD
_T2HLTbits                   (abs)        000FBE
_T2PR                        (abs)        000FBC
_TMR0H                       (abs)        000FD4
_TMR0L                       (abs)        000FD3
_TRISAbits                   (abs)        000F81
_TRISCbits                   (abs)        000F83
_TRISDbits                   (abs)        000F84
_TRISEbits                   (abs)        000F85
_TRISFbits                   (abs)        000F86
_TRISGbits                   (abs)        000F87
_TRISHbits                   (abs)        000F88
_TX4REG                      (abs)        000EE4
_TX4STAbits                  (abs)        000EE8
_Timer0_init                 text32       001ECC
_TimerReset                  text31       001F9A
_White                       text10       000E4E
_Yellow_rev1_R90             text12       00124C
__1square                    dataBANK0    0000D4
__45dleftdelay               dataCOMRAM   00005C
__45drightdelay              dataCOMRAM   00005A
__HRAM                       (abs)        000000
__Habs1                      abs1         000000
__Hbank0                     bank0        000000
__Hbank1                     bank1        000000
__Hbank10                    bank10       000000
__Hbank11                    bank11       000000
__Hbank12                    bank12       000000
__Hbank13                    bank13       000000
__Hbank2                     bank2        000000
__Hbank3                     bank3        000000
__Hbank4                     bank4        000000
__Hbank5                     bank5        000000
__Hbank6                     bank6        000000
__Hbank7                     bank7        000000
__Hbank8                     bank8        000000
__Hbank9                     bank9        000000
__Hbigbss                    bigbss       000000
__Hbigdata                   bigdata      000000
__Hbigram                    bigram       000000
__Hbigsfr                    bigsfr       000000
__Hbss                       bss          000000
__HbssBANK0                  bssBANK0     000000
__HbssCOMRAM                 bssCOMRAM    000000
__Hcinit                     cinit        000000
__Hclrtext                   clrtext      000000
__Hcomram                    comram       000000
__Hconfig                    config       30000C
__Hconst                     const        000000
__HcstackCOMRAM              cstackCOMRAM 000000
__Hdata                      data         000000
__HdataBANK0                 dataBANK0    000000
__HdataCOMRAM                dataCOMRAM   000000
__Heeprom_data               eeprom_data  000000
__Hfarbss                    farbss       000000
__Hfardata                   fardata      000000
__Hheap                      heap         000000
__Hibigdata                  ibigdata     000000
__Hidata                     idata        000000
__HidataBANK0                idataBANK0   000000
__HidataCOMRAM               idataCOMRAM  000000
__Hidloc                     idloc        200010
__Hifardata                  ifardata     000000
__Hinit                      init         00002C
__Hintcode                   intcode      000028
__Hintcode_body              intcode_body 000000
__Hintcodelo                 intcodelo    000028
__Hintentry                  intentry     000000
__Hintret                    intret       000000
__Hintsave_regs              intsave_regs 000000
__Hirdata                    irdata       000000
__Hmediumconst               mediumconst  000000
__HnvFARRAM                  nvFARRAM     000000
__Hnvbit                     nvbit        000000
__Hnvrram                    nvrram       000000
__Hparam                     rparam       000000
__Hpowerup                   powerup      000028
__Hram                       ram          000000
__Hramtop                    ramtop       000E00
__Hrbit                      rbit         000000
__Hrbss                      rbss         000000
__Hrdata                     rdata        000000
__Hreset_vec                 reset_vec    000004
__Hrparam                    rparam       000000
__Hsfr                       sfr          000000
__Hsmallconst                smallconst   000E4E
__Hspace_0                   (abs)        001FA9
__Hspace_1                   (abs)        0000D6
__Hspace_2                   (abs)        000000
__Hspace_4                   (abs)        60000C
__Hstack                     stack        000000
__Hstruct                    struct       000000
__Htemp                      temp         000060
__Htext                      text         000000
__Htext0                     text0        000000
__Htext1                     text1        000000
__Htext10                    text10       000000
__Htext11                    text11       000000
__Htext12                    text12       000000
__Htext13                    text13       000000
__Htext14                    text14       000000
__Htext15                    text15       000000
__Htext16                    text16       000000
__Htext17                    text17       000000
__Htext18                    text18       000000
__Htext19                    text19       000000
__Htext2                     text2        000000
__Htext20                    text20       000000
__Htext21                    text21       000000
__Htext22                    text22       000000
__Htext23                    text23       000000
__Htext24                    text24       000000
__Htext25                    text25       000000
__Htext26                    text26       000000
__Htext27                    text27       000000
__Htext28                    text28       000000
__Htext29                    text29       000000
__Htext3                     text3        000000
__Htext30                    text30       000000
__Htext31                    text31       000000
__Htext32                    text32       000000
__Htext33                    text33       000000
__Htext34                    text34       000000
__Htext35                    text35       000000
__Htext4                     text4        000000
__Htext5                     text5        000000
__Htext6                     text6        000000
__Htext7                     text7        000000
__Htext8                     text8        000000
__Htext9                     text9        000000
__LRAM                       (abs)        000001
__Labs1                      abs1         000000
__Lbank0                     bank0        000000
__Lbank1                     bank1        000000
__Lbank10                    bank10       000000
__Lbank11                    bank11       000000
__Lbank12                    bank12       000000
__Lbank13                    bank13       000000
__Lbank2                     bank2        000000
__Lbank3                     bank3        000000
__Lbank4                     bank4        000000
__Lbank5                     bank5        000000
__Lbank6                     bank6        000000
__Lbank7                     bank7        000000
__Lbank8                     bank8        000000
__Lbank9                     bank9        000000
__Lbigbss                    bigbss       000000
__Lbigdata                   bigdata      000000
__Lbigram                    bigram       000000
__Lbigsfr                    bigsfr       000000
__Lbss                       bss          000000
__LbssBANK0                  bssBANK0     000000
__LbssCOMRAM                 bssCOMRAM    000000
__Lcinit                     cinit        000000
__Lclrtext                   clrtext      000000
__Lcomram                    comram       000000
__Lconfig                    config       000000
__Lconst                     const        000000
__LcstackCOMRAM              cstackCOMRAM 000000
__Ldata                      data         000000
__LdataBANK0                 dataBANK0    000000
__LdataCOMRAM                dataCOMRAM   000000
__Leeprom_data               eeprom_data  000000
__Lfarbss                    farbss       000000
__Lfardata                   fardata      000000
__Lheap                      heap         000000
__Libigdata                  ibigdata     000000
__Lidata                     idata        000000
__LidataBANK0                idataBANK0   000000
__LidataCOMRAM               idataCOMRAM  000000
__Lidloc                     idloc        000000
__Lifardata                  ifardata     000000
__Linit                      init         000028
__Lintcode                   intcode      000008
__Lintcode_body              intcode_body 000000
__Lintcodelo                 intcodelo    000028
__Lintentry                  intentry     000000
__Lintret                    intret       000000
__Lintsave_regs              intsave_regs 000000
__Lirdata                    irdata       000000
__Lmediumconst               mediumconst  000000
__LnvFARRAM                  nvFARRAM     000000
__Lnvbit                     nvbit        000000
__Lnvrram                    nvrram       000000
__Lparam                     rparam       000000
__Lpowerup                   powerup      000028
__Lram                       ram          000000
__Lramtop                    ramtop       000E00
__Lrbit                      rbit         000000
__Lrbss                      rbss         000000
__Lrdata                     rdata        000000
__Lreset_vec                 reset_vec    000000
__Lrparam                    rparam       000000
__Lsfr                       sfr          000000
__Lsmallconst                smallconst   000E00
__Lspace_0                   (abs)        000000
__Lspace_1                   (abs)        000000
__Lspace_2                   (abs)        000000
__Lspace_4                   (abs)        000000
__Lstack                     stack        000000
__Lstruct                    struct       000000
__Ltemp                      temp         00005F
__Ltext                      text         000000
__Ltext0                     text0        000000
__Ltext1                     text1        000000
__Ltext10                    text10       000000
__Ltext11                    text11       000000
__Ltext12                    text12       000000
__Ltext13                    text13       000000
__Ltext14                    text14       000000
__Ltext15                    text15       000000
__Ltext16                    text16       000000
__Ltext17                    text17       000000
__Ltext18                    text18       000000
__Ltext19                    text19       000000
__Ltext2                     text2        000000
__Ltext20                    text20       000000
__Ltext21                    text21       000000
__Ltext22                    text22       000000
__Ltext23                    text23       000000
__Ltext24                    text24       000000
__Ltext25                    text25       000000
__Ltext26                    text26       000000
__Ltext27                    text27       000000
__Ltext28                    text28       000000
__Ltext29                    text29       000000
__Ltext3                     text3        000000
__Ltext30                    text30       000000
__Ltext31                    text31       000000
__Ltext32                    text32       000000
__Ltext33                    text33       000000
__Ltext34                    text34       000000
__Ltext35                    text35       000000
__Ltext4                     text4        000000
__Ltext5                     text5        000000
__Ltext6                     text6        000000
__Ltext7                     text7        000000
__Ltext8                     text8        000000
__Ltext9                     text9        000000
__S0                         (abs)        001FA9
__S1                         (abs)        0000D6
__S4                         (abs)        000000
__S5                         (abs)        000000
___heap_hi                   (abs)        000000
___heap_lo                   (abs)        000000
___inthi_sp                  stack        000000
___intlo_sp                  stack        000000
___lwdiv                     text30       001C5A
___lwdiv@counter             cstackCOMRAM 00000D
___lwdiv@dividend            cstackCOMRAM 000007
___lwdiv@divisor             cstackCOMRAM 000009
___lwdiv@quotient            cstackCOMRAM 00000B
___param_bank                (abs)        000000
___rparam_used               (abs)        000001
___sp                        stack        000000
___wmul                      text29       001EA6
___wmul@multiplicand         cstackCOMRAM 000003
___wmul@multiplier           cstackCOMRAM 000001
___wmul@product              cstackCOMRAM 000005
__accesstop                  (abs)        000060
__activetblptr               (abs)        000001
__end_of_Blue_T180           text21       001D8E
__end_of_ClickLEDOn          text35       001E54
__end_of_Green_L90           text18       001C5A
__end_of_HighISR             intcode      000028
__end_of_I2C_2_Master_Idle   text8        001EA6
__end_of_I2C_2_Master_Init   text9        001E7E
__end_of_I2C_2_Master_Start  text7        001F9A
__end_of_I2C_2_Master_Stop   text6        001F90
__end_of_I2C_2_Master_Write  text5        001F7A
__end_of_Interrupts_init     text34       001F86
__end_of_LED_init            text33       001F6E
__end_of_Left45              text23       0019D8
__end_of_LightBlue_L135      text17       001662
__end_of_Orange_R135         text16       0015BC
__end_of_Pink_rev1_L90       text14       001424
__end_of_Red_R90             text13       001BDC
__end_of_Right45             text19       00194E
__end_of_Timer0_init         text32       001EF0
__end_of_TimerReset          text31       001FA4
__end_of_White               text10       0010E0
__end_of_Yellow_rev1_R90     text12       00133A
__end_of___lwdiv             text30       001CCE
__end_of___wmul              text29       001ECC
__end_of__initialization     cinit        001D26
__end_of_color_click_init    text3        001E20
__end_of_color_writetoaddr   text4        001F32
__end_of_fullSpeedAhead      text15       001ADE
__end_of_fullSpeedReverse    text27       001B5E
__end_of_getTimerValue       text11       001F50
__end_of_initDCmotorsPWM     text2        0018C4
__end_of_initUSART4          text1        001F12
__end_of_main                text0        001502
__end_of_reverseHalfSquare   text25       001A5E
__end_of_rotate180left       text22       001DE0
__end_of_setMotorPWM         text28       00124C
__end_of_stop                text26       001708
__end_of_turnLeft            text24       001834
__end_of_turnRight           text20       00179E
__halfsquare                 dataBANK0    0000D2
__initialization             cinit        001CCE
__mediumconst                mediumconst  000000
__pbssBANK0                  bssBANK0     000060
__pbssCOMRAM                 bssCOMRAM    000044
__pcinit                     cinit        001CCE
__pcstackCOMRAM              cstackCOMRAM 000001
__pdataBANK0                 dataBANK0    0000C6
__pdataCOMRAM                dataCOMRAM   00005A
__pidataBANK0                idataBANK0   001F50
__pidataCOMRAM               idataCOMRAM  001FA4
__pintcode                   intcode      000008
__psmallconst                smallconst   000E00
__ptext0                     text0        001424
__ptext1                     text1        001EF0
__ptext10                    text10       000E4E
__ptext11                    text11       001F32
__ptext12                    text12       00124C
__ptext13                    text13       001B5E
__ptext14                    text14       00133A
__ptext15                    text15       001A5E
__ptext16                    text16       001502
__ptext17                    text17       0015BC
__ptext18                    text18       001BDC
__ptext19                    text19       0018C4
__ptext2                     text2        001834
__ptext20                    text20       001708
__ptext21                    text21       001D38
__ptext22                    text22       001D8E
__ptext23                    text23       00194E
__ptext24                    text24       00179E
__ptext25                    text25       0019D8
__ptext26                    text26       001662
__ptext27                    text27       001ADE
__ptext28                    text28       0010E0
__ptext29                    text29       001EA6
__ptext3                     text3        001DE0
__ptext30                    text30       001C5A
__ptext31                    text31       001F9A
__ptext32                    text32       001ECC
__ptext33                    text33       001F60
__ptext34                    text34       001F7A
__ptext35                    text35       001E20
__ptext4                     text4        001F12
__ptext5                     text5        001F6E
__ptext6                     text6        001F86
__ptext7                     text7        001F90
__ptext8                     text8        001E7E
__ptext9                     text9        001E54
__ramtop                     ramtop       000E00
__smallconst                 smallconst   000E00
_color_click_init            text3        001DE0
_color_writetoaddr           text4        001F12
_colorf                      bssBANK0     000060
_fullSpeedAhead              text15       001A5E
_fullSpeedReverse            text27       001ADE
_getTimerValue               text11       001F32
_initDCmotorsPWM             text2        001834
_initUSART4                  text1        001EF0
_main                        text0        001424
_maxTime                     bssCOMRAM    000046
_motorL                      bssCOMRAM    000051
_motorR                      bssCOMRAM    000048
_movementCount               bssCOMRAM    000044
_movementMemory              bssBANK0     00009E
_reverseHalfSquare           text25       0019D8
_rotate180left               text22       001D8E
_setMotorPWM                 text28       0010E0
_stop                        text26       001662
_timerMemory                 bssBANK0     000076
_turnLeft                    text24       00179E
_turnRight                   text20       001708
btemp                        temp         00005F
color_writetoaddr@address    cstackCOMRAM 000004
color_writetoaddr@value      cstackCOMRAM 000003
end_of_initialization        cinit        001D26
fullSpeedAhead@i             cstackCOMRAM 000019
fullSpeedAhead@mL            cstackCOMRAM 000014
fullSpeedAhead@mR            cstackCOMRAM 000016
fullSpeedReverse@i           cstackCOMRAM 000019
fullSpeedReverse@mL          cstackCOMRAM 000014
fullSpeedReverse@mR          cstackCOMRAM 000016
getTimerValue@timerCount     cstackCOMRAM 000005
initDCmotorsPWM@PWMperiod    cstackCOMRAM 000001
int$flags                    temp         00005F
intlevel0                    text         000000
intlevel1                    text         000000
intlevel2                    text         000000
intlevel3                    text         000000
isa$std                      (abs)        000001
isa$xinst                    (abs)        000000
main@F14657                  dataBANK0    0000CC
main@F14659                  dataBANK0    0000C6
main@movementMemory          cstackCOMRAM 00003E
main@timerMemory             cstackCOMRAM 000038
reverseHalfSquare@mL         cstackCOMRAM 00001B
reverseHalfSquare@mR         cstackCOMRAM 00001D
rotate180left@mL             cstackCOMRAM 000020
rotate180left@mR             cstackCOMRAM 000022
setMotorPWM@m                cstackCOMRAM 00000E
setMotorPWM@negDuty          cstackCOMRAM 000013
setMotorPWM@posDuty          cstackCOMRAM 000012
stackhi                      (abs)        000000
stacklo                      (abs)        000000
start                        init         000028
start_initialization         cinit        001CCE
stop@mL                      cstackCOMRAM 000014
stop@mR                      cstackCOMRAM 000016
ttemp5                       temp         000060
ttemp6                       temp         000063
ttemp7                       temp         000067
turnLeft@i                   cstackCOMRAM 000018
turnLeft@mL                  cstackCOMRAM 000014
turnLeft@mR                  cstackCOMRAM 000016
turnRight@i                  cstackCOMRAM 000018
turnRight@mL                 cstackCOMRAM 000014
turnRight@mR                 cstackCOMRAM 000016
wtemp8                       temp         000060


MODULE INFORMATION

Module		Function		Class		Link	Load	Size
serial.c
		_initUSART4    		CODE           	1EF0	0000	34

serial.c estimated size: 34

C:\Program Files\Microchip\xc8\v2.40\pic\sources\c99\common\lwdiv.c
		___lwdiv       		CODE           	1C5A	0000	116

C:\Program Files\Microchip\xc8\v2.40\pic\sources\c99\common\lwdiv.c estimated size: 116

LED.c
		_LED_init      		CODE           	1F60	0000	14

LED.c estimated size: 14

C:\Program Files\Microchip\xc8\v2.40\pic\sources\c99\common\Umul16.c
		___wmul        		CODE           	1EA6	0000	38

C:\Program Files\Microchip\xc8\v2.40\pic\sources\c99\common\Umul16.c estimated size: 38

dc_motor.c
		_fullSpeedReverse		CODE           	1ADE	0000	128
		_White         		CODE           	0E4E	0000	658
		_reverseHalfSquare		CODE           	19D8	0000	134
		_fullSpeedAhead		CODE           	1A5E	0000	128
		_turnLeft      		CODE           	179E	0000	150
		_Green_L90     		CODE           	1BDC	0000	126
		_stop          		CODE           	1662	0000	166
		_Pink_rev1_L90 		CODE           	133A	0000	234
		_initDCmotorsPWM		CODE           	1834	0000	144
		_turnRight     		CODE           	1708	0000	150
		_Red_R90       		CODE           	1B5E	0000	126
		_setMotorPWM   		CODE           	10E0	0000	364
		_rotate180left 		CODE           	1D8E	0000	82
		_Left45        		CODE           	194E	0000	138
		_LightBlue_L135		CODE           	15BC	0000	166
		_Blue_T180     		CODE           	1D38	0000	86
		_Yellow_rev1_R90		CODE           	124C	0000	238
		_Orange_R135   		CODE           	1502	0000	186
		_Right45       		CODE           	18C4	0000	138

dc_motor.c estimated size: 3542

interrupts.c
		_Interrupts_init		CODE           	1F7A	0000	12
		_HighISR       		CODE           	0008	0000	32

interrupts.c estimated size: 44

timer.c
		_Timer0_init   		CODE           	1ECC	0000	36
		_getTimerValue 		CODE           	1F32	0000	30
		_TimerReset    		CODE           	1F9A	0000	10

timer.c estimated size: 76

colorclick.c
		_ClickLEDOn    		CODE           	1E20	0000	52
		_color_writetoaddr		CODE           	1F12	0000	32
		_color_click_init		CODE           	1DE0	0000	64

colorclick.c estimated size: 148

i2c.c
		_I2C_2_Master_Start		CODE           	1F90	0000	10
		_I2C_2_Master_Idle		CODE           	1E7E	0000	40
		_I2C_2_Master_Init		CODE           	1E54	0000	42
		_I2C_2_Master_Stop		CODE           	1F86	0000	10
		_I2C_2_Master_Write		CODE           	1F6E	0000	12

i2c.c estimated size: 114

shared
		__initialization		CODE           	1CCE	0000	88

shared estimated size: 88

main.c
		_main          		CODE           	1424	0000	222

main.c estimated size: 222

