Microchip MPLAB XC8 Compiler V2.40

Linker command line:

-W-3 \
  --edf=C:\Program Files\Microchip\xc8\v2.40\pic\dat\20220703182018_en.msgs \
  -cn -h+dist/default/debug\final-project-olivier.debug.sym \
  --cmf=dist/default/debug\final-project-olivier.debug.cmf -z -Q18F67K40 \
  -oC:\Users\Windows\AppData\Local\Temp\xcAsob8.4 --defsym=__MPLAB_BUILD=1 \
  --fixupoverflow=error \
  -Mdist/default/debug/final-project-olivier.debug.map \
  --md=C:\Users\Windows\AppData\Local\Temp\xcAsob8.dat -E1 \
  -ver=XC8 Compiler --acfsm=1493 -ACODE=00h-01FFFFh -ACONST=00h-01FFFFh \
  -ASMALLCONST=0E00h-0EFFhx498 -AMEDIUMCONST=0E00h-0FFFFh,010E00h-01FFFFh \
  -ACOMRAM=01h-05Fh -AABS1=00h-0DE9h -ABIGRAM=01h-0DE9h \
  -ARAM=060h-0FFh,0100h-01FFhx12,0D00h-0DE9h -ABANK0=060h-0FFh \
  -ABANK1=0100h-01FFh -ABANK2=0200h-02FFh -ABANK3=0300h-03FFh \
  -ABANK4=0400h-04FFh -ABANK5=0500h-05FFh -ABANK6=0600h-06FFh \
  -ABANK7=0700h-07FFh -ABANK8=0800h-08FFh -ABANK9=0900h-09FFh \
  -ABANK10=0A00h-0AFFh -ABANK11=0B00h-0BFFh -ABANK12=0C00h-0CFFh \
  -ABANK13=0D00h-0DE9h \
  -ASFR=0DEFh-0DFFh,0E00h-0EFFh,0F00h-0F5Fh,0F60h-0FFFh \
  -ABIGSFR=0DEFh-0FFFh -ACONFIG=0300000h-030000Bh -AIDLOC=0200000h-020000Fh \
  -AEEDATA=0310000h-03103FFh -peeprom_data=EEDATA \
  -preset_vec=00h,intcode=08h,intcodelo,powerup,init -pramtop=0E00h \
  -psmallconst=SMALLCONST -pmediumconst=MEDIUMCONST -pconst=CONST \
  -AFARRAM=00h-00h \
  -prdata=COMRAM,nvrram=COMRAM,nvbit=COMRAM,rbss=COMRAM,rbit=COMRAM \
  -pfarbss=FARRAM,fardata=FARRAM,nvFARRAM=FARRAM \
  -pintsave_regs=BIGRAM,bigbss=BIGRAM,bigdata=BIGRAM -pbss=RAM \
  -pidata=CODE,irdata=CODE,ibigdata=CODE,ifardata=CODE -prparam=COMRAM \
  C:\Users\Windows\AppData\Local\Temp\xcAsob8.o \
  dist/default/debug\final-project-olivier.debug.o 

Object code version is 3.11

Machine type is 18F67K40



                Name                               Link     Load   Length Selector   Space Scale
C:\Users\Windows\AppData\Local\Temp\xcAsob8.o
                idloc                            200000   200000       10        0       5
                config                           300000   300000        C        0       4
                init                                 2C       2C        4        4       0
                reset_vec                             0        0        6        0       0
dist/default/debug\final-project-olivier.debug.o
                intcode                               8        8       24        4       0
                idloc                            200000   200000       10        0       5
                config                           300000   300000        C        0       4
                temp                                 5F       5F        1        1       1
                smallconst                          E00      E00       52      700       0
                text64                             4772     4772       34      729       0
                text63                             35CC     35CC      104      729       0
                text62                             157E     157E      4EE      729       0
                text61                             48BE     48BE       18      729       0
                text60                             473A     473A       38      729       0
                text59                             4928     4928        2     2473       0
                text58                             397E     397E       CA      729       0
                text57                             4548     4548       50      729       0
                text56                             3282     3282      13C      729       0
                text55                             38A0     38A0       DE      729       0
                text54                             3128     3128      15A      729       0
                text53                             45E6     45E6       4E      729       0
                text52                             4598     4598       4E      729       0
                text51                             46FC     46FC       3E      729       0
                text50                             422C     422C       74      729       0
                text49                             4856     4856       26      729       0
                text48                             2FBC     2FBC      16C      729       0
                text47                             40B4     40B4       80      729       0
                text46                             3AF2     3AF2       A6      729       0
                text45                             3FAE     3FAE       86      729       0
                text44                             3D76     3D76       96      729       0
                text43                             3E9C     3E9C       8A      729       0
                text42                             43B6     43B6       52      729       0
                text41                             4362     4362       54      729       0
                text40                             3CE0     3CE0       96      729       0
                text39                             3F26     3F26       88      729       0
                text38                             41B0     41B0       7C      729       0
                text37                             3C3C     3C3C       A4      729       0
                text36                             3B98     3B98       A4      729       0
                text35                             4034     4034       80      729       0
                text34                             37B8     37B8       E8      729       0
                text33                             4134     4134       7C      729       0
                text32                             491E     491E        A     2473       0
                text31                             36D0     36D0       E8      729       0
                text30                             1F2C     1F2C      42C      729       0
                text29                             33BE     33BE      108      729       0
                text28                             2E08     2E08      1B4      729       0
                text27                             42A0     42A0       6A      729       0
                text26                             26F2     26F2      33A      729       0
                text25                             2C1E     2C1E      1EA      729       0
                text24                             48E6     48E6        E     2473       0
                text23                             2358     2358      39A      729       0
                text22                             3A48     3A48       AA      729       0
                text21                             1A6C     1A6C      4C0      729       0
                text20                             4634     4634       46      729       0
                text19                              E52      E52      72C      729       0
                text18                             4804     4804       2A      729       0
                text17                             482E     482E       28      729       0
                text16                             4914     4914        A     2473       0
                text15                             490A     490A        A     2473       0
                text14                             48F4     48F4        C     2473       0
                text13                             489E     489E       20      729       0
                text12                             46BC     46BC       40      729       0
                text11                             467A     467A       42      729       0
                text10                             4900     4900        A     2473       0
                text9                              44F8     44F8       50      729       0
                text8                              44A8     44A8       50      729       0
                text7                              4458     4458       50      729       0
                text6                              4408     4408       50      729       0
                text5                              34C6     34C6      106      729       0
                text4                              3E0C     3E0C       90      729       0
                text3                              487C     487C       22      729       0
                text2                              47A6     47A6       30      729       0
                text1                              47D6     47D6       2E      729       0
                text0                              2A2C     2A2C      1F2      729       0
                cstackCOMRAM                          1        1       5E        1       1
                cstackBANK0                          60       60       90       60       1
                dataBANK1                           195      195        F      100       1
                bssBANK1                            100      100       95      100       1
                dataBANK0                            FE       FE        1       60       1
                bssBANK0                             F0       F0        E       60       1
                cinit                              430A     430A       58      729       0
                idataBANK1                         48D6     48D6        F      729       0
                idataBANK0                         492A     492A        1     2473       0

TOTAL           Name                               Link     Load   Length     Space
        CLASS   CODE           
                intcode                               8        8       24         0
                init                                 2C       2C        4         0
                reset_vec                             0        0        6         0
                text64                             4772     4772       34         0
                text63                             35CC     35CC      104         0
                text62                             157E     157E      4EE         0
                text61                             48BE     48BE       18         0
                text60                             473A     473A       38         0
                text59                             4928     4928        2         0
                text58                             397E     397E       CA         0
                text57                             4548     4548       50         0
                text56                             3282     3282      13C         0
                text55                             38A0     38A0       DE         0
                text54                             3128     3128      15A         0
                text53                             45E6     45E6       4E         0
                text52                             4598     4598       4E         0
                text51                             46FC     46FC       3E         0
                text50                             422C     422C       74         0
                text49                             4856     4856       26         0
                text48                             2FBC     2FBC      16C         0
                text47                             40B4     40B4       80         0
                text46                             3AF2     3AF2       A6         0
                text45                             3FAE     3FAE       86         0
                text44                             3D76     3D76       96         0
                text43                             3E9C     3E9C       8A         0
                text42                             43B6     43B6       52         0
                text41                             4362     4362       54         0
                text40                             3CE0     3CE0       96         0
                text39                             3F26     3F26       88         0
                text38                             41B0     41B0       7C         0
                text37                             3C3C     3C3C       A4         0
                text36                             3B98     3B98       A4         0
                text35                             4034     4034       80         0
                text34                             37B8     37B8       E8         0
                text33                             4134     4134       7C         0
                text32                             491E     491E        A         0
                text31                             36D0     36D0       E8         0
                text30                             1F2C     1F2C      42C         0
                text29                             33BE     33BE      108         0
                text28                             2E08     2E08      1B4         0
                text27                             42A0     42A0       6A         0
                text26                             26F2     26F2      33A         0
                text25                             2C1E     2C1E      1EA         0
                text24                             48E6     48E6        E         0
                text23                             2358     2358      39A         0
                text22                             3A48     3A48       AA         0
                text21                             1A6C     1A6C      4C0         0
                text20                             4634     4634       46         0
                text19                              E52      E52      72C         0
                text18                             4804     4804       2A         0
                text17                             482E     482E       28         0
                text16                             4914     4914        A         0
                text15                             490A     490A        A         0
                text14                             48F4     48F4        C         0
                text13                             489E     489E       20         0
                text12                             46BC     46BC       40         0
                text11                             467A     467A       42         0
                text10                             4900     4900        A         0
                text9                              44F8     44F8       50         0
                text8                              44A8     44A8       50         0
                text7                              4458     4458       50         0
                text6                              4408     4408       50         0
                text5                              34C6     34C6      106         0
                text4                              3E0C     3E0C       90         0
                text3                              487C     487C       22         0
                text2                              47A6     47A6       30         0
                text1                              47D6     47D6       2E         0
                text0                              2A2C     2A2C      1F2         0
                cinit                              430A     430A       58         0
                idataBANK1                         48D6     48D6        F         0
                idataBANK0                         492A     492A        1         0

        CLASS   CONST          

        CLASS   SMALLCONST     
                smallconst                          E00      E00       52         0

        CLASS   MEDIUMCONST    

        CLASS   COMRAM         
                temp                                 5F       5F        1         1
                cstackCOMRAM                          1        1       5E         1

        CLASS   ABS1           

        CLASS   BIGRAM         

        CLASS   RAM            

        CLASS   BANK0          
                cstackBANK0                          60       60       90         1
                dataBANK0                            FE       FE        1         1
                bssBANK0                             F0       F0        E         1

        CLASS   BANK1          
                dataBANK1                           195      195        F         1
                bssBANK1                            100      100       95         1

        CLASS   BANK2          

        CLASS   BANK3          

        CLASS   BANK4          

        CLASS   BANK5          

        CLASS   BANK6          

        CLASS   BANK7          

        CLASS   BANK8          

        CLASS   BANK9          

        CLASS   BANK10         

        CLASS   BANK11         

        CLASS   BANK12         

        CLASS   BANK13         

        CLASS   SFR            

        CLASS   BIGSFR         

        CLASS   CONFIG         
                config                           300000   300000        C         4

        CLASS   IDLOC          
                idloc                            200000   200000       10         5

        CLASS   EEDATA         

        CLASS   FARRAM         

        CLASS   HEAP           

        CLASS   STACK          



SEGMENTS        Name                           Load    Length   Top    Selector   Space  Class

                reset_vec                      000000  000006  000006         0       0  CODE    
                cstackCOMRAM                   000001  00005F  000060         1       1  COMRAM  
                intcode                        000008  000028  000030         4       0  CODE    
                cstackBANK0                    000060  00009F  0000FF        60       1  BANK0   
                bssBANK1                       000100  0000A4  0001A4       100       1  BANK1   
                smallconst                     000E00  000052  000E52       700       0  SMALLCON
                text19                         000E52  003A93  0048E5       729       0  CODE    
                text24                         0048E6  000045  00492B      2473       0  CODE    


UNUSED ADDRESS RANGES

        Name                Unused          Largest block    Delta
        BANK0            0000FF-0000FF                1
        BANK1            0001A4-0001FF               5C
        BANK10           000A00-000AFF              100
        BANK11           000B00-000BFF              100
        BANK12           000C00-000CFF              100
        BANK13           000D00-000DE9               EA
        BANK2            000200-0002FF              100
        BANK3            000300-0003FF              100
        BANK4            000400-0004FF              100
        BANK5            000500-0005FF              100
        BANK6            000600-0006FF              100
        BANK7            000700-0007FF              100
        BANK8            000800-0008FF              100
        BANK9            000900-0009FF              100
        BIGRAM           0000FF-0000FF                1
                         0001A4-000DE9              C46
        BIGSFR           000DEF-000FFF              211
        CODE             000006-000007                2
                         000030-000DFF              DD0
                         0048E5-0048E5                1
                         00492B-01FFFF            1B6D5
        CONST            000006-000007                2
                         000030-000DFF              DD0
                         0048E5-0048E5                1
                         00492B-01FFFF            1B6D5
        EEDATA           310000-3103FF              400
        MEDIUMCONST      0048E5-0048E5                1
                         00492B-00FFFF             B6D5
                         010E00-01FFFF             F200
        RAM              0000FF-0000FF                1
                         0001A4-000DE9              100
        SFR              000DEF-000FFF              100
        SMALLCONST       0048E5-0048E5                1
                         00492B-01FFFF              100

                                  Symbol Table

?_Hue2Colour                        cstackCOMRAM 00000D
?___fladd                           cstackCOMRAM 00001A
?___fldiv                           cstackCOMRAM 000032
?___flmul                           cstackCOMRAM 00004B
?___flsub                           cstackCOMRAM 00002A
?___fltol                           cstackCOMRAM 000057
?___lwdiv                           cstackCOMRAM 000007
?___wmul                            cstackCOMRAM 000001
?___xxtofl                          cstackCOMRAM 00000C
?_color_read_Blue                   cstackCOMRAM 000005
?_color_read_Clear                  cstackCOMRAM 000005
?_color_read_Green                  cstackCOMRAM 000005
?_color_read_Red                    cstackCOMRAM 000005
?_getTimerValue                     cstackBANK0  00006F
?_sprintf                           cstackCOMRAM 000032
?_strlen                            cstackCOMRAM 000001
?_strncmp                           cstackCOMRAM 000001
?_vfprintf                          cstackCOMRAM 00002A
Blue_T180@mL                        cstackCOMRAM 000024
Blue_T180@mR                        cstackCOMRAM 000026
ClickLEDOn@power                    cstackCOMRAM 000001
Color2String@buf                    cstackCOMRAM 000045
Color2String@cf                     cstackCOMRAM 000047
Color2String@colourname             cstackCOMRAM 000049
Colour2Action@cf                    cstackBANK0  000085
Green_L90@mL                        cstackCOMRAM 000021
Green_L90@mR                        cstackCOMRAM 000023
Hue2Colour@cf                       cstackCOMRAM 00000D
Hue2Colour@colourname               cstackCOMRAM 00000F
I2C_2_Master_Read@ack               cstackCOMRAM 000003
I2C_2_Master_Read@tmp               cstackCOMRAM 000004
I2C_2_Master_Write@data_byte        cstackCOMRAM 000002
Left45@mL                           cstackCOMRAM 00001A
Left45@mR                           cstackCOMRAM 00001C
LightBlue_L135@mL                   cstackCOMRAM 000021
LightBlue_L135@mR                   cstackCOMRAM 000023
Orange_R135@mL                      cstackCOMRAM 000021
Orange_R135@mR                      cstackCOMRAM 000023
Pink_rev1_L90@mL                    cstackCOMRAM 000021
Pink_rev1_L90@mR                    cstackCOMRAM 000023
RGB2Hue@cf                          cstackBANK0  00006F
RGB2Hue@max                         cstackBANK0  000079
RGB2Hue@min                         cstackBANK0  00007B
Red_R90@mL                          cstackCOMRAM 000021
Red_R90@mR                          cstackCOMRAM 000023
Right45@mL                          cstackCOMRAM 00001A
Right45@mR                          cstackCOMRAM 00001C
White@i                             cstackBANK0  000083
White@mL                            cstackBANK0  000075
White@mR                            cstackBANK0  000077
White@movementCount                 cstackBANK0  000079
White@movementMemory                cstackBANK0  00007B
White@tempTimer                     cstackBANK0  000081
White@timerMemory                   cstackBANK0  00007D
Yellow_rev1_R90@mL                  cstackCOMRAM 000021
Yellow_rev1_R90@mR                  cstackCOMRAM 000023
_ANSELDbits                         (abs)        000EA7
_ANSELFbits                         (abs)        000EB4
_BAUD4CONbits                       (abs)        000EE9
_Blue_T180                          text41       004362
_CCP1CONbits                        (abs)        000FAB
_CCP2CONbits                        (abs)        000FA7
_CCP3CONbits                        (abs)        000F26
_CCP4CONbits                        (abs)        000F22
_CCPR1H                             (abs)        000FAA
_CCPR2H                             (abs)        000FA6
_CCPR3H                             (abs)        000F25
_CCPR4H                             (abs)        000F21
_CCPTMRS0bits                       (abs)        000FAD
_ClickLEDOn                         text64       004772
_Color2String                       text51       0046FC
_Colour2Action                      text25       002C1E
_ForwardFlag                        dataBANK0    0000FE
_Green_L90                          text38       0041B0
_HighISR                            intcode      000008
_Hue2Colour                         text62       00157E
_I2C_2_Master_Idle                  text17       00482E
_I2C_2_Master_Init                  text18       004804
_I2C_2_Master_Read                  text11       00467A
_I2C_2_Master_RepStart              text10       004900
_I2C_2_Master_Start                 text16       004914
_I2C_2_Master_Stop                  text15       00490A
_I2C_2_Master_Write                 text14       0048F4
_INTCONbits                         (abs)        000FF2
_LATAbits                           (abs)        000F79
_LATCbits                           (abs)        000F7B
_LATDbits                           (abs)        000F7C
_LATEbits                           (abs)        000F7D
_LATFbits                           (abs)        000F7E
_LATGbits                           (abs)        000F7F
_LATHbits                           (abs)        000F80
_LED_init                           text24       0048E6
_Left45                             text43       003E9C
_LightBlue_L135                     text37       003C3C
_Orange_R135                        text36       003B98
_PIE0bits                           (abs)        000E29
_PIE4bits                           (abs)        000E2D
_PIR0bits                           (abs)        000E33
_PIR4bits                           (abs)        000E37
_PORTFbits                          (abs)        000F8E
_Pink_rev1_L90                      text34       0037B8
_RC0PPS                             (abs)        000E62
_RC4REG                             (abs)        000EE3
_RC4STAbits                         (abs)        000EE7
_RC7PPS                             (abs)        000E69
_RD5PPS                             (abs)        000E6F
_RD6PPS                             (abs)        000E70
_RE2PPS                             (abs)        000E74
_RE4PPS                             (abs)        000E76
_RG6PPS                             (abs)        000E88
_RGB2Hue                            text19       000E52
_RGB2Hue$3169                       cstackBANK0  000075
_RX4PPS                             (abs)        000E15
_Red_R90                            text33       004134
_Right45                            text39       003F26
_SP4BRGH                            (abs)        000EE6
_SP4BRGL                            (abs)        000EE5
_SSP2ADD                            (abs)        000ED6
_SSP2BUF                            (abs)        000ED5
_SSP2CLKPPS                         (abs)        000E1C
_SSP2CON1bits                       (abs)        000ED9
_SSP2CON2                           (abs)        000EDA
_SSP2CON2bits                       (abs)        000EDA
_SSP2DATPPS                         (abs)        000E1D
_SSP2STAT                           (abs)        000ED8
_T0CON0bits                         (abs)        000FD5
_T0CON1bits                         (abs)        000FD6
_T2CLKCONbits                       (abs)        000FBF
_T2CONbits                          (abs)        000FBD
_T2HLTbits                          (abs)        000FBE
_T2PR                               (abs)        000FBC
_TMR0H                              (abs)        000FD4
_TMR0L                              (abs)        000FD3
_TRISAbits                          (abs)        000F81
_TRISCbits                          (abs)        000F83
_TRISDbits                          (abs)        000F84
_TRISEbits                          (abs)        000F85
_TRISFbits                          (abs)        000F86
_TRISGbits                          (abs)        000F87
_TRISHbits                          (abs)        000F88
_TX4REG                             (abs)        000EE4
_TX4STAbits                         (abs)        000EE8
_TimerReset                         text32       00491E
_White                              text26       0026F2
_Yellow_rev1_R90                    text31       0036D0
__1square                           dataBANK1    00019E
__45dleftdelay                      dataBANK1    0001A2
__45drightdelay                     dataBANK1    0001A0
__HRAM                              (abs)        000000
__Habs1                             abs1         000000
__Hbank0                            bank0        000000
__Hbank1                            bank1        000000
__Hbank10                           bank10       000000
__Hbank11                           bank11       000000
__Hbank12                           bank12       000000
__Hbank13                           bank13       000000
__Hbank2                            bank2        000000
__Hbank3                            bank3        000000
__Hbank4                            bank4        000000
__Hbank5                            bank5        000000
__Hbank6                            bank6        000000
__Hbank7                            bank7        000000
__Hbank8                            bank8        000000
__Hbank9                            bank9        000000
__Hbigbss                           bigbss       000000
__Hbigdata                          bigdata      000000
__Hbigram                           bigram       000000
__Hbigsfr                           bigsfr       000000
__Hbss                              bss          000000
__HbssBANK0                         bssBANK0     000000
__HbssBANK1                         bssBANK1     000000
__Hcinit                            cinit        000000
__Hclrtext                          clrtext      000000
__Hcomram                           comram       000000
__Hconfig                           config       30000C
__Hconst                            const        000000
__HcstackBANK0                      cstackBANK0  000000
__HcstackCOMRAM                     cstackCOMRAM 000000
__Hdata                             data         000000
__HdataBANK0                        dataBANK0    000000
__HdataBANK1                        dataBANK1    000000
__Heeprom_data                      eeprom_data  000000
__Hfarbss                           farbss       000000
__Hfardata                          fardata      000000
__Hheap                             heap         000000
__Hibigdata                         ibigdata     000000
__Hidata                            idata        000000
__HidataBANK0                       idataBANK0   000000
__HidataBANK1                       idataBANK1   000000
__Hidloc                            idloc        200010
__Hifardata                         ifardata     000000
__Hinit                             init         000030
__Hintcode                          intcode      00002C
__Hintcode_body                     intcode_body 000000
__Hintcodelo                        intcodelo    00002C
__Hintentry                         intentry     000000
__Hintret                           intret       000000
__Hintsave_regs                     intsave_regs 000000
__Hirdata                           irdata       000000
__Hmediumconst                      mediumconst  000000
__HnvFARRAM                         nvFARRAM     000000
__Hnvbit                            nvbit        000000
__Hnvrram                           nvrram       000000
__Hparam                            rparam       000000
__Hpowerup                          powerup      00002C
__Hram                              ram          000000
__Hramtop                           ramtop       000E00
__Hrbit                             rbit         000000
__Hrbss                             rbss         000000
__Hrdata                            rdata        000000
__Hreset_vec                        reset_vec    000006
__Hrparam                           rparam       000000
__Hsfr                              sfr          000000
__Hsmallconst                       smallconst   000E52
__Hspace_0                          (abs)        00492B
__Hspace_1                          (abs)        0001A4
__Hspace_2                          (abs)        000000
__Hspace_4                          (abs)        60000C
__Hstack                            stack        000000
__Hstruct                           struct       000000
__Htemp                             temp         000060
__Htext                             text         000000
__Htext0                            text0        000000
__Htext1                            text1        000000
__Htext10                           text10       000000
__Htext11                           text11       000000
__Htext12                           text12       000000
__Htext13                           text13       000000
__Htext14                           text14       000000
__Htext15                           text15       000000
__Htext16                           text16       000000
__Htext17                           text17       000000
__Htext18                           text18       000000
__Htext19                           text19       000000
__Htext2                            text2        000000
__Htext20                           text20       000000
__Htext21                           text21       000000
__Htext22                           text22       000000
__Htext23                           text23       000000
__Htext24                           text24       000000
__Htext25                           text25       000000
__Htext26                           text26       000000
__Htext27                           text27       000000
__Htext28                           text28       000000
__Htext29                           text29       000000
__Htext3                            text3        000000
__Htext30                           text30       000000
__Htext31                           text31       000000
__Htext32                           text32       000000
__Htext33                           text33       000000
__Htext34                           text34       000000
__Htext35                           text35       000000
__Htext36                           text36       000000
__Htext37                           text37       000000
__Htext38                           text38       000000
__Htext39                           text39       000000
__Htext4                            text4        000000
__Htext40                           text40       000000
__Htext41                           text41       000000
__Htext42                           text42       000000
__Htext43                           text43       000000
__Htext44                           text44       000000
__Htext45                           text45       000000
__Htext46                           text46       000000
__Htext47                           text47       000000
__Htext48                           text48       000000
__Htext49                           text49       000000
__Htext5                            text5        000000
__Htext50                           text50       000000
__Htext51                           text51       000000
__Htext52                           text52       000000
__Htext53                           text53       000000
__Htext54                           text54       000000
__Htext55                           text55       000000
__Htext56                           text56       000000
__Htext57                           text57       000000
__Htext58                           text58       000000
__Htext59                           text59       000000
__Htext6                            text6        000000
__Htext60                           text60       000000
__Htext61                           text61       000000
__Htext62                           text62       000000
__Htext63                           text63       000000
__Htext64                           text64       000000
__Htext7                            text7        000000
__Htext8                            text8        000000
__Htext9                            text9        000000
__LRAM                              (abs)        000001
__Labs1                             abs1         000000
__Lbank0                            bank0        000000
__Lbank1                            bank1        000000
__Lbank10                           bank10       000000
__Lbank11                           bank11       000000
__Lbank12                           bank12       000000
__Lbank13                           bank13       000000
__Lbank2                            bank2        000000
__Lbank3                            bank3        000000
__Lbank4                            bank4        000000
__Lbank5                            bank5        000000
__Lbank6                            bank6        000000
__Lbank7                            bank7        000000
__Lbank8                            bank8        000000
__Lbank9                            bank9        000000
__Lbigbss                           bigbss       000000
__Lbigdata                          bigdata      000000
__Lbigram                           bigram       000000
__Lbigsfr                           bigsfr       000000
__Lbss                              bss          000000
__LbssBANK0                         bssBANK0     000000
__LbssBANK1                         bssBANK1     000000
__Lcinit                            cinit        000000
__Lclrtext                          clrtext      000000
__Lcomram                           comram       000000
__Lconfig                           config       000000
__Lconst                            const        000000
__LcstackBANK0                      cstackBANK0  000000
__LcstackCOMRAM                     cstackCOMRAM 000000
__Ldata                             data         000000
__LdataBANK0                        dataBANK0    000000
__LdataBANK1                        dataBANK1    000000
__Leeprom_data                      eeprom_data  000000
__Lfarbss                           farbss       000000
__Lfardata                          fardata      000000
__Lheap                             heap         000000
__Libigdata                         ibigdata     000000
__Lidata                            idata        000000
__LidataBANK0                       idataBANK0   000000
__LidataBANK1                       idataBANK1   000000
__Lidloc                            idloc        000000
__Lifardata                         ifardata     000000
__Linit                             init         00002C
__Lintcode                          intcode      000008
__Lintcode_body                     intcode_body 000000
__Lintcodelo                        intcodelo    00002C
__Lintentry                         intentry     000000
__Lintret                           intret       000000
__Lintsave_regs                     intsave_regs 000000
__Lirdata                           irdata       000000
__Lmediumconst                      mediumconst  000000
__LnvFARRAM                         nvFARRAM     000000
__Lnvbit                            nvbit        000000
__Lnvrram                           nvrram       000000
__Lparam                            rparam       000000
__Lpowerup                          powerup      00002C
__Lram                              ram          000000
__Lramtop                           ramtop       000E00
__Lrbit                             rbit         000000
__Lrbss                             rbss         000000
__Lrdata                            rdata        000000
__Lreset_vec                        reset_vec    000000
__Lrparam                           rparam       000000
__Lsfr                              sfr          000000
__Lsmallconst                       smallconst   000E00
__Lspace_0                          (abs)        000000
__Lspace_1                          (abs)        000000
__Lspace_2                          (abs)        000000
__Lspace_4                          (abs)        000000
__Lstack                            stack        000000
__Lstruct                           struct       000000
__Ltemp                             temp         00005F
__Ltext                             text         000000
__Ltext0                            text0        000000
__Ltext1                            text1        000000
__Ltext10                           text10       000000
__Ltext11                           text11       000000
__Ltext12                           text12       000000
__Ltext13                           text13       000000
__Ltext14                           text14       000000
__Ltext15                           text15       000000
__Ltext16                           text16       000000
__Ltext17                           text17       000000
__Ltext18                           text18       000000
__Ltext19                           text19       000000
__Ltext2                            text2        000000
__Ltext20                           text20       000000
__Ltext21                           text21       000000
__Ltext22                           text22       000000
__Ltext23                           text23       000000
__Ltext24                           text24       000000
__Ltext25                           text25       000000
__Ltext26                           text26       000000
__Ltext27                           text27       000000
__Ltext28                           text28       000000
__Ltext29                           text29       000000
__Ltext3                            text3        000000
__Ltext30                           text30       000000
__Ltext31                           text31       000000
__Ltext32                           text32       000000
__Ltext33                           text33       000000
__Ltext34                           text34       000000
__Ltext35                           text35       000000
__Ltext36                           text36       000000
__Ltext37                           text37       000000
__Ltext38                           text38       000000
__Ltext39                           text39       000000
__Ltext4                            text4        000000
__Ltext40                           text40       000000
__Ltext41                           text41       000000
__Ltext42                           text42       000000
__Ltext43                           text43       000000
__Ltext44                           text44       000000
__Ltext45                           text45       000000
__Ltext46                           text46       000000
__Ltext47                           text47       000000
__Ltext48                           text48       000000
__Ltext49                           text49       000000
__Ltext5                            text5        000000
__Ltext50                           text50       000000
__Ltext51                           text51       000000
__Ltext52                           text52       000000
__Ltext53                           text53       000000
__Ltext54                           text54       000000
__Ltext55                           text55       000000
__Ltext56                           text56       000000
__Ltext57                           text57       000000
__Ltext58                           text58       000000
__Ltext59                           text59       000000
__Ltext6                            text6        000000
__Ltext60                           text60       000000
__Ltext61                           text61       000000
__Ltext62                           text62       000000
__Ltext63                           text63       000000
__Ltext64                           text64       000000
__Ltext7                            text7        000000
__Ltext8                            text8        000000
__Ltext9                            text9        000000
__S0                                (abs)        00492B
__S1                                (abs)        0001A4
__S4                                (abs)        000000
__S5                                (abs)        000000
___fladd                            text21       001A6C
___fladd@a                          cstackCOMRAM 00001E
___fladd@aexp                       cstackCOMRAM 000027
___fladd@b                          cstackCOMRAM 00001A
___fladd@bexp                       cstackCOMRAM 000028
___fladd@grs                        cstackCOMRAM 000029
___fladd@signs                      cstackCOMRAM 000026
___fldiv                            text23       002358
___fldiv@a                          cstackCOMRAM 000036
___fldiv@aexp                       cstackCOMRAM 00004A
___fldiv@b                          cstackCOMRAM 000032
___fldiv@bexp                       cstackCOMRAM 000049
___fldiv@grs                        cstackCOMRAM 000045
___fldiv@new_exp                    cstackCOMRAM 000043
___fldiv@rem                        cstackCOMRAM 00003E
___fldiv@sign                       cstackCOMRAM 000042
___fleq                             text22       003A48
___fleq@ff1                         cstackCOMRAM 000001
___fleq@ff2                         cstackCOMRAM 000005
___flge                             text63       0035CC
___flge@ff1                         cstackCOMRAM 000001
___flge@ff2                         cstackCOMRAM 000005
___flmul                            text30       001F2C
___flmul@a                          cstackCOMRAM 00004F
___flmul@aexp                       cstackBANK0  000065
___flmul@b                          cstackCOMRAM 00004B
___flmul@bexp                       cstackBANK0  000066
___flmul@grs                        cstackBANK0  000061
___flmul@prod                       cstackBANK0  000067
___flmul@sign                       cstackBANK0  000060
___flmul@temp                       cstackBANK0  00006B
___flsub                            text20       004634
___flsub@a                          cstackCOMRAM 00002E
___flsub@b                          cstackCOMRAM 00002A
___fltol                            text29       0033BE
___fltol@exp1                       cstackBANK0  00006E
___fltol@f1                         cstackCOMRAM 000057
___fltol@sign1                      cstackBANK0  00006D
___heap_hi                          (abs)        000000
___heap_lo                          (abs)        000000
___inthi_sp                         stack        000000
___intlo_sp                         stack        000000
___lwdiv                            text50       00422C
___lwdiv@counter                    cstackCOMRAM 00000D
___lwdiv@dividend                   cstackCOMRAM 000007
___lwdiv@divisor                    cstackCOMRAM 000009
___lwdiv@quotient                   cstackCOMRAM 00000B
___param_bank                       (abs)        000000
___rparam_used                      (abs)        000001
___sp                               stack        000000
___wmul                             text49       004856
___wmul@multiplicand                cstackCOMRAM 000003
___wmul@multiplier                  cstackCOMRAM 000001
___wmul@product                     cstackCOMRAM 000005
___xxtofl                           text28       002E08
___xxtofl@arg                       cstackCOMRAM 000016
___xxtofl@exp                       cstackCOMRAM 000015
___xxtofl@sign                      cstackCOMRAM 000014
___xxtofl@val                       cstackCOMRAM 00000C
__accesstop                         (abs)        000060
__activetblptr                      (abs)        000002
__end_of_Blue_T180                  text41       0043B6
__end_of_ClickLEDOn                 text64       0047A6
__end_of_Color2String               text51       00473A
__end_of_Colour2Action              text25       002E08
__end_of_Green_L90                  text38       00422C
__end_of_HighISR                    intcode      00002C
__end_of_Hue2Colour                 text62       001A6C
__end_of_I2C_2_Master_Idle          text17       004856
__end_of_I2C_2_Master_Init          text18       00482E
__end_of_I2C_2_Master_Read          text11       0046BC
__end_of_I2C_2_Master_RepStart      text10       00490A
__end_of_I2C_2_Master_Start         text16       00491E
__end_of_I2C_2_Master_Stop          text15       004914
__end_of_I2C_2_Master_Write         text14       004900
__end_of_LED_init                   text24       0048F4
__end_of_Left45                     text43       003F26
__end_of_LightBlue_L135             text37       003CE0
__end_of_Orange_R135                text36       003C3C
__end_of_Pink_rev1_L90              text34       0038A0
__end_of_RGB2Hue                    text19       00157E
__end_of_Red_R90                    text33       0041B0
__end_of_Right45                    text39       003FAE
__end_of_TimerReset                 text32       004928
__end_of_White                      text26       002A2C
__end_of_Yellow_rev1_R90            text31       0037B8
__end_of___fladd                    text21       001F2C
__end_of___fldiv                    text23       0026F2
__end_of___fleq                     text22       003AF2
__end_of___flge                     text63       0036D0
__end_of___flmul                    text30       002358
__end_of___flsub                    text20       00467A
__end_of___fltol                    text29       0034C6
__end_of___lwdiv                    text50       0042A0
__end_of___wmul                     text49       00487C
__end_of___xxtofl                   text28       002FBC
__end_of__initialization            cinit        004354
__end_of_color_click_init           text12       0046FC
__end_of_color_read_Blue            text9        004548
__end_of_color_read_Clear           text8        0044F8
__end_of_color_read_Green           text7        0044A8
__end_of_color_read_Red             text6        004458
__end_of_color_writetoaddr          text13       0048BE
__end_of_colour_read_all            text5        0035CC
__end_of_fputc                      text58       003A48
__end_of_fullSpeedAhead             text35       0040B4
__end_of_fullSpeedReverse           text47       004134
__end_of_getTimerValue              text27       00430A
__end_of_initDCmotorsPWM            text4        003E9C
__end_of_initUSART4                 text3        00489E
__end_of_main                       text0        002C1E
__end_of_memoryUpdateMovement       text2        0047D6
__end_of_memoryUpdateTime           text1        004804
__end_of_putch                      text59       00492A
__end_of_reverseHalfSquare          text45       004034
__end_of_rotate180left              text42       004408
__end_of_sendCharSerial4            text61       0048D6
__end_of_sendStringSerial4          text60       004772
__end_of_setMotorPWM                text48       003128
__end_of_sprintf                    text52       0045E6
__end_of_stoa                       text56       0033BE
__end_of_stop                       text46       003B98
__end_of_strlen                     text57       004598
__end_of_strncmp                    text55       00397E
__end_of_turnLeft                   text44       003E0C
__end_of_turnRight                  text40       003D76
__end_of_vfpfcnvrt                  text54       003282
__end_of_vfprintf                   text53       004634
__halfsquare                        dataBANK1    00019C
__initialization                    cinit        00430A
__mediumconst                       mediumconst  000000
__pbssBANK0                         bssBANK0     0000F0
__pbssBANK1                         bssBANK1     000100
__pcinit                            cinit        00430A
__pcstackBANK0                      cstackBANK0  000060
__pcstackCOMRAM                     cstackCOMRAM 000001
__pdataBANK0                        dataBANK0    0000FE
__pdataBANK1                        dataBANK1    000195
__pidataBANK0                       idataBANK0   00492A
__pidataBANK1                       idataBANK1   0048D6
__pintcode                          intcode      000008
__psmallconst                       smallconst   000E00
__ptext0                            text0        002A2C
__ptext1                            text1        0047D6
__ptext10                           text10       004900
__ptext11                           text11       00467A
__ptext12                           text12       0046BC
__ptext13                           text13       00489E
__ptext14                           text14       0048F4
__ptext15                           text15       00490A
__ptext16                           text16       004914
__ptext17                           text17       00482E
__ptext18                           text18       004804
__ptext19                           text19       000E52
__ptext2                            text2        0047A6
__ptext20                           text20       004634
__ptext21                           text21       001A6C
__ptext22                           text22       003A48
__ptext23                           text23       002358
__ptext24                           text24       0048E6
__ptext25                           text25       002C1E
__ptext26                           text26       0026F2
__ptext27                           text27       0042A0
__ptext28                           text28       002E08
__ptext29                           text29       0033BE
__ptext3                            text3        00487C
__ptext30                           text30       001F2C
__ptext31                           text31       0036D0
__ptext32                           text32       00491E
__ptext33                           text33       004134
__ptext34                           text34       0037B8
__ptext35                           text35       004034
__ptext36                           text36       003B98
__ptext37                           text37       003C3C
__ptext38                           text38       0041B0
__ptext39                           text39       003F26
__ptext4                            text4        003E0C
__ptext40                           text40       003CE0
__ptext41                           text41       004362
__ptext42                           text42       0043B6
__ptext43                           text43       003E9C
__ptext44                           text44       003D76
__ptext45                           text45       003FAE
__ptext46                           text46       003AF2
__ptext47                           text47       0040B4
__ptext48                           text48       002FBC
__ptext49                           text49       004856
__ptext5                            text5        0034C6
__ptext50                           text50       00422C
__ptext51                           text51       0046FC
__ptext52                           text52       004598
__ptext53                           text53       0045E6
__ptext54                           text54       003128
__ptext55                           text55       0038A0
__ptext56                           text56       003282
__ptext57                           text57       004548
__ptext58                           text58       00397E
__ptext59                           text59       004928
__ptext6                            text6        004408
__ptext60                           text60       00473A
__ptext61                           text61       0048BE
__ptext62                           text62       00157E
__ptext63                           text63       0035CC
__ptext64                           text64       004772
__ptext7                            text7        004458
__ptext8                            text8        0044A8
__ptext9                            text9        0044F8
__ramtop                            ramtop       000E00
__smallconst                        smallconst   000E00
_color_click_init                   text12       0046BC
_color_read_Blue                    text9        0044F8
_color_read_Clear                   text8        0044A8
_color_read_Green                   text7        004458
_color_read_Red                     text6        004408
_color_writetoaddr                  text13       00489E
_colorf                             bssBANK1     000176
_colour_read_all                    text5        0034C6
_flags                              bssBANK0     0000F4
_fputc                              text58       00397E
_fullSpeedAhead                     text35       004034
_fullSpeedReverse                   text47       0040B4
_getTimerValue                      text27       0042A0
_initDCmotorsPWM                    text4        003E0C
_initUSART4                         text3        00487C
_main                               text0        002A2C
_maxTime                            bssBANK1     000124
_memoryUpdateMovement               text2        0047A6
_memoryUpdateTime                   text1        0047D6
_motorL                             bssBANK0     0000F5
_motorR                             bssBANK1     00018C
_movementCount                      bssBANK0     0000F2
_movementMemory                     bssBANK1     00014E
_prec                               bssBANK1     000122
_putch                              text59       004928
_retracingDone                      bssBANK0     0000F0
_reverseHalfSquare                  text45       003FAE
_rotate180left                      text42       0043B6
_sendCharSerial4                    text61       0048BE
_sendStringSerial4                  text60       00473A
_setMotorPWM                        text48       002FBC
_sprintf                            text52       004598
_stoa                               text56       003282
_stop                               text46       003AF2
_strlen                             text57       004548
_strncmp                            text55       0038A0
_timerMemory                        bssBANK1     000126
_turnLeft                           text44       003D76
_turnRight                          text40       003CE0
_vfpfcnvrt                          text54       003128
_vfpfcnvrt$2880                     cstackCOMRAM 000028
_vfprintf                           text53       0045E6
_width                              bssBANK1     000120
btemp                               temp         00005F
color_read_Blue@tmp                 cstackCOMRAM 00000A
color_read_Clear@tmp                cstackCOMRAM 00000A
color_read_Green@tmp                cstackCOMRAM 00000A
color_read_Red@tmp                  cstackCOMRAM 00000A
color_writetoaddr@address           cstackCOMRAM 000004
color_writetoaddr@value             cstackCOMRAM 000003
colour_read_all@B                   cstackCOMRAM 000024
colour_read_all@C                   cstackCOMRAM 000028
colour_read_all@G                   cstackCOMRAM 000020
colour_read_all@R                   cstackCOMRAM 00001C
colour_read_all@cf                  cstackCOMRAM 00001A
end_of_initialization               cinit        004354
fputc@c                             cstackCOMRAM 000001
fputc@fp                            cstackCOMRAM 000003
fullSpeedAhead@i                    cstackCOMRAM 000019
fullSpeedAhead@mL                   cstackCOMRAM 000014
fullSpeedAhead@mR                   cstackCOMRAM 000016
fullSpeedReverse@i                  cstackCOMRAM 000019
fullSpeedReverse@mL                 cstackCOMRAM 000014
fullSpeedReverse@mR                 cstackCOMRAM 000016
getTimerValue@timerCount            cstackBANK0  000073
initDCmotorsPWM@PWMperiod           cstackCOMRAM 000001
int$flags                           temp         00005F
intlevel0                           text         000000
intlevel1                           text         000000
intlevel2                           text         000000
intlevel3                           text         000000
isa$std                             (abs)        000001
isa$xinst                           (abs)        000000
main@data                           cstackBANK0  00008B
main@wall                           cstackBANK0  0000EF
memoryUpdateMovement@cf             cstackCOMRAM 000001
memoryUpdateMovement@colourcode     cstackCOMRAM 000007
memoryUpdateMovement@movementCount  cstackCOMRAM 000003
memoryUpdateMovement@movementMemory cstackCOMRAM 000005
memoryUpdateTime@movementCount      cstackBANK0  000075
memoryUpdateTime@timerMemory        cstackBANK0  000077
memoryUpdateTime@timerVal           cstackBANK0  000079
reverseHalfSquare@mL                cstackCOMRAM 00001B
reverseHalfSquare@mR                cstackCOMRAM 00001D
rotate180left@mL                    cstackCOMRAM 000020
rotate180left@mR                    cstackCOMRAM 000022
sendCharSerial4@charToSend          cstackCOMRAM 000001
sendStringSerial4@string            cstackCOMRAM 000002
setMotorPWM@m                       cstackCOMRAM 00000E
setMotorPWM@negDuty                 cstackCOMRAM 000013
setMotorPWM@posDuty                 cstackCOMRAM 000012
sprintf@ap                          cstackCOMRAM 000038
sprintf@f                           cstackCOMRAM 00003A
sprintf@fmt                         cstackCOMRAM 000034
sprintf@s                           cstackCOMRAM 000032
stackhi                             (abs)        000000
stacklo                             (abs)        000000
start                               init         00002C
start_initialization                cinit        00430A
stoa@F1144                          dataBANK1    000195
stoa@cp                             cstackCOMRAM 00001A
stoa@fp                             cstackCOMRAM 00000A
stoa@i                              cstackCOMRAM 000018
stoa@l                              cstackCOMRAM 00001C
stoa@nuls                           cstackCOMRAM 00000F
stoa@p                              cstackCOMRAM 00001E
stoa@s                              cstackCOMRAM 00000C
stoa@w                              cstackCOMRAM 000016
stop@mL                             cstackCOMRAM 000014
stop@mR                             cstackCOMRAM 000016
strlen@a                            cstackCOMRAM 000003
strlen@s                            cstackCOMRAM 000001
strncmp@_l                          cstackCOMRAM 000001
strncmp@_r                          cstackCOMRAM 000003
strncmp@l                           cstackCOMRAM 000008
strncmp@n                           cstackCOMRAM 000005
strncmp@r                           cstackCOMRAM 00000A
ttemp5                              temp         000060
ttemp6                              temp         000063
ttemp7                              temp         000067
turnLeft@i                          cstackCOMRAM 000018
turnLeft@mL                         cstackCOMRAM 000014
turnLeft@mR                         cstackCOMRAM 000016
turnRight@i                         cstackCOMRAM 000018
turnRight@mL                        cstackCOMRAM 000014
turnRight@mR                        cstackCOMRAM 000016
vfpfcnvrt@ap                        cstackCOMRAM 000024
vfpfcnvrt@fmt                       cstackCOMRAM 000022
vfpfcnvrt@fp                        cstackCOMRAM 000020
vfprintf@ap                         cstackCOMRAM 00002E
vfprintf@cfmt                       cstackCOMRAM 000030
vfprintf@fmt                        cstackCOMRAM 00002C
vfprintf@fp                         cstackCOMRAM 00002A
wtemp8                              temp         000060


MODULE INFORMATION

Module		Function		Class		Link	Load	Size
C:\Program Files\Microchip\xc8\v2.40\pic\sources\c99\common\sprcmul.c
		___flmul       		CODE           	1F2C	0000	1068

C:\Program Files\Microchip\xc8\v2.40\pic\sources\c99\common\sprcmul.c estimated size: 1068

C:\Program Files\Microchip\xc8\v2.40\pic\sources\c99\common\nf_fputc.c
		_fputc         		CODE           	397E	0000	202

C:\Program Files\Microchip\xc8\v2.40\pic\sources\c99\common\nf_fputc.c estimated size: 202

serial.c
		_sendStringSerial4		CODE           	473A	0000	56
		_sendCharSerial4		CODE           	48BE	0000	24
		_Color2String  		CODE           	46FC	0000	62
		_initUSART4    		CODE           	487C	0000	34

serial.c estimated size: 176

C:\Program Files\Microchip\xc8\v2.40\pic\sources\c99\common\sprcdiv.c
		___fldiv       		CODE           	2358	0000	922

C:\Program Files\Microchip\xc8\v2.40\pic\sources\c99\common\sprcdiv.c estimated size: 922

colorfunctions.c
		_Hue2Colour    		CODE           	157E	0000	1262
		_Colour2Action 		CODE           	2C1E	0000	490
		_RGB2Hue       		CODE           	0E52	0000	1836
		_colour_read_all		CODE           	34C6	0000	262

colorfunctions.c estimated size: 3850

C:\Program Files\Microchip\xc8\v2.40\pic\sources\c99\common\lwdiv.c
		___lwdiv       		CODE           	422C	0000	116

C:\Program Files\Microchip\xc8\v2.40\pic\sources\c99\common\lwdiv.c estimated size: 116

C:\Program Files\Microchip\xc8\v2.40\pic\sources\c99\common\nf_sprintf.c
		_sprintf       		CODE           	4598	0000	78

C:\Program Files\Microchip\xc8\v2.40\pic\sources\c99\common\nf_sprintf.c estimated size: 78

C:\Program Files\Microchip\xc8\v2.40\pic\sources\c99\common\fltol.c
		___fltol       		CODE           	33BE	0000	264

C:\Program Files\Microchip\xc8\v2.40\pic\sources\c99\common\fltol.c estimated size: 264

LED.c
		_LED_init      		CODE           	48E6	0000	14

LED.c estimated size: 14

C:\Program Files\Microchip\xc8\v2.40\pic\sources\c99\common\Umul16.c
		___wmul        		CODE           	4856	0000	38

C:\Program Files\Microchip\xc8\v2.40\pic\sources\c99\common\Umul16.c estimated size: 38

C:\Program Files\Microchip\xc8\v2.40\pic\sources\c99\common\fleq.c
		___fleq        		CODE           	3A48	0000	170

C:\Program Files\Microchip\xc8\v2.40\pic\sources\c99\common\fleq.c estimated size: 170

dc_motor.c
		_fullSpeedReverse		CODE           	40B4	0000	128
		_White         		CODE           	26F2	0000	826
		_reverseHalfSquare		CODE           	3FAE	0000	134
		_fullSpeedAhead		CODE           	4034	0000	128
		_turnLeft      		CODE           	3D76	0000	150
		_Green_L90     		CODE           	41B0	0000	124
		_stop          		CODE           	3AF2	0000	166
		_Pink_rev1_L90 		CODE           	37B8	0000	232
		_initDCmotorsPWM		CODE           	3E0C	0000	144
		_turnRight     		CODE           	3CE0	0000	150
		_Red_R90       		CODE           	4134	0000	124
		_setMotorPWM   		CODE           	2FBC	0000	364
		_rotate180left 		CODE           	43B6	0000	82
		_Left45        		CODE           	3E9C	0000	138
		_LightBlue_L135		CODE           	3C3C	0000	164
		_Blue_T180     		CODE           	4362	0000	84
		_Yellow_rev1_R90		CODE           	36D0	0000	232
		_Orange_R135   		CODE           	3B98	0000	164
		_Right45       		CODE           	3F26	0000	136

dc_motor.c estimated size: 3670

interrupts.c
		_HighISR       		CODE           	0008	0000	36

interrupts.c estimated size: 36

C:\Program Files\Microchip\xc8\v2.40\pic\sources\c99\common\strncmp.c
		_strncmp       		CODE           	38A0	0000	222

C:\Program Files\Microchip\xc8\v2.40\pic\sources\c99\common\strncmp.c estimated size: 222

timer.c
		_getTimerValue 		CODE           	42A0	0000	106
		_TimerReset    		CODE           	491E	0000	10

timer.c estimated size: 116

colorclick.c
		_ClickLEDOn    		CODE           	4772	0000	52
		_color_writetoaddr		CODE           	489E	0000	32
		_color_click_init		CODE           	46BC	0000	64
		_color_read_Green		CODE           	4458	0000	80
		_color_read_Clear		CODE           	44A8	0000	80
		_color_read_Red		CODE           	4408	0000	80
		_color_read_Blue		CODE           	44F8	0000	80

colorclick.c estimated size: 468

i2c.c
		_I2C_2_Master_Start		CODE           	4914	0000	10
		_I2C_2_Master_Read		CODE           	467A	0000	66
		_I2C_2_Master_Idle		CODE           	482E	0000	40
		_I2C_2_Master_Init		CODE           	4804	0000	42
		_I2C_2_Master_Stop		CODE           	490A	0000	10
		_I2C_2_Master_RepStart		CODE           	4900	0000	10
		_I2C_2_Master_Write		CODE           	48F4	0000	12

i2c.c estimated size: 190

C:\Program Files\Microchip\xc8\v2.40\pic\sources\c99\common\sprcadd.c
		___flsub       		CODE           	4634	0000	70
		___fladd       		CODE           	1A6C	0000	1216

C:\Program Files\Microchip\xc8\v2.40\pic\sources\c99\common\sprcadd.c estimated size: 1286

C:\Program Files\Microchip\xc8\v2.40\pic\sources\c99\common\xxtofl.c
		___xxtofl      		CODE           	2E08	0000	436

C:\Program Files\Microchip\xc8\v2.40\pic\sources\c99\common\xxtofl.c estimated size: 436

C:\Program Files\Microchip\xc8\v2.40\pic\sources\c99\common\strlen.c
		_strlen        		CODE           	4548	0000	80

C:\Program Files\Microchip\xc8\v2.40\pic\sources\c99\common\strlen.c estimated size: 80

shared
		__initialization		CODE           	430A	0000	74

shared estimated size: 74

C:\Program Files\Microchip\xc8\v2.40\pic\sources\c99\common\flge.c
		___flge        		CODE           	35CC	0000	260

C:\Program Files\Microchip\xc8\v2.40\pic\sources\c99\common\flge.c estimated size: 260

C:\Program Files\Microchip\xc8\v2.40\pic\sources\c99\common\putch.c
		_putch         		CODE           	4928	0000	2

C:\Program Files\Microchip\xc8\v2.40\pic\sources\c99\common\putch.c estimated size: 2

C:\Program Files\Microchip\xc8\v2.40\pic\sources\c99\common\doprnt.c
		_vfpfcnvrt     		CODE           	3128	0000	346
		_vfprintf      		CODE           	45E6	0000	78
		_stoa          		CODE           	3282	0000	316

C:\Program Files\Microchip\xc8\v2.40\pic\sources\c99\common\doprnt.c estimated size: 740

main.c
		_main          		CODE           	2A2C	0000	498

main.c estimated size: 498

memory.c
		_memoryUpdateTime		CODE           	47D6	0000	46
		_memoryUpdateMovement		CODE           	47A6	0000	48

memory.c estimated size: 94

