Microchip MPLAB XC8 Compiler V2.40

Linker command line:

-W-3 \
  --edf=C:\Program Files\Microchip\xc8\v2.40\pic\dat\20220703182018_en.msgs \
  -cn -h+dist/default/production\final-project-olivier.production.sym \
  --cmf=dist/default/production\final-project-olivier.production.cmf -z \
  -Q18F67K40 -oC:\Users\Windows\AppData\Local\Temp\xcAsbg8.4 \
  --defsym=__MPLAB_BUILD=1 --fixupoverflow=error \
  -Mdist/default/production/final-project-olivier.production.map \
  --md=C:\Users\Windows\AppData\Local\Temp\xcAsbg8.dat -E1 \
  -ver=XC8 Compiler --acfsm=1493 -ACODE=00h-01FFFFh -ACONST=00h-01FFFFh \
  -ASMALLCONST=0E00h-0EFFhx498 -AMEDIUMCONST=0E00h-0FFFFh,010E00h-01FFFFh \
  -ACOMRAM=01h-05Fh -AABS1=00h-0DE9h -ABIGRAM=01h-0DE9h \
  -ARAM=060h-0FFh,0100h-01FFhx12,0D00h-0DE9h -ABANK0=060h-0FFh \
  -ABANK1=0100h-01FFh -ABANK2=0200h-02FFh -ABANK3=0300h-03FFh \
  -ABANK4=0400h-04FFh -ABANK5=0500h-05FFh -ABANK6=0600h-06FFh \
  -ABANK7=0700h-07FFh -ABANK8=0800h-08FFh -ABANK9=0900h-09FFh \
  -ABANK10=0A00h-0AFFh -ABANK11=0B00h-0BFFh -ABANK12=0C00h-0CFFh \
  -ABANK13=0D00h-0DE9h \
  -ASFR=0DEFh-0DFFh,0E00h-0EFFh,0F00h-0F5Fh,0F60h-0FFFh \
  -ABIGSFR=0DEFh-0FFFh -ACONFIG=0300000h-030000Bh -AIDLOC=0200000h-020000Fh \
  -AEEDATA=0310000h-03103FFh -peeprom_data=EEDATA \
  -preset_vec=00h,intcode=08h,intcodelo,powerup,init -pramtop=0E00h \
  -psmallconst=SMALLCONST -pmediumconst=MEDIUMCONST -pconst=CONST \
  -AFARRAM=00h-00h \
  -prdata=COMRAM,nvrram=COMRAM,nvbit=COMRAM,rbss=COMRAM,rbit=COMRAM \
  -pfarbss=FARRAM,fardata=FARRAM,nvFARRAM=FARRAM \
  -pintsave_regs=BIGRAM,bigbss=BIGRAM,bigdata=BIGRAM -pbss=RAM \
  -pidata=CODE,irdata=CODE,ibigdata=CODE,ifardata=CODE -prparam=COMRAM \
  C:\Users\Windows\AppData\Local\Temp\xcAsbg8.o \
  dist/default/production\final-project-olivier.production.o 

Object code version is 3.11

Machine type is 18F67K40



                Name                               Link     Load   Length Selector   Space Scale
C:\Users\Windows\AppData\Local\Temp\xcAsbg8.o
                idloc                            200000   200000       10        0       5
                config                           300000   300000        C        0       4
                init                                 2C       2C        4        4       0
                reset_vec                             0        0        4        0       0
dist/default/production\final-project-olivier.production.o
                intcode                               8        8       24        4       0
                idloc                            200000   200000       10        0       5
                config                           300000   300000        C        0       4
                temp                                 5F       5F        1        1       1
                smallconst                          E00      E00       66      700       0
                text55                             443E     443E       34      733       0
                text54                             4070     4070       74      733       0
                text53                             44F4     44F4       26      733       0
                text52                             332E     332E      16C      733       0
                text51                             3EF8     3EF8       80      733       0
                text50                             389E     389E       A6      733       0
                text49                             3DF2     3DF2       86      733       0
                text48                             3BB8     3BB8       96      733       0
                text47                             3D68     3D68       8A      733       0
                text46                             419A     419A       52      733       0
                text45                             4146     4146       54      733       0
                text44                             3B22     3B22       96      733       0
                text43                             3CDE     3CDE       8A      733       0
                text42                             3FF4     3FF4       7C      733       0
                text41                             39E8     39E8       A4      733       0
                text40                             3944     3944       A4      733       0
                text39                             37F6     37F6       A8      733       0
                text38                             3F78     3F78       7C      733       0
                text37                             45D0     45D0        A     22D9       0
                text36                             374E     374E       A8      733       0
                text35                             1A94     1A94      4C0      733       0
                text34                             35A0     35A0      104      733       0
                text33                             3E78     3E78       80      733       0
                text32                             23BE     23BE      42A      733       0
                text31                             317A     317A      1B4      733       0
                text30                             40E4     40E4       62      733       0
                text29                             1F54     1F54      46A      733       0
                text28                             2FC6     2FC6      1B4      733       0
                text27                             1592     1592      502      733       0
                text26                             459A     459A        C      733       0
                text25                             4580     4580        E      733       0
                text24                             27E8     27E8      39C      733       0
                text23                             36A4     36A4       AA      733       0
                text22                             4376     4376       46      733       0
                text21                             349A     349A      106      733       0
                text20                              E66      E66      72C      733       0
                text19                             451A     451A       24      733       0
                text18                             44A2     44A2       2A      733       0
                text17                             44CC     44CC       28      733       0
                text16                             45C6     45C6        A     22D9       0
                text15                             45BC     45BC        A     22D9       0
                text14                             458E     458E        C      733       0
                text13                             4560     4560       20      733       0
                text12                             43FE     43FE       40      733       0
                text11                             43BC     43BC       42      733       0
                text10                             45B2     45B2        A     22D9       0
                text9                              42DC     42DC       50      733       0
                text8                              428C     428C       50      733       0
                text7                              423C     423C       50      733       0
                text6                              41EC     41EC       50      733       0
                text5                              2B84     2B84      230      733       0
                text4                              3C4E     3C4E       90      733       0
                text3                              453E     453E       22      733       0
                text2                              4472     4472       30      733       0
                text1                              3A8C     3A8C       96      733       0
                text0                              2DB4     2DB4      212      733       0
                cstackCOMRAM                          1        1       5E        1       1
                cstackBANK0                          C2       C2       2C       60       1
                bssBANK1                            100      100       50      100       1
                dataBANK0                            EE       EE        B       60       1
                bssBANK0                             60       60       62       60       1
                cinit                              432C     432C       4A      733       0
                idataBANK0                         45A6     45A6        B      733       0

TOTAL           Name                               Link     Load   Length     Space
        CLASS   CODE           
                intcode                               8        8       24         0
                init                                 2C       2C        4         0
                reset_vec                             0        0        4         0
                text55                             443E     443E       34         0
                text54                             4070     4070       74         0
                text53                             44F4     44F4       26         0
                text52                             332E     332E      16C         0
                text51                             3EF8     3EF8       80         0
                text50                             389E     389E       A6         0
                text49                             3DF2     3DF2       86         0
                text48                             3BB8     3BB8       96         0
                text47                             3D68     3D68       8A         0
                text46                             419A     419A       52         0
                text45                             4146     4146       54         0
                text44                             3B22     3B22       96         0
                text43                             3CDE     3CDE       8A         0
                text42                             3FF4     3FF4       7C         0
                text41                             39E8     39E8       A4         0
                text40                             3944     3944       A4         0
                text39                             37F6     37F6       A8         0
                text38                             3F78     3F78       7C         0
                text37                             45D0     45D0        A         0
                text36                             374E     374E       A8         0
                text35                             1A94     1A94      4C0         0
                text34                             35A0     35A0      104         0
                text33                             3E78     3E78       80         0
                text32                             23BE     23BE      42A         0
                text31                             317A     317A      1B4         0
                text30                             40E4     40E4       62         0
                text29                             1F54     1F54      46A         0
                text28                             2FC6     2FC6      1B4         0
                text27                             1592     1592      502         0
                text26                             459A     459A        C         0
                text25                             4580     4580        E         0
                text24                             27E8     27E8      39C         0
                text23                             36A4     36A4       AA         0
                text22                             4376     4376       46         0
                text21                             349A     349A      106         0
                text20                              E66      E66      72C         0
                text19                             451A     451A       24         0
                text18                             44A2     44A2       2A         0
                text17                             44CC     44CC       28         0
                text16                             45C6     45C6        A         0
                text15                             45BC     45BC        A         0
                text14                             458E     458E        C         0
                text13                             4560     4560       20         0
                text12                             43FE     43FE       40         0
                text11                             43BC     43BC       42         0
                text10                             45B2     45B2        A         0
                text9                              42DC     42DC       50         0
                text8                              428C     428C       50         0
                text7                              423C     423C       50         0
                text6                              41EC     41EC       50         0
                text5                              2B84     2B84      230         0
                text4                              3C4E     3C4E       90         0
                text3                              453E     453E       22         0
                text2                              4472     4472       30         0
                text1                              3A8C     3A8C       96         0
                text0                              2DB4     2DB4      212         0
                cinit                              432C     432C       4A         0
                idataBANK0                         45A6     45A6        B         0

        CLASS   CONST          

        CLASS   SMALLCONST     
                smallconst                          E00      E00       66         0

        CLASS   MEDIUMCONST    

        CLASS   COMRAM         
                temp                                 5F       5F        1         1
                cstackCOMRAM                          1        1       5E         1

        CLASS   ABS1           

        CLASS   BIGRAM         

        CLASS   RAM            

        CLASS   BANK0          
                cstackBANK0                          C2       C2       2C         1
                dataBANK0                            EE       EE        B         1
                bssBANK0                             60       60       62         1

        CLASS   BANK1          
                bssBANK1                            100      100       50         1

        CLASS   BANK2          

        CLASS   BANK3          

        CLASS   BANK4          

        CLASS   BANK5          

        CLASS   BANK6          

        CLASS   BANK7          

        CLASS   BANK8          

        CLASS   BANK9          

        CLASS   BANK10         

        CLASS   BANK11         

        CLASS   BANK12         

        CLASS   BANK13         

        CLASS   SFR            

        CLASS   BIGSFR         

        CLASS   CONFIG         
                config                           300000   300000        C         4

        CLASS   IDLOC          
                idloc                            200000   200000       10         5

        CLASS   EEDATA         

        CLASS   FARRAM         

        CLASS   HEAP           

        CLASS   STACK          



SEGMENTS        Name                           Load    Length   Top    Selector   Space  Class

                reset_vec                      000000  000004  000004         0       0  CODE    
                cstackCOMRAM                   000001  00005F  000060         1       1  COMRAM  
                intcode                        000008  000028  000030         4       0  CODE    
                bssBANK0                       000060  000099  0000F9        60       1  BANK0   
                bssBANK1                       000100  000050  000150       100       1  BANK1   
                smallconst                     000E00  000066  000E66       700       0  SMALLCON
                text20                         000E66  00374B  0045B1       733       0  CODE    
                text10                         0045B2  000028  0045DA      22D9       0  CODE    


UNUSED ADDRESS RANGES

        Name                Unused          Largest block    Delta
        BANK0            0000F9-0000FF                7
        BANK1            000150-0001FF               B0
        BANK10           000A00-000AFF              100
        BANK11           000B00-000BFF              100
        BANK12           000C00-000CFF              100
        BANK13           000D00-000DE9               EA
        BANK2            000200-0002FF              100
        BANK3            000300-0003FF              100
        BANK4            000400-0004FF              100
        BANK5            000500-0005FF              100
        BANK6            000600-0006FF              100
        BANK7            000700-0007FF              100
        BANK8            000800-0008FF              100
        BANK9            000900-0009FF              100
        BIGRAM           0000F9-0000FF                7
                         000150-000DE9              C9A
        BIGSFR           000DEF-000FFF              211
        CODE             000004-000007                4
                         000030-000DFF              DD0
                         0045B1-0045B1                1
                         0045DA-01FFFF            1BA26
        CONST            000004-000007                4
                         000030-000DFF              DD0
                         0045B1-0045B1                1
                         0045DA-01FFFF            1BA26
        EEDATA           310000-3103FF              400
        MEDIUMCONST      0045B1-0045B1                1
                         0045DA-00FFFF             BA26
                         010E00-01FFFF             F200
        RAM              0000F9-0000FF                7
                         000150-000DE9              100
        SFR              000DEF-000FFF              100
        SMALLCONST       0045B1-0045B1                1
                         0045DA-01FFFF              100

                                  Symbol Table

?_Hue2Colour                        cstackCOMRAM 000057
?___fladd                           cstackCOMRAM 00003B
?___fldiv                           cstackCOMRAM 000053
?___flmul                           cstackCOMRAM 00001A
?___flsub                           cstackCOMRAM 00004B
?___fltol                           cstackCOMRAM 000001
?___lwdiv                           cstackCOMRAM 000007
?___wmul                            cstackCOMRAM 000001
?___xxtofl                          cstackCOMRAM 00000C
?_color_read_Blue                   cstackCOMRAM 000005
?_color_read_Clear                  cstackCOMRAM 000005
?_color_read_Green                  cstackCOMRAM 000005
?_color_read_Red                    cstackCOMRAM 000005
?_getTimerValue                     cstackCOMRAM 000033
Blue_T180@mL                        cstackCOMRAM 000024
Blue_T180@mR                        cstackCOMRAM 000026
ClickLEDOn@power                    cstackCOMRAM 000001
Colour2Action@cf                    cstackCOMRAM 00005B
Green_L90@mL                        cstackCOMRAM 000021
Green_L90@mR                        cstackCOMRAM 000023
Hue2Colour@cf                       cstackCOMRAM 000057
Hue2Colour@colourname               cstackCOMRAM 00005B
Hue2Colour@rel                      cstackCOMRAM 000059
I2C_2_Master_Read@ack               cstackCOMRAM 000003
I2C_2_Master_Read@tmp               cstackCOMRAM 000004
I2C_2_Master_Write@data_byte        cstackCOMRAM 000002
Left45@mL                           cstackCOMRAM 00001A
Left45@mR                           cstackCOMRAM 00001C
LightBlue_L135@mL                   cstackCOMRAM 000021
LightBlue_L135@mR                   cstackCOMRAM 000023
Orange_R135@mL                      cstackCOMRAM 000021
Orange_R135@mR                      cstackCOMRAM 000023
Pink_rev1_L90@mL                    cstackCOMRAM 000021
Pink_rev1_L90@mR                    cstackCOMRAM 000023
RGB2Hue@cf                          cstackBANK0  0000CF
RGB2Hue@max                         cstackBANK0  0000D9
RGB2Hue@min                         cstackBANK0  0000DB
Red_R90@mL                          cstackCOMRAM 000021
Red_R90@mR                          cstackCOMRAM 000023
Right45@mL                          cstackCOMRAM 00001A
Right45@mR                          cstackCOMRAM 00001C
White@i                             cstackBANK0  0000D0
White@mL                            cstackBANK0  0000C2
White@mR                            cstackBANK0  0000C4
White@movementCount                 cstackBANK0  0000C6
White@movementMemory                cstackBANK0  0000C8
White@tempTimer                     cstackBANK0  0000CC
White@timerMemory                   cstackBANK0  0000CA
Yellow_rev1_R90@mL                  cstackCOMRAM 000021
Yellow_rev1_R90@mR                  cstackCOMRAM 000023
_ANSELDbits                         (abs)        000EA7
_ANSELFbits                         (abs)        000EB4
_BAUD4CONbits                       (abs)        000EE9
_Blue_T180                          text45       004146
_CCP1CONbits                        (abs)        000FAB
_CCP2CONbits                        (abs)        000FA7
_CCP3CONbits                        (abs)        000F26
_CCP4CONbits                        (abs)        000F22
_CCPR1H                             (abs)        000FAA
_CCPR2H                             (abs)        000FA6
_CCPR3H                             (abs)        000F25
_CCPR4H                             (abs)        000F21
_CCPTMRS0bits                       (abs)        000FAD
_ClickLEDOn                         text55       00443E
_Colour2Action                      text28       002FC6
_ForwardFlag                        dataBANK0    0000F8
_Green_L90                          text42       003FF4
_HighISR                            intcode      000008
_Hue2Colour                         text27       001592
_I2C_2_Master_Idle                  text17       0044CC
_I2C_2_Master_Init                  text18       0044A2
_I2C_2_Master_Read                  text11       0043BC
_I2C_2_Master_RepStart              text10       0045B2
_I2C_2_Master_Start                 text16       0045C6
_I2C_2_Master_Stop                  text15       0045BC
_I2C_2_Master_Write                 text14       00458E
_INTCONbits                         (abs)        000FF2
_Interrupts_init                    text26       00459A
_LATAbits                           (abs)        000F79
_LATCbits                           (abs)        000F7B
_LATDbits                           (abs)        000F7C
_LATEbits                           (abs)        000F7D
_LATFbits                           (abs)        000F7E
_LATGbits                           (abs)        000F7F
_LATHbits                           (abs)        000F80
_LED_init                           text25       004580
_Left45                             text47       003D68
_LightBlue_L135                     text41       0039E8
_Orange_R135                        text40       003944
_PIE0bits                           (abs)        000E29
_PIE4bits                           (abs)        000E2D
_PIR0bits                           (abs)        000E33
_PIR4bits                           (abs)        000E37
_PORTFbits                          (abs)        000F8E
_Pink_rev1_L90                      text39       0037F6
_RC0PPS                             (abs)        000E62
_RC4REG                             (abs)        000EE3
_RC4STAbits                         (abs)        000EE7
_RC7PPS                             (abs)        000E69
_RD5PPS                             (abs)        000E6F
_RD6PPS                             (abs)        000E70
_RE2PPS                             (abs)        000E74
_RE4PPS                             (abs)        000E76
_RG6PPS                             (abs)        000E88
_RGB2Hue                            text20       000E66
_RGB2Hue$3094                       cstackBANK0  0000D5
_RX4PPS                             (abs)        000E15
_Red_R90                            text38       003F78
_Right45                            text43       003CDE
_SP4BRGH                            (abs)        000EE6
_SP4BRGL                            (abs)        000EE5
_SSP2ADD                            (abs)        000ED6
_SSP2BUF                            (abs)        000ED5
_SSP2CLKPPS                         (abs)        000E1C
_SSP2CON1bits                       (abs)        000ED9
_SSP2CON2                           (abs)        000EDA
_SSP2CON2bits                       (abs)        000EDA
_SSP2DATPPS                         (abs)        000E1D
_SSP2STAT                           (abs)        000ED8
_T0CON0bits                         (abs)        000FD5
_T0CON1bits                         (abs)        000FD6
_T2CLKCONbits                       (abs)        000FBF
_T2CONbits                          (abs)        000FBD
_T2HLTbits                          (abs)        000FBE
_T2PR                               (abs)        000FBC
_TMR0H                              (abs)        000FD4
_TMR0L                              (abs)        000FD3
_TRISAbits                          (abs)        000F81
_TRISCbits                          (abs)        000F83
_TRISDbits                          (abs)        000F84
_TRISEbits                          (abs)        000F85
_TRISFbits                          (abs)        000F86
_TRISGbits                          (abs)        000F87
_TRISHbits                          (abs)        000F88
_TX4REG                             (abs)        000EE4
_TX4STAbits                         (abs)        000EE8
_Timer0_init                        text19       00451A
_TimerReset                         text37       0045D0
_White                              text29       001F54
_Yellow_rev1_R90                    text36       00374E
__1square                           dataBANK0    0000F2
__45dleftdelay                      dataBANK0    0000F6
__45drightdelay                     dataBANK0    0000F4
__HRAM                              (abs)        000000
__Habs1                             abs1         000000
__Hbank0                            bank0        000000
__Hbank1                            bank1        000000
__Hbank10                           bank10       000000
__Hbank11                           bank11       000000
__Hbank12                           bank12       000000
__Hbank13                           bank13       000000
__Hbank2                            bank2        000000
__Hbank3                            bank3        000000
__Hbank4                            bank4        000000
__Hbank5                            bank5        000000
__Hbank6                            bank6        000000
__Hbank7                            bank7        000000
__Hbank8                            bank8        000000
__Hbank9                            bank9        000000
__Hbigbss                           bigbss       000000
__Hbigdata                          bigdata      000000
__Hbigram                           bigram       000000
__Hbigsfr                           bigsfr       000000
__Hbss                              bss          000000
__HbssBANK0                         bssBANK0     000000
__HbssBANK1                         bssBANK1     000000
__Hcinit                            cinit        000000
__Hclrtext                          clrtext      000000
__Hcomram                           comram       000000
__Hconfig                           config       30000C
__Hconst                            const        000000
__HcstackBANK0                      cstackBANK0  000000
__HcstackCOMRAM                     cstackCOMRAM 000000
__Hdata                             data         000000
__HdataBANK0                        dataBANK0    000000
__Heeprom_data                      eeprom_data  000000
__Hfarbss                           farbss       000000
__Hfardata                          fardata      000000
__Hheap                             heap         000000
__Hibigdata                         ibigdata     000000
__Hidata                            idata        000000
__HidataBANK0                       idataBANK0   000000
__Hidloc                            idloc        200010
__Hifardata                         ifardata     000000
__Hinit                             init         000030
__Hintcode                          intcode      00002C
__Hintcode_body                     intcode_body 000000
__Hintcodelo                        intcodelo    00002C
__Hintentry                         intentry     000000
__Hintret                           intret       000000
__Hintsave_regs                     intsave_regs 000000
__Hirdata                           irdata       000000
__Hmediumconst                      mediumconst  000000
__HnvFARRAM                         nvFARRAM     000000
__Hnvbit                            nvbit        000000
__Hnvrram                           nvrram       000000
__Hparam                            rparam       000000
__Hpowerup                          powerup      00002C
__Hram                              ram          000000
__Hramtop                           ramtop       000E00
__Hrbit                             rbit         000000
__Hrbss                             rbss         000000
__Hrdata                            rdata        000000
__Hreset_vec                        reset_vec    000004
__Hrparam                           rparam       000000
__Hsfr                              sfr          000000
__Hsmallconst                       smallconst   000E66
__Hspace_0                          (abs)        0045DA
__Hspace_1                          (abs)        000150
__Hspace_2                          (abs)        000000
__Hspace_4                          (abs)        60000C
__Hstack                            stack        000000
__Hstruct                           struct       000000
__Htemp                             temp         000060
__Htext                             text         000000
__Htext0                            text0        000000
__Htext1                            text1        000000
__Htext10                           text10       000000
__Htext11                           text11       000000
__Htext12                           text12       000000
__Htext13                           text13       000000
__Htext14                           text14       000000
__Htext15                           text15       000000
__Htext16                           text16       000000
__Htext17                           text17       000000
__Htext18                           text18       000000
__Htext19                           text19       000000
__Htext2                            text2        000000
__Htext20                           text20       000000
__Htext21                           text21       000000
__Htext22                           text22       000000
__Htext23                           text23       000000
__Htext24                           text24       000000
__Htext25                           text25       000000
__Htext26                           text26       000000
__Htext27                           text27       000000
__Htext28                           text28       000000
__Htext29                           text29       000000
__Htext3                            text3        000000
__Htext30                           text30       000000
__Htext31                           text31       000000
__Htext32                           text32       000000
__Htext33                           text33       000000
__Htext34                           text34       000000
__Htext35                           text35       000000
__Htext36                           text36       000000
__Htext37                           text37       000000
__Htext38                           text38       000000
__Htext39                           text39       000000
__Htext4                            text4        000000
__Htext40                           text40       000000
__Htext41                           text41       000000
__Htext42                           text42       000000
__Htext43                           text43       000000
__Htext44                           text44       000000
__Htext45                           text45       000000
__Htext46                           text46       000000
__Htext47                           text47       000000
__Htext48                           text48       000000
__Htext49                           text49       000000
__Htext5                            text5        000000
__Htext50                           text50       000000
__Htext51                           text51       000000
__Htext52                           text52       000000
__Htext53                           text53       000000
__Htext54                           text54       000000
__Htext55                           text55       000000
__Htext6                            text6        000000
__Htext7                            text7        000000
__Htext8                            text8        000000
__Htext9                            text9        000000
__LRAM                              (abs)        000001
__Labs1                             abs1         000000
__Lbank0                            bank0        000000
__Lbank1                            bank1        000000
__Lbank10                           bank10       000000
__Lbank11                           bank11       000000
__Lbank12                           bank12       000000
__Lbank13                           bank13       000000
__Lbank2                            bank2        000000
__Lbank3                            bank3        000000
__Lbank4                            bank4        000000
__Lbank5                            bank5        000000
__Lbank6                            bank6        000000
__Lbank7                            bank7        000000
__Lbank8                            bank8        000000
__Lbank9                            bank9        000000
__Lbigbss                           bigbss       000000
__Lbigdata                          bigdata      000000
__Lbigram                           bigram       000000
__Lbigsfr                           bigsfr       000000
__Lbss                              bss          000000
__LbssBANK0                         bssBANK0     000000
__LbssBANK1                         bssBANK1     000000
__Lcinit                            cinit        000000
__Lclrtext                          clrtext      000000
__Lcomram                           comram       000000
__Lconfig                           config       000000
__Lconst                            const        000000
__LcstackBANK0                      cstackBANK0  000000
__LcstackCOMRAM                     cstackCOMRAM 000000
__Ldata                             data         000000
__LdataBANK0                        dataBANK0    000000
__Leeprom_data                      eeprom_data  000000
__Lfarbss                           farbss       000000
__Lfardata                          fardata      000000
__Lheap                             heap         000000
__Libigdata                         ibigdata     000000
__Lidata                            idata        000000
__LidataBANK0                       idataBANK0   000000
__Lidloc                            idloc        000000
__Lifardata                         ifardata     000000
__Linit                             init         00002C
__Lintcode                          intcode      000008
__Lintcode_body                     intcode_body 000000
__Lintcodelo                        intcodelo    00002C
__Lintentry                         intentry     000000
__Lintret                           intret       000000
__Lintsave_regs                     intsave_regs 000000
__Lirdata                           irdata       000000
__Lmediumconst                      mediumconst  000000
__LnvFARRAM                         nvFARRAM     000000
__Lnvbit                            nvbit        000000
__Lnvrram                           nvrram       000000
__Lparam                            rparam       000000
__Lpowerup                          powerup      00002C
__Lram                              ram          000000
__Lramtop                           ramtop       000E00
__Lrbit                             rbit         000000
__Lrbss                             rbss         000000
__Lrdata                            rdata        000000
__Lreset_vec                        reset_vec    000000
__Lrparam                           rparam       000000
__Lsfr                              sfr          000000
__Lsmallconst                       smallconst   000E00
__Lspace_0                          (abs)        000000
__Lspace_1                          (abs)        000000
__Lspace_2                          (abs)        000000
__Lspace_4                          (abs)        000000
__Lstack                            stack        000000
__Lstruct                           struct       000000
__Ltemp                             temp         00005F
__Ltext                             text         000000
__Ltext0                            text0        000000
__Ltext1                            text1        000000
__Ltext10                           text10       000000
__Ltext11                           text11       000000
__Ltext12                           text12       000000
__Ltext13                           text13       000000
__Ltext14                           text14       000000
__Ltext15                           text15       000000
__Ltext16                           text16       000000
__Ltext17                           text17       000000
__Ltext18                           text18       000000
__Ltext19                           text19       000000
__Ltext2                            text2        000000
__Ltext20                           text20       000000
__Ltext21                           text21       000000
__Ltext22                           text22       000000
__Ltext23                           text23       000000
__Ltext24                           text24       000000
__Ltext25                           text25       000000
__Ltext26                           text26       000000
__Ltext27                           text27       000000
__Ltext28                           text28       000000
__Ltext29                           text29       000000
__Ltext3                            text3        000000
__Ltext30                           text30       000000
__Ltext31                           text31       000000
__Ltext32                           text32       000000
__Ltext33                           text33       000000
__Ltext34                           text34       000000
__Ltext35                           text35       000000
__Ltext36                           text36       000000
__Ltext37                           text37       000000
__Ltext38                           text38       000000
__Ltext39                           text39       000000
__Ltext4                            text4        000000
__Ltext40                           text40       000000
__Ltext41                           text41       000000
__Ltext42                           text42       000000
__Ltext43                           text43       000000
__Ltext44                           text44       000000
__Ltext45                           text45       000000
__Ltext46                           text46       000000
__Ltext47                           text47       000000
__Ltext48                           text48       000000
__Ltext49                           text49       000000
__Ltext5                            text5        000000
__Ltext50                           text50       000000
__Ltext51                           text51       000000
__Ltext52                           text52       000000
__Ltext53                           text53       000000
__Ltext54                           text54       000000
__Ltext55                           text55       000000
__Ltext6                            text6        000000
__Ltext7                            text7        000000
__Ltext8                            text8        000000
__Ltext9                            text9        000000
__S0                                (abs)        0045DA
__S1                                (abs)        000150
__S4                                (abs)        000000
__S5                                (abs)        000000
___fladd                            text35       001A94
___fladd@a                          cstackCOMRAM 00003F
___fladd@aexp                       cstackCOMRAM 000048
___fladd@b                          cstackCOMRAM 00003B
___fladd@bexp                       cstackCOMRAM 000049
___fladd@grs                        cstackCOMRAM 00004A
___fladd@signs                      cstackCOMRAM 000047
___fldiv                            text24       0027E8
___fldiv@a                          cstackCOMRAM 000057
___fldiv@aexp                       cstackBANK0  0000CE
___fldiv@b                          cstackCOMRAM 000053
___fldiv@bexp                       cstackBANK0  0000CD
___fldiv@grs                        cstackBANK0  0000C9
___fldiv@new_exp                    cstackBANK0  0000C7
___fldiv@rem                        cstackBANK0  0000C2
___fldiv@sign                       cstackBANK0  0000C6
___fleq                             text23       0036A4
___fleq@ff1                         cstackCOMRAM 000001
___fleq@ff2                         cstackCOMRAM 000005
___flge                             text34       0035A0
___flge@ff1                         cstackCOMRAM 00004B
___flge@ff2                         cstackCOMRAM 00004F
___flmul                            text32       0023BE
___flmul@a                          cstackCOMRAM 00001E
___flmul@aexp                       cstackCOMRAM 00002B
___flmul@b                          cstackCOMRAM 00001A
___flmul@bexp                       cstackCOMRAM 00002C
___flmul@grs                        cstackCOMRAM 000027
___flmul@prod                       cstackCOMRAM 00002D
___flmul@sign                       cstackCOMRAM 000026
___flmul@temp                       cstackCOMRAM 000031
___flsub                            text22       004376
___flsub@a                          cstackCOMRAM 00004F
___flsub@b                          cstackCOMRAM 00004B
___fltol                            text21       00349A
___fltol@exp1                       cstackCOMRAM 00000A
___fltol@f1                         cstackCOMRAM 000001
___fltol@sign1                      cstackCOMRAM 000009
___heap_hi                          (abs)        000000
___heap_lo                          (abs)        000000
___inthi_sp                         stack        000000
___intlo_sp                         stack        000000
___lwdiv                            text54       004070
___lwdiv@counter                    cstackCOMRAM 00000D
___lwdiv@dividend                   cstackCOMRAM 000007
___lwdiv@divisor                    cstackCOMRAM 000009
___lwdiv@quotient                   cstackCOMRAM 00000B
___param_bank                       (abs)        000000
___rparam_used                      (abs)        000001
___sp                               stack        000000
___wmul                             text53       0044F4
___wmul@multiplicand                cstackCOMRAM 000003
___wmul@multiplier                  cstackCOMRAM 000001
___wmul@product                     cstackCOMRAM 000005
___xxtofl                           text31       00317A
___xxtofl@arg                       cstackCOMRAM 000016
___xxtofl@exp                       cstackCOMRAM 000015
___xxtofl@sign                      cstackCOMRAM 000014
___xxtofl@val                       cstackCOMRAM 00000C
__accesstop                         (abs)        000060
__activetblptr                      (abs)        000001
__end_of_Blue_T180                  text45       00419A
__end_of_ClickLEDOn                 text55       004472
__end_of_Colour2Action              text28       00317A
__end_of_Green_L90                  text42       004070
__end_of_HighISR                    intcode      00002C
__end_of_Hue2Colour                 text27       001A94
__end_of_I2C_2_Master_Idle          text17       0044F4
__end_of_I2C_2_Master_Init          text18       0044CC
__end_of_I2C_2_Master_Read          text11       0043FE
__end_of_I2C_2_Master_RepStart      text10       0045BC
__end_of_I2C_2_Master_Start         text16       0045D0
__end_of_I2C_2_Master_Stop          text15       0045C6
__end_of_I2C_2_Master_Write         text14       00459A
__end_of_Interrupts_init            text26       0045A6
__end_of_LED_init                   text25       00458E
__end_of_Left45                     text47       003DF2
__end_of_LightBlue_L135             text41       003A8C
__end_of_Orange_R135                text40       0039E8
__end_of_Pink_rev1_L90              text39       00389E
__end_of_RGB2Hue                    text20       001592
__end_of_Red_R90                    text38       003FF4
__end_of_Right45                    text43       003D68
__end_of_Timer0_init                text19       00453E
__end_of_TimerReset                 text37       0045DA
__end_of_White                      text29       0023BE
__end_of_Yellow_rev1_R90            text36       0037F6
__end_of___fladd                    text35       001F54
__end_of___fldiv                    text24       002B84
__end_of___fleq                     text23       00374E
__end_of___flge                     text34       0036A4
__end_of___flmul                    text32       0027E8
__end_of___flsub                    text22       0043BC
__end_of___fltol                    text21       0035A0
__end_of___lwdiv                    text54       0040E4
__end_of___wmul                     text53       00451A
__end_of___xxtofl                   text31       00332E
__end_of__initialization            cinit        004364
__end_of_color_click_init           text12       00443E
__end_of_color_read_Blue            text9        00432C
__end_of_color_read_Clear           text8        0042DC
__end_of_color_read_Green           text7        00428C
__end_of_color_read_Red             text6        00423C
__end_of_color_writetoaddr          text13       004580
__end_of_colour_read_all            text5        002DB4
__end_of_fullSpeedAhead             text33       003EF8
__end_of_fullSpeedReverse           text51       003F78
__end_of_getTimerValue              text30       004146
__end_of_initDCmotorsPWM            text4        003CDE
__end_of_initUSART4                 text3        004560
__end_of_main                       text0        002FC6
__end_of_memoryUpdateMovement       text2        0044A2
__end_of_memoryUpdateTime           text1        003B22
__end_of_reverseHalfSquare          text49       003E78
__end_of_rotate180left              text46       0041EC
__end_of_setMotorPWM                text52       00349A
__end_of_stop                       text50       003944
__end_of_turnLeft                   text48       003C4E
__end_of_turnRight                  text44       003BB8
__halfsquare                        dataBANK0    0000F0
__initialization                    cinit        00432C
__mediumconst                       mediumconst  000000
__pbssBANK0                         bssBANK0     000060
__pbssBANK1                         bssBANK1     000100
__pcinit                            cinit        00432C
__pcstackBANK0                      cstackBANK0  0000C2
__pcstackCOMRAM                     cstackCOMRAM 000001
__pdataBANK0                        dataBANK0    0000EE
__pidataBANK0                       idataBANK0   0045A6
__pintcode                          intcode      000008
__psmallconst                       smallconst   000E00
__ptext0                            text0        002DB4
__ptext1                            text1        003A8C
__ptext10                           text10       0045B2
__ptext11                           text11       0043BC
__ptext12                           text12       0043FE
__ptext13                           text13       004560
__ptext14                           text14       00458E
__ptext15                           text15       0045BC
__ptext16                           text16       0045C6
__ptext17                           text17       0044CC
__ptext18                           text18       0044A2
__ptext19                           text19       00451A
__ptext2                            text2        004472
__ptext20                           text20       000E66
__ptext21                           text21       00349A
__ptext22                           text22       004376
__ptext23                           text23       0036A4
__ptext24                           text24       0027E8
__ptext25                           text25       004580
__ptext26                           text26       00459A
__ptext27                           text27       001592
__ptext28                           text28       002FC6
__ptext29                           text29       001F54
__ptext3                            text3        00453E
__ptext30                           text30       0040E4
__ptext31                           text31       00317A
__ptext32                           text32       0023BE
__ptext33                           text33       003E78
__ptext34                           text34       0035A0
__ptext35                           text35       001A94
__ptext36                           text36       00374E
__ptext37                           text37       0045D0
__ptext38                           text38       003F78
__ptext39                           text39       0037F6
__ptext4                            text4        003C4E
__ptext40                           text40       003944
__ptext41                           text41       0039E8
__ptext42                           text42       003FF4
__ptext43                           text43       003CDE
__ptext44                           text44       003B22
__ptext45                           text45       004146
__ptext46                           text46       00419A
__ptext47                           text47       003D68
__ptext48                           text48       003BB8
__ptext49                           text49       003DF2
__ptext5                            text5        002B84
__ptext50                           text50       00389E
__ptext51                           text51       003EF8
__ptext52                           text52       00332E
__ptext53                           text53       0044F4
__ptext54                           text54       004070
__ptext55                           text55       00443E
__ptext6                            text6        0041EC
__ptext7                            text7        00423C
__ptext8                            text8        00428C
__ptext9                            text9        0042DC
__ramtop                            ramtop       000E00
__recogniseColour                   dataBANK0    0000EE
__smallconst                        smallconst   000E00
_color_click_init                   text12       0043FE
_color_read_Blue                    text9        0042DC
_color_read_Clear                   text8        00428C
_color_read_Green                   text7        00423C
_color_read_Red                     text6        0041EC
_color_writetoaddr                  text13       004560
_colorf                             bssBANK0     00008E
_colorrel                           bssBANK0     0000A4
_colour_read_all                    text5        002B84
_colour_read_all$3093               cstackBANK0  0000D7
_fullSpeedAhead                     text33       003E78
_fullSpeedReverse                   text51       003EF8
_getTimerValue                      text30       0040E4
_initDCmotorsPWM                    text4        003C4E
_initUSART4                         text3        00453E
_main                               text0        002DB4
_maxTime                            bssBANK0     000064
_memoryUpdateMovement               text2        004472
_memoryUpdateTime                   text1        003A8C
_memoryUpdateTime$3097              cstackCOMRAM 00004F
_motorL                             bssBANK0     0000B9
_motorR                             bssBANK0     0000B0
_movementCount                      bssBANK0     000062
_movementMemory                     bssBANK0     000066
_retracingDone                      bssBANK0     000060
_reverseHalfSquare                  text49       003DF2
_rotate180left                      text46       00419A
_setMotorPWM                        text52       00332E
_stop                               text50       00389E
_timerMemory                        bssBANK1     000100
_turnLeft                           text48       003BB8
_turnRight                          text44       003B22
btemp                               temp         00005F
color_read_Blue@tmp                 cstackCOMRAM 00000A
color_read_Clear@tmp                cstackCOMRAM 00000A
color_read_Green@tmp                cstackCOMRAM 00000A
color_read_Red@tmp                  cstackCOMRAM 00000A
color_writetoaddr@address           cstackCOMRAM 000004
color_writetoaddr@value             cstackCOMRAM 000003
colour_read_all@B                   cstackBANK0  0000E3
colour_read_all@C                   cstackBANK0  0000D3
colour_read_all@G                   cstackBANK0  0000DF
colour_read_all@R                   cstackBANK0  0000DB
colour_read_all@cf                  cstackBANK0  0000CF
colour_read_all@rel                 cstackBANK0  0000D1
colour_read_all@total               cstackBANK0  0000E7
end_of_initialization               cinit        004364
fullSpeedAhead@i                    cstackCOMRAM 000019
fullSpeedAhead@mL                   cstackCOMRAM 000014
fullSpeedAhead@mR                   cstackCOMRAM 000016
fullSpeedReverse@i                  cstackCOMRAM 000019
fullSpeedReverse@mL                 cstackCOMRAM 000014
fullSpeedReverse@mR                 cstackCOMRAM 000016
getTimerValue@timerCount            cstackCOMRAM 000039
initDCmotorsPWM@PWMperiod           cstackCOMRAM 000001
int$flags                           temp         00005F
intlevel0                           text         000000
intlevel1                           text         000000
intlevel2                           text         000000
intlevel3                           text         000000
isa$std                             (abs)        000001
isa$xinst                           (abs)        000000
main@wall                           cstackBANK0  0000ED
memoryUpdateMovement@cf             cstackCOMRAM 000001
memoryUpdateMovement@colourcode     cstackCOMRAM 000007
memoryUpdateMovement@movementCount  cstackCOMRAM 000003
memoryUpdateMovement@movementMemory cstackCOMRAM 000005
memoryUpdateTime@movementCount      cstackCOMRAM 00004B
memoryUpdateTime@timerMemory        cstackCOMRAM 00004D
memoryUpdateTime@timerVal           cstackCOMRAM 000053
reverseHalfSquare@mL                cstackCOMRAM 00001B
reverseHalfSquare@mR                cstackCOMRAM 00001D
rotate180left@mL                    cstackCOMRAM 000020
rotate180left@mR                    cstackCOMRAM 000022
setMotorPWM@m                       cstackCOMRAM 00000E
setMotorPWM@negDuty                 cstackCOMRAM 000013
setMotorPWM@posDuty                 cstackCOMRAM 000012
stackhi                             (abs)        000000
stacklo                             (abs)        000000
start                               init         00002C
start_initialization                cinit        00432C
stop@mL                             cstackCOMRAM 000014
stop@mR                             cstackCOMRAM 000016
ttemp5                              temp         000060
ttemp6                              temp         000063
ttemp7                              temp         000067
turnLeft@i                          cstackCOMRAM 000018
turnLeft@mL                         cstackCOMRAM 000014
turnLeft@mR                         cstackCOMRAM 000016
turnRight@i                         cstackCOMRAM 000018
turnRight@mL                        cstackCOMRAM 000014
turnRight@mR                        cstackCOMRAM 000016
wtemp8                              temp         000060


MODULE INFORMATION

Module		Function		Class		Link	Load	Size
C:\Program Files\Microchip\xc8\v2.40\pic\sources\c99\common\sprcmul.c
		___flmul       		CODE           	23BE	0000	1066

C:\Program Files\Microchip\xc8\v2.40\pic\sources\c99\common\sprcmul.c estimated size: 1066

serial.c
		_initUSART4    		CODE           	453E	0000	34

serial.c estimated size: 34

C:\Program Files\Microchip\xc8\v2.40\pic\sources\c99\common\sprcdiv.c
		___fldiv       		CODE           	27E8	0000	924

C:\Program Files\Microchip\xc8\v2.40\pic\sources\c99\common\sprcdiv.c estimated size: 924

colorfunctions.c
		_Hue2Colour    		CODE           	1592	0000	1282
		_Colour2Action 		CODE           	2FC6	0000	436
		_RGB2Hue       		CODE           	0E66	0000	1836
		_colour_read_all		CODE           	2B84	0000	560

colorfunctions.c estimated size: 4114

C:\Program Files\Microchip\xc8\v2.40\pic\sources\c99\common\lwdiv.c
		___lwdiv       		CODE           	4070	0000	116

C:\Program Files\Microchip\xc8\v2.40\pic\sources\c99\common\lwdiv.c estimated size: 116

C:\Program Files\Microchip\xc8\v2.40\pic\sources\c99\common\fltol.c
		___fltol       		CODE           	349A	0000	262

C:\Program Files\Microchip\xc8\v2.40\pic\sources\c99\common\fltol.c estimated size: 262

LED.c
		_LED_init      		CODE           	4580	0000	14

LED.c estimated size: 14

C:\Program Files\Microchip\xc8\v2.40\pic\sources\c99\common\Umul16.c
		___wmul        		CODE           	44F4	0000	38

C:\Program Files\Microchip\xc8\v2.40\pic\sources\c99\common\Umul16.c estimated size: 38

C:\Program Files\Microchip\xc8\v2.40\pic\sources\c99\common\fleq.c
		___fleq        		CODE           	36A4	0000	170

C:\Program Files\Microchip\xc8\v2.40\pic\sources\c99\common\fleq.c estimated size: 170

dc_motor.c
		_fullSpeedReverse		CODE           	3EF8	0000	128
		_White         		CODE           	1F54	0000	1130
		_reverseHalfSquare		CODE           	3DF2	0000	134
		_fullSpeedAhead		CODE           	3E78	0000	128
		_turnLeft      		CODE           	3BB8	0000	150
		_Green_L90     		CODE           	3FF4	0000	124
		_stop          		CODE           	389E	0000	166
		_Pink_rev1_L90 		CODE           	37F6	0000	168
		_initDCmotorsPWM		CODE           	3C4E	0000	144
		_turnRight     		CODE           	3B22	0000	150
		_Red_R90       		CODE           	3F78	0000	124
		_setMotorPWM   		CODE           	332E	0000	364
		_rotate180left 		CODE           	419A	0000	82
		_Left45        		CODE           	3D68	0000	138
		_LightBlue_L135		CODE           	39E8	0000	164
		_Blue_T180     		CODE           	4146	0000	84
		_Yellow_rev1_R90		CODE           	374E	0000	168
		_Orange_R135   		CODE           	3944	0000	164
		_Right45       		CODE           	3CDE	0000	138

dc_motor.c estimated size: 3848

interrupts.c
		_Interrupts_init		CODE           	459A	0000	12
		_HighISR       		CODE           	0008	0000	36

interrupts.c estimated size: 48

timer.c
		_Timer0_init   		CODE           	451A	0000	36
		_getTimerValue 		CODE           	40E4	0000	98
		_TimerReset    		CODE           	45D0	0000	10

timer.c estimated size: 144

colorclick.c
		_ClickLEDOn    		CODE           	443E	0000	52
		_color_writetoaddr		CODE           	4560	0000	32
		_color_click_init		CODE           	43FE	0000	64
		_color_read_Green		CODE           	423C	0000	80
		_color_read_Clear		CODE           	428C	0000	80
		_color_read_Red		CODE           	41EC	0000	80
		_color_read_Blue		CODE           	42DC	0000	80

colorclick.c estimated size: 468

i2c.c
		_I2C_2_Master_Start		CODE           	45C6	0000	10
		_I2C_2_Master_Read		CODE           	43BC	0000	66
		_I2C_2_Master_Idle		CODE           	44CC	0000	40
		_I2C_2_Master_Init		CODE           	44A2	0000	42
		_I2C_2_Master_Stop		CODE           	45BC	0000	10
		_I2C_2_Master_RepStart		CODE           	45B2	0000	10
		_I2C_2_Master_Write		CODE           	458E	0000	12

i2c.c estimated size: 190

C:\Program Files\Microchip\xc8\v2.40\pic\sources\c99\common\sprcadd.c
		___flsub       		CODE           	4376	0000	70
		___fladd       		CODE           	1A94	0000	1216

C:\Program Files\Microchip\xc8\v2.40\pic\sources\c99\common\sprcadd.c estimated size: 1286

C:\Program Files\Microchip\xc8\v2.40\pic\sources\c99\common\xxtofl.c
		___xxtofl      		CODE           	317A	0000	436

C:\Program Files\Microchip\xc8\v2.40\pic\sources\c99\common\xxtofl.c estimated size: 436

shared
		__initialization		CODE           	432C	0000	56

shared estimated size: 56

C:\Program Files\Microchip\xc8\v2.40\pic\sources\c99\common\flge.c
		___flge        		CODE           	35A0	0000	260

C:\Program Files\Microchip\xc8\v2.40\pic\sources\c99\common\flge.c estimated size: 260

main.c
		_main          		CODE           	2DB4	0000	530

main.c estimated size: 530

memory.c
		_memoryUpdateTime		CODE           	3A8C	0000	150
		_memoryUpdateMovement		CODE           	4472	0000	48

memory.c estimated size: 198

