Microchip MPLAB XC8 Compiler V2.40

Linker command line:

-W-3 \
  --edf=C:\Program Files\Microchip\xc8\v2.40\pic\dat\20220703182018_en.msgs \
  -cn -h+dist/default/production\final-project-olivier.production.sym \
  --cmf=dist/default/production\final-project-olivier.production.cmf -z \
  -Q18F67K40 -oC:\Users\Windows\AppData\Local\Temp\xcAss0g.4 \
  --defsym=__MPLAB_BUILD=1 --fixupoverflow=error \
  -Mdist/default/production/final-project-olivier.production.map \
  --md=C:\Users\Windows\AppData\Local\Temp\xcAss0g.dat -E1 \
  -ver=XC8 Compiler --acfsm=1493 -ACODE=00h-01FFFFh -ACONST=00h-01FFFFh \
  -ASMALLCONST=0E00h-0EFFhx498 -AMEDIUMCONST=0E00h-0FFFFh,010E00h-01FFFFh \
  -ACOMRAM=01h-05Fh -AABS1=00h-0DE9h -ABIGRAM=01h-0DE9h \
  -ARAM=060h-0FFh,0100h-01FFhx12,0D00h-0DE9h -ABANK0=060h-0FFh \
  -ABANK1=0100h-01FFh -ABANK2=0200h-02FFh -ABANK3=0300h-03FFh \
  -ABANK4=0400h-04FFh -ABANK5=0500h-05FFh -ABANK6=0600h-06FFh \
  -ABANK7=0700h-07FFh -ABANK8=0800h-08FFh -ABANK9=0900h-09FFh \
  -ABANK10=0A00h-0AFFh -ABANK11=0B00h-0BFFh -ABANK12=0C00h-0CFFh \
  -ABANK13=0D00h-0DE9h \
  -ASFR=0DEFh-0DFFh,0E00h-0EFFh,0F00h-0F5Fh,0F60h-0FFFh \
  -ABIGSFR=0DEFh-0FFFh -ACONFIG=0300000h-030000Bh -AIDLOC=0200000h-020000Fh \
  -AEEDATA=0310000h-03103FFh -peeprom_data=EEDATA \
  -preset_vec=00h,intcode=08h,intcodelo,powerup,init -pramtop=0E00h \
  -psmallconst=SMALLCONST -pmediumconst=MEDIUMCONST -pconst=CONST \
  -AFARRAM=00h-00h \
  -prdata=COMRAM,nvrram=COMRAM,nvbit=COMRAM,rbss=COMRAM,rbit=COMRAM \
  -pfarbss=FARRAM,fardata=FARRAM,nvFARRAM=FARRAM \
  -pintsave_regs=BIGRAM,bigbss=BIGRAM,bigdata=BIGRAM -pbss=RAM \
  -pidata=CODE,irdata=CODE,ibigdata=CODE,ifardata=CODE -prparam=COMRAM \
  C:\Users\Windows\AppData\Local\Temp\xcAss0g.o \
  dist/default/production\final-project-olivier.production.o 

Object code version is 3.11

Machine type is 18F67K40



                Name                               Link     Load   Length Selector   Space Scale
C:\Users\Windows\AppData\Local\Temp\xcAss0g.o
                idloc                            200000   200000       10        0       5
                config                           300000   300000        C        0       4
                init                                 2C       2C        4        4       0
                reset_vec                             0        0        4        0       0
dist/default/production\final-project-olivier.production.o
                intcode                               8        8       24        4       0
                idloc                            200000   200000       10        0       5
                config                           300000   300000        C        0       4
                temp                                 5F       5F        1        1       1
                smallconst                          E00      E00       66      700       0
                text56                             4512     4512       34      733       0
                text55                             4074     4074       74      733       0
                text54                             45C8     45C8       26      733       0
                text53                             33C8     33C8      16C      733       0
                text52                             3EFC     3EFC       80      733       0
                text51                             3938     3938       A6      733       0
                text50                             3DF6     3DF6       86      733       0
                text49                             3BBC     3BBC       96      733       0
                text48                             3D6C     3D6C       8A      733       0
                text47                             426E     426E       52      733       0
                text46                             421A     421A       54      733       0
                text45                             3B26     3B26       96      733       0
                text44                             3CE2     3CE2       8A      733       0
                text43                             3FF8     3FF8       7C      733       0
                text42                             3A82     3A82       A4      733       0
                text41                             39DE     39DE       A4      733       0
                text40                             3890     3890       A8      733       0
                text39                             40E8     40E8       6E      733       0
                text38                             3F7C     3F7C       7C      733       0
                text37                             46A4     46A4        A     2343       0
                text36                             37E8     37E8       A8      733       0
                text35                             1A94     1A94      4C0      733       0
                text34                             363A     363A      104      733       0
                text33                             3E7C     3E7C       80      733       0
                text32                             23FA     23FA      42A      733       0
                text31                             3214     3214      1B4      733       0
                text30                             41B8     41B8       62      733       0
                text29                             1F54     1F54      4A6      733       0
                text28                             3060     3060      1B4      733       0
                text27                             1592     1592      502      733       0
                text26                             466E     466E        C      733       0
                text25                             4654     4654        E      733       0
                text24                             2824     2824      39C      733       0
                text23                             373E     373E       AA      733       0
                text22                             444A     444A       46      733       0
                text21                             3534     3534      106      733       0
                text20                              E66      E66      72C      733       0
                text19                             45EE     45EE       24      733       0
                text18                             4576     4576       2A      733       0
                text17                             45A0     45A0       28      733       0
                text16                             469A     469A        A     2343       0
                text15                             4690     4690        A     2343       0
                text14                             4662     4662        C      733       0
                text13                             4634     4634       20      733       0
                text12                             44D2     44D2       40      733       0
                text11                             4490     4490       42      733       0
                text10                             4686     4686        A     2343       0
                text9                              43B0     43B0       50      733       0
                text8                              4360     4360       50      733       0
                text7                              4310     4310       50      733       0
                text6                              42C0     42C0       50      733       0
                text5                              2E30     2E30      230      733       0
                text4                              3C52     3C52       90      733       0
                text3                              4612     4612       22      733       0
                text2                              4546     4546       30      733       0
                text1                              4156     4156       62      733       0
                text0                              2BC0     2BC0      270      733       0
                cstackCOMRAM                          1        1       5E        1       1
                cstackBANK0                          C2       C2       2C       60       1
                bssBANK1                            100      100       50      100       1
                dataBANK0                            EE       EE        B       60       1
                bssBANK0                             60       60       62       60       1
                cinit                              4400     4400       4A      733       0
                idataBANK0                         467A     467A        B      733       0

TOTAL           Name                               Link     Load   Length     Space
        CLASS   CODE           
                intcode                               8        8       24         0
                init                                 2C       2C        4         0
                reset_vec                             0        0        4         0
                text56                             4512     4512       34         0
                text55                             4074     4074       74         0
                text54                             45C8     45C8       26         0
                text53                             33C8     33C8      16C         0
                text52                             3EFC     3EFC       80         0
                text51                             3938     3938       A6         0
                text50                             3DF6     3DF6       86         0
                text49                             3BBC     3BBC       96         0
                text48                             3D6C     3D6C       8A         0
                text47                             426E     426E       52         0
                text46                             421A     421A       54         0
                text45                             3B26     3B26       96         0
                text44                             3CE2     3CE2       8A         0
                text43                             3FF8     3FF8       7C         0
                text42                             3A82     3A82       A4         0
                text41                             39DE     39DE       A4         0
                text40                             3890     3890       A8         0
                text39                             40E8     40E8       6E         0
                text38                             3F7C     3F7C       7C         0
                text37                             46A4     46A4        A         0
                text36                             37E8     37E8       A8         0
                text35                             1A94     1A94      4C0         0
                text34                             363A     363A      104         0
                text33                             3E7C     3E7C       80         0
                text32                             23FA     23FA      42A         0
                text31                             3214     3214      1B4         0
                text30                             41B8     41B8       62         0
                text29                             1F54     1F54      4A6         0
                text28                             3060     3060      1B4         0
                text27                             1592     1592      502         0
                text26                             466E     466E        C         0
                text25                             4654     4654        E         0
                text24                             2824     2824      39C         0
                text23                             373E     373E       AA         0
                text22                             444A     444A       46         0
                text21                             3534     3534      106         0
                text20                              E66      E66      72C         0
                text19                             45EE     45EE       24         0
                text18                             4576     4576       2A         0
                text17                             45A0     45A0       28         0
                text16                             469A     469A        A         0
                text15                             4690     4690        A         0
                text14                             4662     4662        C         0
                text13                             4634     4634       20         0
                text12                             44D2     44D2       40         0
                text11                             4490     4490       42         0
                text10                             4686     4686        A         0
                text9                              43B0     43B0       50         0
                text8                              4360     4360       50         0
                text7                              4310     4310       50         0
                text6                              42C0     42C0       50         0
                text5                              2E30     2E30      230         0
                text4                              3C52     3C52       90         0
                text3                              4612     4612       22         0
                text2                              4546     4546       30         0
                text1                              4156     4156       62         0
                text0                              2BC0     2BC0      270         0
                cinit                              4400     4400       4A         0
                idataBANK0                         467A     467A        B         0

        CLASS   CONST          

        CLASS   SMALLCONST     
                smallconst                          E00      E00       66         0

        CLASS   MEDIUMCONST    

        CLASS   COMRAM         
                temp                                 5F       5F        1         1
                cstackCOMRAM                          1        1       5E         1

        CLASS   ABS1           

        CLASS   BIGRAM         

        CLASS   RAM            

        CLASS   BANK0          
                cstackBANK0                          C2       C2       2C         1
                dataBANK0                            EE       EE        B         1
                bssBANK0                             60       60       62         1

        CLASS   BANK1          
                bssBANK1                            100      100       50         1

        CLASS   BANK2          

        CLASS   BANK3          

        CLASS   BANK4          

        CLASS   BANK5          

        CLASS   BANK6          

        CLASS   BANK7          

        CLASS   BANK8          

        CLASS   BANK9          

        CLASS   BANK10         

        CLASS   BANK11         

        CLASS   BANK12         

        CLASS   BANK13         

        CLASS   SFR            

        CLASS   BIGSFR         

        CLASS   CONFIG         
                config                           300000   300000        C         4

        CLASS   IDLOC          
                idloc                            200000   200000       10         5

        CLASS   EEDATA         

        CLASS   FARRAM         

        CLASS   HEAP           

        CLASS   STACK          



SEGMENTS        Name                           Load    Length   Top    Selector   Space  Class

                reset_vec                      000000  000004  000004         0       0  CODE    
                cstackCOMRAM                   000001  00005F  000060         1       1  COMRAM  
                intcode                        000008  000028  000030         4       0  CODE    
                bssBANK0                       000060  000099  0000F9        60       1  BANK0   
                bssBANK1                       000100  000050  000150       100       1  BANK1   
                smallconst                     000E00  000066  000E66       700       0  SMALLCON
                text20                         000E66  00381F  004685       733       0  CODE    
                text10                         004686  000028  0046AE      2343       0  CODE    


UNUSED ADDRESS RANGES

        Name                Unused          Largest block    Delta
        BANK0            0000F9-0000FF                7
        BANK1            000150-0001FF               B0
        BANK10           000A00-000AFF              100
        BANK11           000B00-000BFF              100
        BANK12           000C00-000CFF              100
        BANK13           000D00-000DE9               EA
        BANK2            000200-0002FF              100
        BANK3            000300-0003FF              100
        BANK4            000400-0004FF              100
        BANK5            000500-0005FF              100
        BANK6            000600-0006FF              100
        BANK7            000700-0007FF              100
        BANK8            000800-0008FF              100
        BANK9            000900-0009FF              100
        BIGRAM           0000F9-0000FF                7
                         000150-000DE9              C9A
        BIGSFR           000DEF-000FFF              211
        CODE             000004-000007                4
                         000030-000DFF              DD0
                         004685-004685                1
                         0046AE-01FFFF            1B952
        CONST            000004-000007                4
                         000030-000DFF              DD0
                         004685-004685                1
                         0046AE-01FFFF            1B952
        EEDATA           310000-3103FF              400
        MEDIUMCONST      004685-004685                1
                         0046AE-00FFFF             B952
                         010E00-01FFFF             F200
        RAM              0000F9-0000FF                7
                         000150-000DE9              100
        SFR              000DEF-000FFF              100
        SMALLCONST       004685-004685                1
                         0046AE-01FFFF              100

                                  Symbol Table

?_Hue2Colour                        cstackCOMRAM 000057
?___fladd                           cstackCOMRAM 00003B
?___fldiv                           cstackCOMRAM 000053
?___flmul                           cstackCOMRAM 00001A
?___flsub                           cstackCOMRAM 00004B
?___fltol                           cstackCOMRAM 000001
?___lwdiv                           cstackCOMRAM 000007
?___wmul                            cstackCOMRAM 000001
?___xxtofl                          cstackCOMRAM 00000C
?_color_read_Blue                   cstackCOMRAM 000005
?_color_read_Clear                  cstackCOMRAM 000005
?_color_read_Green                  cstackCOMRAM 000005
?_color_read_Red                    cstackCOMRAM 000005
?_getTimerValue                     cstackCOMRAM 000033
Blue_T180@mL                        cstackCOMRAM 000024
Blue_T180@mR                        cstackCOMRAM 000026
ClickLEDOn@power                    cstackCOMRAM 000001
Colour2Action@cf                    cstackCOMRAM 00005B
Green_L90@mL                        cstackCOMRAM 000021
Green_L90@mR                        cstackCOMRAM 000023
Hue2Colour@cf                       cstackCOMRAM 000057
Hue2Colour@colourname               cstackCOMRAM 00005B
Hue2Colour@rel                      cstackCOMRAM 000059
I2C_2_Master_Read@ack               cstackCOMRAM 000003
I2C_2_Master_Read@tmp               cstackCOMRAM 000004
I2C_2_Master_Write@data_byte        cstackCOMRAM 000002
Left45@mL                           cstackCOMRAM 00001A
Left45@mR                           cstackCOMRAM 00001C
LightBlue_L135@mL                   cstackCOMRAM 000021
LightBlue_L135@mR                   cstackCOMRAM 000023
Orange_R135@mL                      cstackCOMRAM 000021
Orange_R135@mR                      cstackCOMRAM 000023
Pink_rev1_L90@mL                    cstackCOMRAM 000021
Pink_rev1_L90@mR                    cstackCOMRAM 000023
RAMback@mL                          cstackCOMRAM 00001B
RAMback@mR                          cstackCOMRAM 00001D
RGB2Hue@cf                          cstackBANK0  0000CF
RGB2Hue@max                         cstackBANK0  0000D9
RGB2Hue@min                         cstackBANK0  0000DB
Red_R90@mL                          cstackCOMRAM 000021
Red_R90@mR                          cstackCOMRAM 000023
Right45@mL                          cstackCOMRAM 00001A
Right45@mR                          cstackCOMRAM 00001C
White@i                             cstackBANK0  0000D0
White@mL                            cstackBANK0  0000C2
White@mR                            cstackBANK0  0000C4
White@movementCount                 cstackBANK0  0000C6
White@movementMemory                cstackBANK0  0000C8
White@tempTimer                     cstackBANK0  0000CC
White@timerMemory                   cstackBANK0  0000CA
Yellow_rev1_R90@mL                  cstackCOMRAM 000021
Yellow_rev1_R90@mR                  cstackCOMRAM 000023
_ANSELDbits                         (abs)        000EA7
_ANSELFbits                         (abs)        000EB4
_BAUD4CONbits                       (abs)        000EE9
_Blue_T180                          text46       00421A
_CCP1CONbits                        (abs)        000FAB
_CCP2CONbits                        (abs)        000FA7
_CCP3CONbits                        (abs)        000F26
_CCP4CONbits                        (abs)        000F22
_CCPR1H                             (abs)        000FAA
_CCPR2H                             (abs)        000FA6
_CCPR3H                             (abs)        000F25
_CCPR4H                             (abs)        000F21
_CCPTMRS0bits                       (abs)        000FAD
_ClickLEDOn                         text56       004512
_Colour2Action                      text28       003060
_ForwardFlag                        dataBANK0    0000F8
_Green_L90                          text43       003FF8
_HighISR                            intcode      000008
_Hue2Colour                         text27       001592
_I2C_2_Master_Idle                  text17       0045A0
_I2C_2_Master_Init                  text18       004576
_I2C_2_Master_Read                  text11       004490
_I2C_2_Master_RepStart              text10       004686
_I2C_2_Master_Start                 text16       00469A
_I2C_2_Master_Stop                  text15       004690
_I2C_2_Master_Write                 text14       004662
_INTCONbits                         (abs)        000FF2
_Interrupts_init                    text26       00466E
_LATAbits                           (abs)        000F79
_LATCbits                           (abs)        000F7B
_LATDbits                           (abs)        000F7C
_LATEbits                           (abs)        000F7D
_LATFbits                           (abs)        000F7E
_LATGbits                           (abs)        000F7F
_LATHbits                           (abs)        000F80
_LED_init                           text25       004654
_Left45                             text48       003D6C
_LightBlue_L135                     text42       003A82
_Orange_R135                        text41       0039DE
_PIE0bits                           (abs)        000E29
_PIE4bits                           (abs)        000E2D
_PIR0bits                           (abs)        000E33
_PIR4bits                           (abs)        000E37
_PORTFbits                          (abs)        000F8E
_Pink_rev1_L90                      text40       003890
_RAMback                            text39       0040E8
_RC0PPS                             (abs)        000E62
_RC4REG                             (abs)        000EE3
_RC4STAbits                         (abs)        000EE7
_RC7PPS                             (abs)        000E69
_RD5PPS                             (abs)        000E6F
_RD6PPS                             (abs)        000E70
_RE2PPS                             (abs)        000E74
_RE4PPS                             (abs)        000E76
_RG6PPS                             (abs)        000E88
_RGB2Hue                            text20       000E66
_RGB2Hue$3100                       cstackBANK0  0000D5
_RX4PPS                             (abs)        000E15
_Red_R90                            text38       003F7C
_Right45                            text44       003CE2
_SP4BRGH                            (abs)        000EE6
_SP4BRGL                            (abs)        000EE5
_SSP2ADD                            (abs)        000ED6
_SSP2BUF                            (abs)        000ED5
_SSP2CLKPPS                         (abs)        000E1C
_SSP2CON1bits                       (abs)        000ED9
_SSP2CON2                           (abs)        000EDA
_SSP2CON2bits                       (abs)        000EDA
_SSP2DATPPS                         (abs)        000E1D
_SSP2STAT                           (abs)        000ED8
_T0CON0bits                         (abs)        000FD5
_T0CON1bits                         (abs)        000FD6
_T2CLKCONbits                       (abs)        000FBF
_T2CONbits                          (abs)        000FBD
_T2HLTbits                          (abs)        000FBE
_T2PR                               (abs)        000FBC
_TMR0H                              (abs)        000FD4
_TMR0L                              (abs)        000FD3
_TRISAbits                          (abs)        000F81
_TRISCbits                          (abs)        000F83
_TRISDbits                          (abs)        000F84
_TRISEbits                          (abs)        000F85
_TRISFbits                          (abs)        000F86
_TRISGbits                          (abs)        000F87
_TRISHbits                          (abs)        000F88
_TX4REG                             (abs)        000EE4
_TX4STAbits                         (abs)        000EE8
_Timer0_init                        text19       0045EE
_TimerReset                         text37       0046A4
_White                              text29       001F54
_Yellow_rev1_R90                    text36       0037E8
__1square                           dataBANK0    0000F2
__45dleftdelay                      dataBANK0    0000F6
__45drightdelay                     dataBANK0    0000F4
__HRAM                              (abs)        000000
__Habs1                             abs1         000000
__Hbank0                            bank0        000000
__Hbank1                            bank1        000000
__Hbank10                           bank10       000000
__Hbank11                           bank11       000000
__Hbank12                           bank12       000000
__Hbank13                           bank13       000000
__Hbank2                            bank2        000000
__Hbank3                            bank3        000000
__Hbank4                            bank4        000000
__Hbank5                            bank5        000000
__Hbank6                            bank6        000000
__Hbank7                            bank7        000000
__Hbank8                            bank8        000000
__Hbank9                            bank9        000000
__Hbigbss                           bigbss       000000
__Hbigdata                          bigdata      000000
__Hbigram                           bigram       000000
__Hbigsfr                           bigsfr       000000
__Hbss                              bss          000000
__HbssBANK0                         bssBANK0     000000
__HbssBANK1                         bssBANK1     000000
__Hcinit                            cinit        000000
__Hclrtext                          clrtext      000000
__Hcomram                           comram       000000
__Hconfig                           config       30000C
__Hconst                            const        000000
__HcstackBANK0                      cstackBANK0  000000
__HcstackCOMRAM                     cstackCOMRAM 000000
__Hdata                             data         000000
__HdataBANK0                        dataBANK0    000000
__Heeprom_data                      eeprom_data  000000
__Hfarbss                           farbss       000000
__Hfardata                          fardata      000000
__Hheap                             heap         000000
__Hibigdata                         ibigdata     000000
__Hidata                            idata        000000
__HidataBANK0                       idataBANK0   000000
__Hidloc                            idloc        200010
__Hifardata                         ifardata     000000
__Hinit                             init         000030
__Hintcode                          intcode      00002C
__Hintcode_body                     intcode_body 000000
__Hintcodelo                        intcodelo    00002C
__Hintentry                         intentry     000000
__Hintret                           intret       000000
__Hintsave_regs                     intsave_regs 000000
__Hirdata                           irdata       000000
__Hmediumconst                      mediumconst  000000
__HnvFARRAM                         nvFARRAM     000000
__Hnvbit                            nvbit        000000
__Hnvrram                           nvrram       000000
__Hparam                            rparam       000000
__Hpowerup                          powerup      00002C
__Hram                              ram          000000
__Hramtop                           ramtop       000E00
__Hrbit                             rbit         000000
__Hrbss                             rbss         000000
__Hrdata                            rdata        000000
__Hreset_vec                        reset_vec    000004
__Hrparam                           rparam       000000
__Hsfr                              sfr          000000
__Hsmallconst                       smallconst   000E66
__Hspace_0                          (abs)        0046AE
__Hspace_1                          (abs)        000150
__Hspace_2                          (abs)        000000
__Hspace_4                          (abs)        60000C
__Hstack                            stack        000000
__Hstruct                           struct       000000
__Htemp                             temp         000060
__Htext                             text         000000
__Htext0                            text0        000000
__Htext1                            text1        000000
__Htext10                           text10       000000
__Htext11                           text11       000000
__Htext12                           text12       000000
__Htext13                           text13       000000
__Htext14                           text14       000000
__Htext15                           text15       000000
__Htext16                           text16       000000
__Htext17                           text17       000000
__Htext18                           text18       000000
__Htext19                           text19       000000
__Htext2                            text2        000000
__Htext20                           text20       000000
__Htext21                           text21       000000
__Htext22                           text22       000000
__Htext23                           text23       000000
__Htext24                           text24       000000
__Htext25                           text25       000000
__Htext26                           text26       000000
__Htext27                           text27       000000
__Htext28                           text28       000000
__Htext29                           text29       000000
__Htext3                            text3        000000
__Htext30                           text30       000000
__Htext31                           text31       000000
__Htext32                           text32       000000
__Htext33                           text33       000000
__Htext34                           text34       000000
__Htext35                           text35       000000
__Htext36                           text36       000000
__Htext37                           text37       000000
__Htext38                           text38       000000
__Htext39                           text39       000000
__Htext4                            text4        000000
__Htext40                           text40       000000
__Htext41                           text41       000000
__Htext42                           text42       000000
__Htext43                           text43       000000
__Htext44                           text44       000000
__Htext45                           text45       000000
__Htext46                           text46       000000
__Htext47                           text47       000000
__Htext48                           text48       000000
__Htext49                           text49       000000
__Htext5                            text5        000000
__Htext50                           text50       000000
__Htext51                           text51       000000
__Htext52                           text52       000000
__Htext53                           text53       000000
__Htext54                           text54       000000
__Htext55                           text55       000000
__Htext56                           text56       000000
__Htext6                            text6        000000
__Htext7                            text7        000000
__Htext8                            text8        000000
__Htext9                            text9        000000
__LRAM                              (abs)        000001
__Labs1                             abs1         000000
__Lbank0                            bank0        000000
__Lbank1                            bank1        000000
__Lbank10                           bank10       000000
__Lbank11                           bank11       000000
__Lbank12                           bank12       000000
__Lbank13                           bank13       000000
__Lbank2                            bank2        000000
__Lbank3                            bank3        000000
__Lbank4                            bank4        000000
__Lbank5                            bank5        000000
__Lbank6                            bank6        000000
__Lbank7                            bank7        000000
__Lbank8                            bank8        000000
__Lbank9                            bank9        000000
__Lbigbss                           bigbss       000000
__Lbigdata                          bigdata      000000
__Lbigram                           bigram       000000
__Lbigsfr                           bigsfr       000000
__Lbss                              bss          000000
__LbssBANK0                         bssBANK0     000000
__LbssBANK1                         bssBANK1     000000
__Lcinit                            cinit        000000
__Lclrtext                          clrtext      000000
__Lcomram                           comram       000000
__Lconfig                           config       000000
__Lconst                            const        000000
__LcstackBANK0                      cstackBANK0  000000
__LcstackCOMRAM                     cstackCOMRAM 000000
__Ldata                             data         000000
__LdataBANK0                        dataBANK0    000000
__Leeprom_data                      eeprom_data  000000
__Lfarbss                           farbss       000000
__Lfardata                          fardata      000000
__Lheap                             heap         000000
__Libigdata                         ibigdata     000000
__Lidata                            idata        000000
__LidataBANK0                       idataBANK0   000000
__Lidloc                            idloc        000000
__Lifardata                         ifardata     000000
__Linit                             init         00002C
__Lintcode                          intcode      000008
__Lintcode_body                     intcode_body 000000
__Lintcodelo                        intcodelo    00002C
__Lintentry                         intentry     000000
__Lintret                           intret       000000
__Lintsave_regs                     intsave_regs 000000
__Lirdata                           irdata       000000
__Lmediumconst                      mediumconst  000000
__LnvFARRAM                         nvFARRAM     000000
__Lnvbit                            nvbit        000000
__Lnvrram                           nvrram       000000
__Lparam                            rparam       000000
__Lpowerup                          powerup      00002C
__Lram                              ram          000000
__Lramtop                           ramtop       000E00
__Lrbit                             rbit         000000
__Lrbss                             rbss         000000
__Lrdata                            rdata        000000
__Lreset_vec                        reset_vec    000000
__Lrparam                           rparam       000000
__Lsfr                              sfr          000000
__Lsmallconst                       smallconst   000E00
__Lspace_0                          (abs)        000000
__Lspace_1                          (abs)        000000
__Lspace_2                          (abs)        000000
__Lspace_4                          (abs)        000000
__Lstack                            stack        000000
__Lstruct                           struct       000000
__Ltemp                             temp         00005F
__Ltext                             text         000000
__Ltext0                            text0        000000
__Ltext1                            text1        000000
__Ltext10                           text10       000000
__Ltext11                           text11       000000
__Ltext12                           text12       000000
__Ltext13                           text13       000000
__Ltext14                           text14       000000
__Ltext15                           text15       000000
__Ltext16                           text16       000000
__Ltext17                           text17       000000
__Ltext18                           text18       000000
__Ltext19                           text19       000000
__Ltext2                            text2        000000
__Ltext20                           text20       000000
__Ltext21                           text21       000000
__Ltext22                           text22       000000
__Ltext23                           text23       000000
__Ltext24                           text24       000000
__Ltext25                           text25       000000
__Ltext26                           text26       000000
__Ltext27                           text27       000000
__Ltext28                           text28       000000
__Ltext29                           text29       000000
__Ltext3                            text3        000000
__Ltext30                           text30       000000
__Ltext31                           text31       000000
__Ltext32                           text32       000000
__Ltext33                           text33       000000
__Ltext34                           text34       000000
__Ltext35                           text35       000000
__Ltext36                           text36       000000
__Ltext37                           text37       000000
__Ltext38                           text38       000000
__Ltext39                           text39       000000
__Ltext4                            text4        000000
__Ltext40                           text40       000000
__Ltext41                           text41       000000
__Ltext42                           text42       000000
__Ltext43                           text43       000000
__Ltext44                           text44       000000
__Ltext45                           text45       000000
__Ltext46                           text46       000000
__Ltext47                           text47       000000
__Ltext48                           text48       000000
__Ltext49                           text49       000000
__Ltext5                            text5        000000
__Ltext50                           text50       000000
__Ltext51                           text51       000000
__Ltext52                           text52       000000
__Ltext53                           text53       000000
__Ltext54                           text54       000000
__Ltext55                           text55       000000
__Ltext56                           text56       000000
__Ltext6                            text6        000000
__Ltext7                            text7        000000
__Ltext8                            text8        000000
__Ltext9                            text9        000000
__S0                                (abs)        0046AE
__S1                                (abs)        000150
__S4                                (abs)        000000
__S5                                (abs)        000000
___fladd                            text35       001A94
___fladd@a                          cstackCOMRAM 00003F
___fladd@aexp                       cstackCOMRAM 000048
___fladd@b                          cstackCOMRAM 00003B
___fladd@bexp                       cstackCOMRAM 000049
___fladd@grs                        cstackCOMRAM 00004A
___fladd@signs                      cstackCOMRAM 000047
___fldiv                            text24       002824
___fldiv@a                          cstackCOMRAM 000057
___fldiv@aexp                       cstackBANK0  0000CE
___fldiv@b                          cstackCOMRAM 000053
___fldiv@bexp                       cstackBANK0  0000CD
___fldiv@grs                        cstackBANK0  0000C9
___fldiv@new_exp                    cstackBANK0  0000C7
___fldiv@rem                        cstackBANK0  0000C2
___fldiv@sign                       cstackBANK0  0000C6
___fleq                             text23       00373E
___fleq@ff1                         cstackCOMRAM 000001
___fleq@ff2                         cstackCOMRAM 000005
___flge                             text34       00363A
___flge@ff1                         cstackCOMRAM 00004B
___flge@ff2                         cstackCOMRAM 00004F
___flmul                            text32       0023FA
___flmul@a                          cstackCOMRAM 00001E
___flmul@aexp                       cstackCOMRAM 00002B
___flmul@b                          cstackCOMRAM 00001A
___flmul@bexp                       cstackCOMRAM 00002C
___flmul@grs                        cstackCOMRAM 000027
___flmul@prod                       cstackCOMRAM 00002D
___flmul@sign                       cstackCOMRAM 000026
___flmul@temp                       cstackCOMRAM 000031
___flsub                            text22       00444A
___flsub@a                          cstackCOMRAM 00004F
___flsub@b                          cstackCOMRAM 00004B
___fltol                            text21       003534
___fltol@exp1                       cstackCOMRAM 00000A
___fltol@f1                         cstackCOMRAM 000001
___fltol@sign1                      cstackCOMRAM 000009
___heap_hi                          (abs)        000000
___heap_lo                          (abs)        000000
___inthi_sp                         stack        000000
___intlo_sp                         stack        000000
___lwdiv                            text55       004074
___lwdiv@counter                    cstackCOMRAM 00000D
___lwdiv@dividend                   cstackCOMRAM 000007
___lwdiv@divisor                    cstackCOMRAM 000009
___lwdiv@quotient                   cstackCOMRAM 00000B
___param_bank                       (abs)        000000
___rparam_used                      (abs)        000001
___sp                               stack        000000
___wmul                             text54       0045C8
___wmul@multiplicand                cstackCOMRAM 000003
___wmul@multiplier                  cstackCOMRAM 000001
___wmul@product                     cstackCOMRAM 000005
___xxtofl                           text31       003214
___xxtofl@arg                       cstackCOMRAM 000016
___xxtofl@exp                       cstackCOMRAM 000015
___xxtofl@sign                      cstackCOMRAM 000014
___xxtofl@val                       cstackCOMRAM 00000C
__accesstop                         (abs)        000060
__activetblptr                      (abs)        000001
__end_of_Blue_T180                  text46       00426E
__end_of_ClickLEDOn                 text56       004546
__end_of_Colour2Action              text28       003214
__end_of_Green_L90                  text43       004074
__end_of_HighISR                    intcode      00002C
__end_of_Hue2Colour                 text27       001A94
__end_of_I2C_2_Master_Idle          text17       0045C8
__end_of_I2C_2_Master_Init          text18       0045A0
__end_of_I2C_2_Master_Read          text11       0044D2
__end_of_I2C_2_Master_RepStart      text10       004690
__end_of_I2C_2_Master_Start         text16       0046A4
__end_of_I2C_2_Master_Stop          text15       00469A
__end_of_I2C_2_Master_Write         text14       00466E
__end_of_Interrupts_init            text26       00467A
__end_of_LED_init                   text25       004662
__end_of_Left45                     text48       003DF6
__end_of_LightBlue_L135             text42       003B26
__end_of_Orange_R135                text41       003A82
__end_of_Pink_rev1_L90              text40       003938
__end_of_RAMback                    text39       004156
__end_of_RGB2Hue                    text20       001592
__end_of_Red_R90                    text38       003FF8
__end_of_Right45                    text44       003D6C
__end_of_Timer0_init                text19       004612
__end_of_TimerReset                 text37       0046AE
__end_of_White                      text29       0023FA
__end_of_Yellow_rev1_R90            text36       003890
__end_of___fladd                    text35       001F54
__end_of___fldiv                    text24       002BC0
__end_of___fleq                     text23       0037E8
__end_of___flge                     text34       00373E
__end_of___flmul                    text32       002824
__end_of___flsub                    text22       004490
__end_of___fltol                    text21       00363A
__end_of___lwdiv                    text55       0040E8
__end_of___wmul                     text54       0045EE
__end_of___xxtofl                   text31       0033C8
__end_of__initialization            cinit        004438
__end_of_color_click_init           text12       004512
__end_of_color_read_Blue            text9        004400
__end_of_color_read_Clear           text8        0043B0
__end_of_color_read_Green           text7        004360
__end_of_color_read_Red             text6        004310
__end_of_color_writetoaddr          text13       004654
__end_of_colour_read_all            text5        003060
__end_of_fullSpeedAhead             text33       003EFC
__end_of_fullSpeedReverse           text52       003F7C
__end_of_getTimerValue              text30       00421A
__end_of_initDCmotorsPWM            text4        003CE2
__end_of_initUSART4                 text3        004634
__end_of_main                       text0        002E30
__end_of_memoryUpdateMovement       text2        004576
__end_of_memoryUpdateTime           text1        0041B8
__end_of_reverseHalfSquare          text50       003E7C
__end_of_rotate180left              text47       0042C0
__end_of_setMotorPWM                text53       003534
__end_of_stop                       text51       0039DE
__end_of_turnLeft                   text49       003C52
__end_of_turnRight                  text45       003BBC
__halfsquare                        dataBANK0    0000F0
__initialization                    cinit        004400
__mediumconst                       mediumconst  000000
__pbssBANK0                         bssBANK0     000060
__pbssBANK1                         bssBANK1     000100
__pcinit                            cinit        004400
__pcstackBANK0                      cstackBANK0  0000C2
__pcstackCOMRAM                     cstackCOMRAM 000001
__pdataBANK0                        dataBANK0    0000EE
__pidataBANK0                       idataBANK0   00467A
__pintcode                          intcode      000008
__psmallconst                       smallconst   000E00
__ptext0                            text0        002BC0
__ptext1                            text1        004156
__ptext10                           text10       004686
__ptext11                           text11       004490
__ptext12                           text12       0044D2
__ptext13                           text13       004634
__ptext14                           text14       004662
__ptext15                           text15       004690
__ptext16                           text16       00469A
__ptext17                           text17       0045A0
__ptext18                           text18       004576
__ptext19                           text19       0045EE
__ptext2                            text2        004546
__ptext20                           text20       000E66
__ptext21                           text21       003534
__ptext22                           text22       00444A
__ptext23                           text23       00373E
__ptext24                           text24       002824
__ptext25                           text25       004654
__ptext26                           text26       00466E
__ptext27                           text27       001592
__ptext28                           text28       003060
__ptext29                           text29       001F54
__ptext3                            text3        004612
__ptext30                           text30       0041B8
__ptext31                           text31       003214
__ptext32                           text32       0023FA
__ptext33                           text33       003E7C
__ptext34                           text34       00363A
__ptext35                           text35       001A94
__ptext36                           text36       0037E8
__ptext37                           text37       0046A4
__ptext38                           text38       003F7C
__ptext39                           text39       0040E8
__ptext4                            text4        003C52
__ptext40                           text40       003890
__ptext41                           text41       0039DE
__ptext42                           text42       003A82
__ptext43                           text43       003FF8
__ptext44                           text44       003CE2
__ptext45                           text45       003B26
__ptext46                           text46       00421A
__ptext47                           text47       00426E
__ptext48                           text48       003D6C
__ptext49                           text49       003BBC
__ptext5                            text5        002E30
__ptext50                           text50       003DF6
__ptext51                           text51       003938
__ptext52                           text52       003EFC
__ptext53                           text53       0033C8
__ptext54                           text54       0045C8
__ptext55                           text55       004074
__ptext56                           text56       004512
__ptext6                            text6        0042C0
__ptext7                            text7        004310
__ptext8                            text8        004360
__ptext9                            text9        0043B0
__ramtop                            ramtop       000E00
__recogniseColour                   dataBANK0    0000EE
__smallconst                        smallconst   000E00
_color_click_init                   text12       0044D2
_color_read_Blue                    text9        0043B0
_color_read_Clear                   text8        004360
_color_read_Green                   text7        004310
_color_read_Red                     text6        0042C0
_color_writetoaddr                  text13       004634
_colorf                             bssBANK0     00008E
_colorrel                           bssBANK0     0000A4
_colour_read_all                    text5        002E30
_colour_read_all$3099               cstackBANK0  0000D7
_fullSpeedAhead                     text33       003E7C
_fullSpeedReverse                   text52       003EFC
_getTimerValue                      text30       0041B8
_initDCmotorsPWM                    text4        003C52
_initUSART4                         text3        004612
_main                               text0        002BC0
_maxTime                            bssBANK0     000064
_memoryUpdateMovement               text2        004546
_memoryUpdateTime                   text1        004156
_motorL                             bssBANK0     0000B9
_motorR                             bssBANK0     0000B0
_movementCount                      bssBANK0     000062
_movementMemory                     bssBANK0     000066
_retracingDone                      bssBANK0     000060
_reverseHalfSquare                  text50       003DF6
_rotate180left                      text47       00426E
_setMotorPWM                        text53       0033C8
_stop                               text51       003938
_timerMemory                        bssBANK1     000100
_turnLeft                           text49       003BBC
_turnRight                          text45       003B26
btemp                               temp         00005F
color_read_Blue@tmp                 cstackCOMRAM 00000A
color_read_Clear@tmp                cstackCOMRAM 00000A
color_read_Green@tmp                cstackCOMRAM 00000A
color_read_Red@tmp                  cstackCOMRAM 00000A
color_writetoaddr@address           cstackCOMRAM 000004
color_writetoaddr@value             cstackCOMRAM 000003
colour_read_all@B                   cstackBANK0  0000E3
colour_read_all@C                   cstackBANK0  0000D3
colour_read_all@G                   cstackBANK0  0000DF
colour_read_all@R                   cstackBANK0  0000DB
colour_read_all@cf                  cstackBANK0  0000CF
colour_read_all@rel                 cstackBANK0  0000D1
colour_read_all@total               cstackBANK0  0000E7
end_of_initialization               cinit        004438
fullSpeedAhead@i                    cstackCOMRAM 000019
fullSpeedAhead@mL                   cstackCOMRAM 000014
fullSpeedAhead@mR                   cstackCOMRAM 000016
fullSpeedReverse@i                  cstackCOMRAM 000019
fullSpeedReverse@mL                 cstackCOMRAM 000014
fullSpeedReverse@mR                 cstackCOMRAM 000016
getTimerValue@timerCount            cstackCOMRAM 000039
initDCmotorsPWM@PWMperiod           cstackCOMRAM 000001
int$flags                           temp         00005F
intlevel0                           text         000000
intlevel1                           text         000000
intlevel2                           text         000000
intlevel3                           text         000000
isa$std                             (abs)        000001
isa$xinst                           (abs)        000000
main@wall                           cstackBANK0  0000ED
memoryUpdateMovement@cf             cstackCOMRAM 000001
memoryUpdateMovement@colourcode     cstackCOMRAM 000007
memoryUpdateMovement@movementCount  cstackCOMRAM 000003
memoryUpdateMovement@movementMemory cstackCOMRAM 000005
memoryUpdateTime@movementCount      cstackCOMRAM 00004B
memoryUpdateTime@timerMemory        cstackCOMRAM 00004D
memoryUpdateTime@timerVal           cstackCOMRAM 00004F
reverseHalfSquare@mL                cstackCOMRAM 00001B
reverseHalfSquare@mR                cstackCOMRAM 00001D
rotate180left@mL                    cstackCOMRAM 000020
rotate180left@mR                    cstackCOMRAM 000022
setMotorPWM@m                       cstackCOMRAM 00000E
setMotorPWM@negDuty                 cstackCOMRAM 000013
setMotorPWM@posDuty                 cstackCOMRAM 000012
stackhi                             (abs)        000000
stacklo                             (abs)        000000
start                               init         00002C
start_initialization                cinit        004400
stop@mL                             cstackCOMRAM 000014
stop@mR                             cstackCOMRAM 000016
ttemp5                              temp         000060
ttemp6                              temp         000063
ttemp7                              temp         000067
turnLeft@i                          cstackCOMRAM 000018
turnLeft@mL                         cstackCOMRAM 000014
turnLeft@mR                         cstackCOMRAM 000016
turnRight@i                         cstackCOMRAM 000018
turnRight@mL                        cstackCOMRAM 000014
turnRight@mR                        cstackCOMRAM 000016
wtemp8                              temp         000060


MODULE INFORMATION

Module		Function		Class		Link	Load	Size
C:\Program Files\Microchip\xc8\v2.40\pic\sources\c99\common\sprcmul.c
		___flmul       		CODE           	23FA	0000	1066

C:\Program Files\Microchip\xc8\v2.40\pic\sources\c99\common\sprcmul.c estimated size: 1066

serial.c
		_initUSART4    		CODE           	4612	0000	34

serial.c estimated size: 34

C:\Program Files\Microchip\xc8\v2.40\pic\sources\c99\common\sprcdiv.c
		___fldiv       		CODE           	2824	0000	924

C:\Program Files\Microchip\xc8\v2.40\pic\sources\c99\common\sprcdiv.c estimated size: 924

colorfunctions.c
		_Hue2Colour    		CODE           	1592	0000	1282
		_Colour2Action 		CODE           	3060	0000	436
		_RGB2Hue       		CODE           	0E66	0000	1836
		_colour_read_all		CODE           	2E30	0000	560

colorfunctions.c estimated size: 4114

C:\Program Files\Microchip\xc8\v2.40\pic\sources\c99\common\lwdiv.c
		___lwdiv       		CODE           	4074	0000	116

C:\Program Files\Microchip\xc8\v2.40\pic\sources\c99\common\lwdiv.c estimated size: 116

C:\Program Files\Microchip\xc8\v2.40\pic\sources\c99\common\fltol.c
		___fltol       		CODE           	3534	0000	262

C:\Program Files\Microchip\xc8\v2.40\pic\sources\c99\common\fltol.c estimated size: 262

LED.c
		_LED_init      		CODE           	4654	0000	14

LED.c estimated size: 14

C:\Program Files\Microchip\xc8\v2.40\pic\sources\c99\common\Umul16.c
		___wmul        		CODE           	45C8	0000	38

C:\Program Files\Microchip\xc8\v2.40\pic\sources\c99\common\Umul16.c estimated size: 38

C:\Program Files\Microchip\xc8\v2.40\pic\sources\c99\common\fleq.c
		___fleq        		CODE           	373E	0000	170

C:\Program Files\Microchip\xc8\v2.40\pic\sources\c99\common\fleq.c estimated size: 170

dc_motor.c
		_fullSpeedReverse		CODE           	3EFC	0000	128
		_White         		CODE           	1F54	0000	1190
		_reverseHalfSquare		CODE           	3DF6	0000	134
		_fullSpeedAhead		CODE           	3E7C	0000	128
		_turnLeft      		CODE           	3BBC	0000	150
		_Green_L90     		CODE           	3FF8	0000	124
		_stop          		CODE           	3938	0000	166
		_Pink_rev1_L90 		CODE           	3890	0000	168
		_initDCmotorsPWM		CODE           	3C52	0000	144
		_turnRight     		CODE           	3B26	0000	150
		_Red_R90       		CODE           	3F7C	0000	124
		_RAMback       		CODE           	40E8	0000	110
		_setMotorPWM   		CODE           	33C8	0000	364
		_rotate180left 		CODE           	426E	0000	82
		_Left45        		CODE           	3D6C	0000	138
		_LightBlue_L135		CODE           	3A82	0000	164
		_Blue_T180     		CODE           	421A	0000	84
		_Yellow_rev1_R90		CODE           	37E8	0000	168
		_Orange_R135   		CODE           	39DE	0000	164
		_Right45       		CODE           	3CE2	0000	138

dc_motor.c estimated size: 4018

interrupts.c
		_Interrupts_init		CODE           	466E	0000	12
		_HighISR       		CODE           	0008	0000	36

interrupts.c estimated size: 48

timer.c
		_Timer0_init   		CODE           	45EE	0000	36
		_getTimerValue 		CODE           	41B8	0000	98
		_TimerReset    		CODE           	46A4	0000	10

timer.c estimated size: 144

colorclick.c
		_ClickLEDOn    		CODE           	4512	0000	52
		_color_writetoaddr		CODE           	4634	0000	32
		_color_click_init		CODE           	44D2	0000	64
		_color_read_Green		CODE           	4310	0000	80
		_color_read_Clear		CODE           	4360	0000	80
		_color_read_Red		CODE           	42C0	0000	80
		_color_read_Blue		CODE           	43B0	0000	80

colorclick.c estimated size: 468

i2c.c
		_I2C_2_Master_Start		CODE           	469A	0000	10
		_I2C_2_Master_Read		CODE           	4490	0000	66
		_I2C_2_Master_Idle		CODE           	45A0	0000	40
		_I2C_2_Master_Init		CODE           	4576	0000	42
		_I2C_2_Master_Stop		CODE           	4690	0000	10
		_I2C_2_Master_RepStart		CODE           	4686	0000	10
		_I2C_2_Master_Write		CODE           	4662	0000	12

i2c.c estimated size: 190

C:\Program Files\Microchip\xc8\v2.40\pic\sources\c99\common\sprcadd.c
		___flsub       		CODE           	444A	0000	70
		___fladd       		CODE           	1A94	0000	1216

C:\Program Files\Microchip\xc8\v2.40\pic\sources\c99\common\sprcadd.c estimated size: 1286

C:\Program Files\Microchip\xc8\v2.40\pic\sources\c99\common\xxtofl.c
		___xxtofl      		CODE           	3214	0000	436

C:\Program Files\Microchip\xc8\v2.40\pic\sources\c99\common\xxtofl.c estimated size: 436

shared
		__initialization		CODE           	4400	0000	56

shared estimated size: 56

C:\Program Files\Microchip\xc8\v2.40\pic\sources\c99\common\flge.c
		___flge        		CODE           	363A	0000	260

C:\Program Files\Microchip\xc8\v2.40\pic\sources\c99\common\flge.c estimated size: 260

main.c
		_main          		CODE           	2BC0	0000	624

main.c estimated size: 624

memory.c
		_memoryUpdateTime		CODE           	4156	0000	98
		_memoryUpdateMovement		CODE           	4546	0000	48

memory.c estimated size: 146

