Microchip MPLAB XC8 Compiler V2.40

Linker command line:

-W-3 \
  --edf=C:\Program Files\Microchip\xc8\v2.40\pic\dat\20220703182018_en.msgs \
  -cn -h+dist/default/production\final-project-olivier.X.production.sym \
  --cmf=dist/default/production\final-project-olivier.X.production.cmf -z \
  -Q18LF67K40 -oC:\Users\olive\AppData\Local\Temp\xcAs13h8.4 \
  --defsym=__MPLAB_BUILD=1 --fixupoverflow=error \
  -Mdist/default/production/final-project-olivier.X.production.map \
  --md=C:\Users\olive\AppData\Local\Temp\xcAs13h8.dat -E1 -ver=XC8 Compiler \
  --acfsm=1493 -ACODE=00h-01FFFFh -ACONST=00h-01FFFFh \
  -ASMALLCONST=0E00h-0EFFhx498 -AMEDIUMCONST=0E00h-0FFFFh,010E00h-01FFFFh \
  -ACOMRAM=01h-05Fh -AABS1=00h-0DE9h -ABIGRAM=01h-0DE9h \
  -ARAM=060h-0FFh,0100h-01FFhx12,0D00h-0DE9h -ABANK0=060h-0FFh \
  -ABANK1=0100h-01FFh -ABANK2=0200h-02FFh -ABANK3=0300h-03FFh \
  -ABANK4=0400h-04FFh -ABANK5=0500h-05FFh -ABANK6=0600h-06FFh \
  -ABANK7=0700h-07FFh -ABANK8=0800h-08FFh -ABANK9=0900h-09FFh \
  -ABANK10=0A00h-0AFFh -ABANK11=0B00h-0BFFh -ABANK12=0C00h-0CFFh \
  -ABANK13=0D00h-0DE9h \
  -ASFR=0DEFh-0DFFh,0E00h-0EFFh,0F00h-0F5Fh,0F60h-0FFFh \
  -ABIGSFR=0DEFh-0FFFh -ACONFIG=0300000h-030000Bh -AIDLOC=0200000h-020000Fh \
  -AEEDATA=0310000h-03103FFh -peeprom_data=EEDATA \
  -preset_vec=00h,intcode=08h,intcodelo,powerup,init -pramtop=0E00h \
  -psmallconst=SMALLCONST -pmediumconst=MEDIUMCONST -pconst=CONST \
  -AFARRAM=00h-00h \
  -prdata=COMRAM,nvrram=COMRAM,nvbit=COMRAM,rbss=COMRAM,rbit=COMRAM \
  -pfarbss=FARRAM,fardata=FARRAM,nvFARRAM=FARRAM \
  -pintsave_regs=BIGRAM,bigbss=BIGRAM,bigdata=BIGRAM -pbss=RAM \
  -pidata=CODE,irdata=CODE,ibigdata=CODE,ifardata=CODE -prparam=COMRAM \
  C:\Users\olive\AppData\Local\Temp\xcAs13h8.o \
  dist/default/production\final-project-olivier.X.production.o 

Object code version is 3.11

Machine type is 18LF67K40



                Name                               Link     Load   Length Selector   Space Scale
C:\Users\olive\AppData\Local\Temp\xcAs13h8.o
                idloc                            200000   200000       10        0       5
                config                           300000   300000        C        0       4
                init                                 2C       2C        4        4       0
                reset_vec                             0        0        4        0       0
dist/default/production\final-project-olivier.X.production.o
                intcode                               8        8       24        4       0
                idloc                            200000   200000       10        0       5
                config                           300000   300000        C        0       4
                temp                                 5F       5F        1        1       1
                smallconst                          E00      E00       52      700       0
                text66                             48CA     48CA       34      729       0
                text65                             3714     3714      104      729       0
                text64                             157E     157E      4EE      729       0
                text63                             4A0C     4A0C       18      729       0
                text62                             4892     4892       38      729       0
                text61                             4A84     4A84        2     251B       0
                text60                             38F6     38F6       CA      729       0
                text59                             46A0     46A0       50      729       0
                text58                             33CC     33CC      13C      729       0
                text57                             3818     3818       DE      729       0
                text56                             3272     3272      15A      729       0
                text55                             473E     473E       4E      729       0
                text54                             46F0     46F0       4E      729       0
                text53                             4854     4854       3E      729       0
                text52                             438C     438C       74      729       0
                text51                             4980     4980       26      729       0
                text50                             3106     3106      16C      729       0
                text49                             4214     4214       80      729       0
                text48                             3BBA     3BBA       A6      729       0
                text47                             410E     410E       86      729       0
                text46                             3ED4     3ED4       96      729       0
                text45                             4084     4084       8A      729       0
                text44                             450E     450E       52      729       0
                text43                             44BA     44BA       54      729       0
                text42                             3E3E     3E3E       96      729       0
                text41                             3FFA     3FFA       8A      729       0
                text40                             4310     4310       7C      729       0
                text39                             3D04     3D04       A4      729       0
                text38                             3C60     3C60       A4      729       0
                text37                             3B12     3B12       A8      729       0
                text36                             4294     4294       7C      729       0
                text35                             4A7A     4A7A        A     251B       0
                text34                             3A6A     3A6A       A8      729       0
                text33                             1A6C     1A6C      4C0      729       0
                text32                             4194     4194       80      729       0
                text31                             2396     2396      42A      729       0
                text30                             2F52     2F52      1B4      729       0
                text29                             4400     4400       62      729       0
                text28                             1F2C     1F2C      46A      729       0
                text27                             2D7A     2D7A      1D8      729       0
                text26                             4A50     4A50        C     251B       0
                text25                             4A36     4A36        E     251B       0
                text24                             27C0     27C0      39C      729       0
                text23                             39C0     39C0       AA      729       0
                text22                             478C     478C       46      729       0
                text21                             360E     360E      106      729       0
                text20                              E52      E52      72C      729       0
                text19                             49A6     49A6       24      729       0
                text18                             492E     492E       2A      729       0
                text17                             4958     4958       28      729       0
                text16                             4A70     4A70        A     251B       0
                text15                             4A66     4A66        A     251B       0
                text14                             4A44     4A44        C     251B       0
                text13                             49EC     49EC       20      729       0
                text12                             4814     4814       40      729       0
                text11                             47D2     47D2       42      729       0
                text10                             4A5C     4A5C        A     251B       0
                text9                              4650     4650       50      729       0
                text8                              4600     4600       50      729       0
                text7                              45B0     45B0       50      729       0
                text6                              4560     4560       50      729       0
                text5                              3508     3508      106      729       0
                text4                              3F6A     3F6A       90      729       0
                text3                              49CA     49CA       22      729       0
                text2                              48FE     48FE       30      729       0
                text1                              3DA8     3DA8       96      729       0
                text0                              2B5C     2B5C      21E      729       0
                cstackCOMRAM                          1        1       5E        1       1
                cstackBANK0                          60       60       82       60       1
                dataBANK1                           1AE      1AE       11      100       1
                bssBANK1                            100      100       AE      100       1
                dataBANK0                            FF       FF        1       60       1
                bssBANK0                             E2       E2       1D       60       1
                cinit                              4462     4462       58      729       0
                idataBANK1                         4A24     4A24       11      729       0
                idataBANK0                         4A86     4A86        1     251B       0

TOTAL           Name                               Link     Load   Length     Space
        CLASS   CODE           
                intcode                               8        8       24         0
                init                                 2C       2C        4         0
                reset_vec                             0        0        4         0
                text66                             48CA     48CA       34         0
                text65                             3714     3714      104         0
                text64                             157E     157E      4EE         0
                text63                             4A0C     4A0C       18         0
                text62                             4892     4892       38         0
                text61                             4A84     4A84        2         0
                text60                             38F6     38F6       CA         0
                text59                             46A0     46A0       50         0
                text58                             33CC     33CC      13C         0
                text57                             3818     3818       DE         0
                text56                             3272     3272      15A         0
                text55                             473E     473E       4E         0
                text54                             46F0     46F0       4E         0
                text53                             4854     4854       3E         0
                text52                             438C     438C       74         0
                text51                             4980     4980       26         0
                text50                             3106     3106      16C         0
                text49                             4214     4214       80         0
                text48                             3BBA     3BBA       A6         0
                text47                             410E     410E       86         0
                text46                             3ED4     3ED4       96         0
                text45                             4084     4084       8A         0
                text44                             450E     450E       52         0
                text43                             44BA     44BA       54         0
                text42                             3E3E     3E3E       96         0
                text41                             3FFA     3FFA       8A         0
                text40                             4310     4310       7C         0
                text39                             3D04     3D04       A4         0
                text38                             3C60     3C60       A4         0
                text37                             3B12     3B12       A8         0
                text36                             4294     4294       7C         0
                text35                             4A7A     4A7A        A         0
                text34                             3A6A     3A6A       A8         0
                text33                             1A6C     1A6C      4C0         0
                text32                             4194     4194       80         0
                text31                             2396     2396      42A         0
                text30                             2F52     2F52      1B4         0
                text29                             4400     4400       62         0
                text28                             1F2C     1F2C      46A         0
                text27                             2D7A     2D7A      1D8         0
                text26                             4A50     4A50        C         0
                text25                             4A36     4A36        E         0
                text24                             27C0     27C0      39C         0
                text23                             39C0     39C0       AA         0
                text22                             478C     478C       46         0
                text21                             360E     360E      106         0
                text20                              E52      E52      72C         0
                text19                             49A6     49A6       24         0
                text18                             492E     492E       2A         0
                text17                             4958     4958       28         0
                text16                             4A70     4A70        A         0
                text15                             4A66     4A66        A         0
                text14                             4A44     4A44        C         0
                text13                             49EC     49EC       20         0
                text12                             4814     4814       40         0
                text11                             47D2     47D2       42         0
                text10                             4A5C     4A5C        A         0
                text9                              4650     4650       50         0
                text8                              4600     4600       50         0
                text7                              45B0     45B0       50         0
                text6                              4560     4560       50         0
                text5                              3508     3508      106         0
                text4                              3F6A     3F6A       90         0
                text3                              49CA     49CA       22         0
                text2                              48FE     48FE       30         0
                text1                              3DA8     3DA8       96         0
                text0                              2B5C     2B5C      21E         0
                cinit                              4462     4462       58         0
                idataBANK1                         4A24     4A24       11         0
                idataBANK0                         4A86     4A86        1         0

        CLASS   CONST          

        CLASS   SMALLCONST     
                smallconst                          E00      E00       52         0

        CLASS   MEDIUMCONST    

        CLASS   COMRAM         
                temp                                 5F       5F        1         1
                cstackCOMRAM                          1        1       5E         1

        CLASS   ABS1           

        CLASS   BIGRAM         

        CLASS   RAM            

        CLASS   BANK0          
                cstackBANK0                          60       60       82         1
                dataBANK0                            FF       FF        1         1
                bssBANK0                             E2       E2       1D         1

        CLASS   BANK1          
                dataBANK1                           1AE      1AE       11         1
                bssBANK1                            100      100       AE         1

        CLASS   BANK2          

        CLASS   BANK3          

        CLASS   BANK4          

        CLASS   BANK5          

        CLASS   BANK6          

        CLASS   BANK7          

        CLASS   BANK8          

        CLASS   BANK9          

        CLASS   BANK10         

        CLASS   BANK11         

        CLASS   BANK12         

        CLASS   BANK13         

        CLASS   SFR            

        CLASS   BIGSFR         

        CLASS   CONFIG         
                config                           300000   300000        C         4

        CLASS   IDLOC          
                idloc                            200000   200000       10         5

        CLASS   EEDATA         

        CLASS   FARRAM         

        CLASS   HEAP           

        CLASS   STACK          



SEGMENTS        Name                           Load    Length   Top    Selector   Space  Class

                reset_vec                      000000  000004  000004         0       0  CODE    
                cstackCOMRAM                   000001  00005F  000060         1       1  COMRAM  
                intcode                        000008  000028  000030         4       0  CODE    
                cstackBANK0                    000060  0000A0  000100        60       1  BANK0   
                bssBANK1                       000100  0000BF  0001BF       100       1  BANK1   
                smallconst                     000E00  000052  000E52       700       0  SMALLCON
                text20                         000E52  003BE3  004A35       729       0  CODE    
                text25                         004A36  000051  004A87      251B       0  CODE    


UNUSED ADDRESS RANGES

        Name                Unused          Largest block    Delta
        BANK1            0001BF-0001FF               41
        BANK10           000A00-000AFF              100
        BANK11           000B00-000BFF              100
        BANK12           000C00-000CFF              100
        BANK13           000D00-000DE9               EA
        BANK2            000200-0002FF              100
        BANK3            000300-0003FF              100
        BANK4            000400-0004FF              100
        BANK5            000500-0005FF              100
        BANK6            000600-0006FF              100
        BANK7            000700-0007FF              100
        BANK8            000800-0008FF              100
        BANK9            000900-0009FF              100
        BIGRAM           0001BF-000DE9              C2B
        BIGSFR           000DEF-000FFF              211
        CODE             000004-000007                4
                         000030-000DFF              DD0
                         004A35-004A35                1
                         004A87-01FFFF            1B579
        CONST            000004-000007                4
                         000030-000DFF              DD0
                         004A35-004A35                1
                         004A87-01FFFF            1B579
        EEDATA           310000-3103FF              400
        MEDIUMCONST      004A35-004A35                1
                         004A87-00FFFF             B579
                         010E00-01FFFF             F200
        RAM              0001BF-000DE9              100
        SFR              000DEF-000FFF              100
        SMALLCONST       004A35-004A35                1
                         004A87-01FFFF              100

                                  Symbol Table

?_Hue2Colour                        cstackCOMRAM 000057
?___fladd                           cstackCOMRAM 00003B
?___fldiv                           cstackCOMRAM 000053
?___flmul                           cstackCOMRAM 00001A
?___flsub                           cstackCOMRAM 00004B
?___fltol                           cstackCOMRAM 000001
?___lwdiv                           cstackCOMRAM 000007
?___wmul                            cstackCOMRAM 000001
?___xxtofl                          cstackCOMRAM 00000C
?_color_read_Blue                   cstackCOMRAM 000005
?_color_read_Clear                  cstackCOMRAM 000005
?_color_read_Green                  cstackCOMRAM 000005
?_color_read_Red                    cstackCOMRAM 000005
?_getTimerValue                     cstackCOMRAM 000033
?_sprintf                           cstackCOMRAM 000032
?_strlen                            cstackCOMRAM 000001
?_strncmp                           cstackCOMRAM 000001
?_vfprintf                          cstackCOMRAM 00002A
Blue_T180@mL                        cstackCOMRAM 000024
Blue_T180@mR                        cstackCOMRAM 000026
ClickLEDOn@power                    cstackCOMRAM 000001
Color2String@buf                    cstackCOMRAM 00005B
Color2String@cf                     cstackCOMRAM 00005D
Color2String@colourname             cstackBANK0  000060
Colour2Action@cf                    cstackCOMRAM 00005B
Green_L90@mL                        cstackCOMRAM 000021
Green_L90@mR                        cstackCOMRAM 000023
Hue2Colour@cf                       cstackCOMRAM 000057
Hue2Colour@colourname               cstackCOMRAM 000059
I2C_2_Master_Read@ack               cstackCOMRAM 000003
I2C_2_Master_Read@tmp               cstackCOMRAM 000004
I2C_2_Master_Write@data_byte        cstackCOMRAM 000002
Left45@mL                           cstackCOMRAM 00001A
Left45@mR                           cstackCOMRAM 00001C
LightBlue_L135@mL                   cstackCOMRAM 000021
LightBlue_L135@mR                   cstackCOMRAM 000023
Orange_R135@mL                      cstackCOMRAM 000021
Orange_R135@mR                      cstackCOMRAM 000023
Pink_rev1_L90@mL                    cstackCOMRAM 000021
Pink_rev1_L90@mR                    cstackCOMRAM 000023
RGB2Hue@cf                          cstackBANK0  00006D
RGB2Hue@max                         cstackBANK0  000077
RGB2Hue@min                         cstackBANK0  000079
Red_R90@mL                          cstackCOMRAM 000021
Red_R90@mR                          cstackCOMRAM 000023
Right45@mL                          cstackCOMRAM 00001A
Right45@mR                          cstackCOMRAM 00001C
White@i                             cstackBANK0  00006E
White@mL                            cstackBANK0  000060
White@mR                            cstackBANK0  000062
White@movementCount                 cstackBANK0  000064
White@movementMemory                cstackBANK0  000066
White@tempTimer                     cstackBANK0  00006A
White@timerMemory                   cstackBANK0  000068
Yellow_rev1_R90@mL                  cstackCOMRAM 000021
Yellow_rev1_R90@mR                  cstackCOMRAM 000023
_ANSELDbits                         (abs)        000EA7
_ANSELFbits                         (abs)        000EB4
_BAUD4CONbits                       (abs)        000EE9
_Blue_T180                          text43       0044BA
_CCP1CONbits                        (abs)        000FAB
_CCP2CONbits                        (abs)        000FA7
_CCP3CONbits                        (abs)        000F26
_CCP4CONbits                        (abs)        000F22
_CCPR1H                             (abs)        000FAA
_CCPR2H                             (abs)        000FA6
_CCPR3H                             (abs)        000F25
_CCPR4H                             (abs)        000F21
_CCPTMRS0bits                       (abs)        000FAD
_ClickLEDOn                         text66       0048CA
_Color2String                       text53       004854
_Colour2Action                      text27       002D7A
_ForwardFlag                        dataBANK0    0000FF
_Green_L90                          text40       004310
_HighISR                            intcode      000008
_Hue2Colour                         text64       00157E
_I2C_2_Master_Idle                  text17       004958
_I2C_2_Master_Init                  text18       00492E
_I2C_2_Master_Read                  text11       0047D2
_I2C_2_Master_RepStart              text10       004A5C
_I2C_2_Master_Start                 text16       004A70
_I2C_2_Master_Stop                  text15       004A66
_I2C_2_Master_Write                 text14       004A44
_INTCONbits                         (abs)        000FF2
_Interrupts_init                    text26       004A50
_LATAbits                           (abs)        000F79
_LATCbits                           (abs)        000F7B
_LATDbits                           (abs)        000F7C
_LATEbits                           (abs)        000F7D
_LATFbits                           (abs)        000F7E
_LATGbits                           (abs)        000F7F
_LATHbits                           (abs)        000F80
_LED_init                           text25       004A36
_Left45                             text45       004084
_LightBlue_L135                     text39       003D04
_Orange_R135                        text38       003C60
_PIE0bits                           (abs)        000E29
_PIE4bits                           (abs)        000E2D
_PIR0bits                           (abs)        000E33
_PIR4bits                           (abs)        000E37
_PORTFbits                          (abs)        000F8E
_Pink_rev1_L90                      text37       003B12
_RC0PPS                             (abs)        000E62
_RC4REG                             (abs)        000EE3
_RC4STAbits                         (abs)        000EE7
_RC7PPS                             (abs)        000E69
_RD5PPS                             (abs)        000E6F
_RD6PPS                             (abs)        000E70
_RE2PPS                             (abs)        000E74
_RE4PPS                             (abs)        000E76
_RG6PPS                             (abs)        000E88
_RGB2Hue                            text20       000E52
_RGB2Hue$3161                       cstackBANK0  000073
_RX4PPS                             (abs)        000E15
_Red_R90                            text36       004294
_Right45                            text41       003FFA
_SP4BRGH                            (abs)        000EE6
_SP4BRGL                            (abs)        000EE5
_SSP2ADD                            (abs)        000ED6
_SSP2BUF                            (abs)        000ED5
_SSP2CLKPPS                         (abs)        000E1C
_SSP2CON1bits                       (abs)        000ED9
_SSP2CON2                           (abs)        000EDA
_SSP2CON2bits                       (abs)        000EDA
_SSP2DATPPS                         (abs)        000E1D
_SSP2STAT                           (abs)        000ED8
_T0CON0bits                         (abs)        000FD5
_T0CON1bits                         (abs)        000FD6
_T2CLKCONbits                       (abs)        000FBF
_T2CONbits                          (abs)        000FBD
_T2HLTbits                          (abs)        000FBE
_T2PR                               (abs)        000FBC
_TMR0H                              (abs)        000FD4
_TMR0L                              (abs)        000FD3
_TRISAbits                          (abs)        000F81
_TRISCbits                          (abs)        000F83
_TRISDbits                          (abs)        000F84
_TRISEbits                          (abs)        000F85
_TRISFbits                          (abs)        000F86
_TRISGbits                          (abs)        000F87
_TRISHbits                          (abs)        000F88
_TX4REG                             (abs)        000EE4
_TX4STAbits                         (abs)        000EE8
_Timer0_init                        text19       0049A6
_TimerReset                         text35       004A7A
_White                              text28       001F2C
_Yellow_rev1_R90                    text34       003A6A
__1square                           dataBANK1    0001B9
__45dleftdelay                      dataBANK1    0001BD
__45drightdelay                     dataBANK1    0001BB
__HRAM                              (abs)        000000
__Habs1                             abs1         000000
__Hbank0                            bank0        000000
__Hbank1                            bank1        000000
__Hbank10                           bank10       000000
__Hbank11                           bank11       000000
__Hbank12                           bank12       000000
__Hbank13                           bank13       000000
__Hbank2                            bank2        000000
__Hbank3                            bank3        000000
__Hbank4                            bank4        000000
__Hbank5                            bank5        000000
__Hbank6                            bank6        000000
__Hbank7                            bank7        000000
__Hbank8                            bank8        000000
__Hbank9                            bank9        000000
__Hbigbss                           bigbss       000000
__Hbigdata                          bigdata      000000
__Hbigram                           bigram       000000
__Hbigsfr                           bigsfr       000000
__Hbss                              bss          000000
__HbssBANK0                         bssBANK0     000000
__HbssBANK1                         bssBANK1     000000
__Hcinit                            cinit        000000
__Hclrtext                          clrtext      000000
__Hcomram                           comram       000000
__Hconfig                           config       30000C
__Hconst                            const        000000
__HcstackBANK0                      cstackBANK0  000000
__HcstackCOMRAM                     cstackCOMRAM 000000
__Hdata                             data         000000
__HdataBANK0                        dataBANK0    000000
__HdataBANK1                        dataBANK1    000000
__Heeprom_data                      eeprom_data  000000
__Hfarbss                           farbss       000000
__Hfardata                          fardata      000000
__Hheap                             heap         000000
__Hibigdata                         ibigdata     000000
__Hidata                            idata        000000
__HidataBANK0                       idataBANK0   000000
__HidataBANK1                       idataBANK1   000000
__Hidloc                            idloc        200010
__Hifardata                         ifardata     000000
__Hinit                             init         000030
__Hintcode                          intcode      00002C
__Hintcode_body                     intcode_body 000000
__Hintcodelo                        intcodelo    00002C
__Hintentry                         intentry     000000
__Hintret                           intret       000000
__Hintsave_regs                     intsave_regs 000000
__Hirdata                           irdata       000000
__Hmediumconst                      mediumconst  000000
__HnvFARRAM                         nvFARRAM     000000
__Hnvbit                            nvbit        000000
__Hnvrram                           nvrram       000000
__Hparam                            rparam       000000
__Hpowerup                          powerup      00002C
__Hram                              ram          000000
__Hramtop                           ramtop       000E00
__Hrbit                             rbit         000000
__Hrbss                             rbss         000000
__Hrdata                            rdata        000000
__Hreset_vec                        reset_vec    000004
__Hrparam                           rparam       000000
__Hsfr                              sfr          000000
__Hsmallconst                       smallconst   000E52
__Hspace_0                          (abs)        004A87
__Hspace_1                          (abs)        0001BF
__Hspace_2                          (abs)        000000
__Hspace_4                          (abs)        60000C
__Hstack                            stack        000000
__Hstruct                           struct       000000
__Htemp                             temp         000060
__Htext                             text         000000
__Htext0                            text0        000000
__Htext1                            text1        000000
__Htext10                           text10       000000
__Htext11                           text11       000000
__Htext12                           text12       000000
__Htext13                           text13       000000
__Htext14                           text14       000000
__Htext15                           text15       000000
__Htext16                           text16       000000
__Htext17                           text17       000000
__Htext18                           text18       000000
__Htext19                           text19       000000
__Htext2                            text2        000000
__Htext20                           text20       000000
__Htext21                           text21       000000
__Htext22                           text22       000000
__Htext23                           text23       000000
__Htext24                           text24       000000
__Htext25                           text25       000000
__Htext26                           text26       000000
__Htext27                           text27       000000
__Htext28                           text28       000000
__Htext29                           text29       000000
__Htext3                            text3        000000
__Htext30                           text30       000000
__Htext31                           text31       000000
__Htext32                           text32       000000
__Htext33                           text33       000000
__Htext34                           text34       000000
__Htext35                           text35       000000
__Htext36                           text36       000000
__Htext37                           text37       000000
__Htext38                           text38       000000
__Htext39                           text39       000000
__Htext4                            text4        000000
__Htext40                           text40       000000
__Htext41                           text41       000000
__Htext42                           text42       000000
__Htext43                           text43       000000
__Htext44                           text44       000000
__Htext45                           text45       000000
__Htext46                           text46       000000
__Htext47                           text47       000000
__Htext48                           text48       000000
__Htext49                           text49       000000
__Htext5                            text5        000000
__Htext50                           text50       000000
__Htext51                           text51       000000
__Htext52                           text52       000000
__Htext53                           text53       000000
__Htext54                           text54       000000
__Htext55                           text55       000000
__Htext56                           text56       000000
__Htext57                           text57       000000
__Htext58                           text58       000000
__Htext59                           text59       000000
__Htext6                            text6        000000
__Htext60                           text60       000000
__Htext61                           text61       000000
__Htext62                           text62       000000
__Htext63                           text63       000000
__Htext64                           text64       000000
__Htext65                           text65       000000
__Htext66                           text66       000000
__Htext7                            text7        000000
__Htext8                            text8        000000
__Htext9                            text9        000000
__LRAM                              (abs)        000001
__Labs1                             abs1         000000
__Lbank0                            bank0        000000
__Lbank1                            bank1        000000
__Lbank10                           bank10       000000
__Lbank11                           bank11       000000
__Lbank12                           bank12       000000
__Lbank13                           bank13       000000
__Lbank2                            bank2        000000
__Lbank3                            bank3        000000
__Lbank4                            bank4        000000
__Lbank5                            bank5        000000
__Lbank6                            bank6        000000
__Lbank7                            bank7        000000
__Lbank8                            bank8        000000
__Lbank9                            bank9        000000
__Lbigbss                           bigbss       000000
__Lbigdata                          bigdata      000000
__Lbigram                           bigram       000000
__Lbigsfr                           bigsfr       000000
__Lbss                              bss          000000
__LbssBANK0                         bssBANK0     000000
__LbssBANK1                         bssBANK1     000000
__Lcinit                            cinit        000000
__Lclrtext                          clrtext      000000
__Lcomram                           comram       000000
__Lconfig                           config       000000
__Lconst                            const        000000
__LcstackBANK0                      cstackBANK0  000000
__LcstackCOMRAM                     cstackCOMRAM 000000
__Ldata                             data         000000
__LdataBANK0                        dataBANK0    000000
__LdataBANK1                        dataBANK1    000000
__Leeprom_data                      eeprom_data  000000
__Lfarbss                           farbss       000000
__Lfardata                          fardata      000000
__Lheap                             heap         000000
__Libigdata                         ibigdata     000000
__Lidata                            idata        000000
__LidataBANK0                       idataBANK0   000000
__LidataBANK1                       idataBANK1   000000
__Lidloc                            idloc        000000
__Lifardata                         ifardata     000000
__Linit                             init         00002C
__Lintcode                          intcode      000008
__Lintcode_body                     intcode_body 000000
__Lintcodelo                        intcodelo    00002C
__Lintentry                         intentry     000000
__Lintret                           intret       000000
__Lintsave_regs                     intsave_regs 000000
__Lirdata                           irdata       000000
__Lmediumconst                      mediumconst  000000
__LnvFARRAM                         nvFARRAM     000000
__Lnvbit                            nvbit        000000
__Lnvrram                           nvrram       000000
__Lparam                            rparam       000000
__Lpowerup                          powerup      00002C
__Lram                              ram          000000
__Lramtop                           ramtop       000E00
__Lrbit                             rbit         000000
__Lrbss                             rbss         000000
__Lrdata                            rdata        000000
__Lreset_vec                        reset_vec    000000
__Lrparam                           rparam       000000
__Lsfr                              sfr          000000
__Lsmallconst                       smallconst   000E00
__Lspace_0                          (abs)        000000
__Lspace_1                          (abs)        000000
__Lspace_2                          (abs)        000000
__Lspace_4                          (abs)        000000
__Lstack                            stack        000000
__Lstruct                           struct       000000
__Ltemp                             temp         00005F
__Ltext                             text         000000
__Ltext0                            text0        000000
__Ltext1                            text1        000000
__Ltext10                           text10       000000
__Ltext11                           text11       000000
__Ltext12                           text12       000000
__Ltext13                           text13       000000
__Ltext14                           text14       000000
__Ltext15                           text15       000000
__Ltext16                           text16       000000
__Ltext17                           text17       000000
__Ltext18                           text18       000000
__Ltext19                           text19       000000
__Ltext2                            text2        000000
__Ltext20                           text20       000000
__Ltext21                           text21       000000
__Ltext22                           text22       000000
__Ltext23                           text23       000000
__Ltext24                           text24       000000
__Ltext25                           text25       000000
__Ltext26                           text26       000000
__Ltext27                           text27       000000
__Ltext28                           text28       000000
__Ltext29                           text29       000000
__Ltext3                            text3        000000
__Ltext30                           text30       000000
__Ltext31                           text31       000000
__Ltext32                           text32       000000
__Ltext33                           text33       000000
__Ltext34                           text34       000000
__Ltext35                           text35       000000
__Ltext36                           text36       000000
__Ltext37                           text37       000000
__Ltext38                           text38       000000
__Ltext39                           text39       000000
__Ltext4                            text4        000000
__Ltext40                           text40       000000
__Ltext41                           text41       000000
__Ltext42                           text42       000000
__Ltext43                           text43       000000
__Ltext44                           text44       000000
__Ltext45                           text45       000000
__Ltext46                           text46       000000
__Ltext47                           text47       000000
__Ltext48                           text48       000000
__Ltext49                           text49       000000
__Ltext5                            text5        000000
__Ltext50                           text50       000000
__Ltext51                           text51       000000
__Ltext52                           text52       000000
__Ltext53                           text53       000000
__Ltext54                           text54       000000
__Ltext55                           text55       000000
__Ltext56                           text56       000000
__Ltext57                           text57       000000
__Ltext58                           text58       000000
__Ltext59                           text59       000000
__Ltext6                            text6        000000
__Ltext60                           text60       000000
__Ltext61                           text61       000000
__Ltext62                           text62       000000
__Ltext63                           text63       000000
__Ltext64                           text64       000000
__Ltext65                           text65       000000
__Ltext66                           text66       000000
__Ltext7                            text7        000000
__Ltext8                            text8        000000
__Ltext9                            text9        000000
__S0                                (abs)        004A87
__S1                                (abs)        0001BF
__S4                                (abs)        000000
__S5                                (abs)        000000
___fladd                            text33       001A6C
___fladd@a                          cstackCOMRAM 00003F
___fladd@aexp                       cstackCOMRAM 000048
___fladd@b                          cstackCOMRAM 00003B
___fladd@bexp                       cstackCOMRAM 000049
___fladd@grs                        cstackCOMRAM 00004A
___fladd@signs                      cstackCOMRAM 000047
___fldiv                            text24       0027C0
___fldiv@a                          cstackCOMRAM 000057
___fldiv@aexp                       cstackBANK0  00006C
___fldiv@b                          cstackCOMRAM 000053
___fldiv@bexp                       cstackBANK0  00006B
___fldiv@grs                        cstackBANK0  000067
___fldiv@new_exp                    cstackBANK0  000065
___fldiv@rem                        cstackBANK0  000060
___fldiv@sign                       cstackBANK0  000064
___fleq                             text23       0039C0
___fleq@ff1                         cstackCOMRAM 000001
___fleq@ff2                         cstackCOMRAM 000005
___flge                             text65       003714
___flge@ff1                         cstackCOMRAM 00004B
___flge@ff2                         cstackCOMRAM 00004F
___flmul                            text31       002396
___flmul@a                          cstackCOMRAM 00001E
___flmul@aexp                       cstackCOMRAM 00002B
___flmul@b                          cstackCOMRAM 00001A
___flmul@bexp                       cstackCOMRAM 00002C
___flmul@grs                        cstackCOMRAM 000027
___flmul@prod                       cstackCOMRAM 00002D
___flmul@sign                       cstackCOMRAM 000026
___flmul@temp                       cstackCOMRAM 000031
___flsub                            text22       00478C
___flsub@a                          cstackCOMRAM 00004F
___flsub@b                          cstackCOMRAM 00004B
___fltol                            text21       00360E
___fltol@exp1                       cstackCOMRAM 00000A
___fltol@f1                         cstackCOMRAM 000001
___fltol@sign1                      cstackCOMRAM 000009
___heap_hi                          (abs)        000000
___heap_lo                          (abs)        000000
___inthi_sp                         stack        000000
___intlo_sp                         stack        000000
___lwdiv                            text52       00438C
___lwdiv@counter                    cstackCOMRAM 00000D
___lwdiv@dividend                   cstackCOMRAM 000007
___lwdiv@divisor                    cstackCOMRAM 000009
___lwdiv@quotient                   cstackCOMRAM 00000B
___param_bank                       (abs)        000000
___rparam_used                      (abs)        000001
___sp                               stack        000000
___wmul                             text51       004980
___wmul@multiplicand                cstackCOMRAM 000003
___wmul@multiplier                  cstackCOMRAM 000001
___wmul@product                     cstackCOMRAM 000005
___xxtofl                           text30       002F52
___xxtofl@arg                       cstackCOMRAM 000016
___xxtofl@exp                       cstackCOMRAM 000015
___xxtofl@sign                      cstackCOMRAM 000014
___xxtofl@val                       cstackCOMRAM 00000C
__accesstop                         (abs)        000060
__activetblptr                      (abs)        000002
__end_of_Blue_T180                  text43       00450E
__end_of_ClickLEDOn                 text66       0048FE
__end_of_Color2String               text53       004892
__end_of_Colour2Action              text27       002F52
__end_of_Green_L90                  text40       00438C
__end_of_HighISR                    intcode      00002C
__end_of_Hue2Colour                 text64       001A6C
__end_of_I2C_2_Master_Idle          text17       004980
__end_of_I2C_2_Master_Init          text18       004958
__end_of_I2C_2_Master_Read          text11       004814
__end_of_I2C_2_Master_RepStart      text10       004A66
__end_of_I2C_2_Master_Start         text16       004A7A
__end_of_I2C_2_Master_Stop          text15       004A70
__end_of_I2C_2_Master_Write         text14       004A50
__end_of_Interrupts_init            text26       004A5C
__end_of_LED_init                   text25       004A44
__end_of_Left45                     text45       00410E
__end_of_LightBlue_L135             text39       003DA8
__end_of_Orange_R135                text38       003D04
__end_of_Pink_rev1_L90              text37       003BBA
__end_of_RGB2Hue                    text20       00157E
__end_of_Red_R90                    text36       004310
__end_of_Right45                    text41       004084
__end_of_Timer0_init                text19       0049CA
__end_of_TimerReset                 text35       004A84
__end_of_White                      text28       002396
__end_of_Yellow_rev1_R90            text34       003B12
__end_of___fladd                    text33       001F2C
__end_of___fldiv                    text24       002B5C
__end_of___fleq                     text23       003A6A
__end_of___flge                     text65       003818
__end_of___flmul                    text31       0027C0
__end_of___flsub                    text22       0047D2
__end_of___fltol                    text21       003714
__end_of___lwdiv                    text52       004400
__end_of___wmul                     text51       0049A6
__end_of___xxtofl                   text30       003106
__end_of__initialization            cinit        0044AC
__end_of_color_click_init           text12       004854
__end_of_color_read_Blue            text9        0046A0
__end_of_color_read_Clear           text8        004650
__end_of_color_read_Green           text7        004600
__end_of_color_read_Red             text6        0045B0
__end_of_color_writetoaddr          text13       004A0C
__end_of_colour_read_all            text5        00360E
__end_of_fputc                      text60       0039C0
__end_of_fullSpeedAhead             text32       004214
__end_of_fullSpeedReverse           text49       004294
__end_of_getTimerValue              text29       004462
__end_of_initDCmotorsPWM            text4        003FFA
__end_of_initUSART4                 text3        0049EC
__end_of_main                       text0        002D7A
__end_of_memoryUpdateMovement       text2        00492E
__end_of_memoryUpdateTime           text1        003E3E
__end_of_putch                      text61       004A86
__end_of_reverseHalfSquare          text47       004194
__end_of_rotate180left              text44       004560
__end_of_sendCharSerial4            text63       004A24
__end_of_sendStringSerial4          text62       0048CA
__end_of_setMotorPWM                text50       003272
__end_of_sprintf                    text54       00473E
__end_of_stoa                       text58       003508
__end_of_stop                       text48       003C60
__end_of_strlen                     text59       0046F0
__end_of_strncmp                    text57       0038F6
__end_of_turnLeft                   text46       003F6A
__end_of_turnRight                  text42       003ED4
__end_of_vfpfcnvrt                  text56       0033CC
__end_of_vfprintf                   text55       00478C
__halfsquare                        dataBANK1    0001B7
__initialization                    cinit        004462
__mediumconst                       mediumconst  000000
__pbssBANK0                         bssBANK0     0000E2
__pbssBANK1                         bssBANK1     000100
__pcinit                            cinit        004462
__pcstackBANK0                      cstackBANK0  000060
__pcstackCOMRAM                     cstackCOMRAM 000001
__pdataBANK0                        dataBANK0    0000FF
__pdataBANK1                        dataBANK1    0001AE
__pidataBANK0                       idataBANK0   004A86
__pidataBANK1                       idataBANK1   004A24
__pintcode                          intcode      000008
__psmallconst                       smallconst   000E00
__ptext0                            text0        002B5C
__ptext1                            text1        003DA8
__ptext10                           text10       004A5C
__ptext11                           text11       0047D2
__ptext12                           text12       004814
__ptext13                           text13       0049EC
__ptext14                           text14       004A44
__ptext15                           text15       004A66
__ptext16                           text16       004A70
__ptext17                           text17       004958
__ptext18                           text18       00492E
__ptext19                           text19       0049A6
__ptext2                            text2        0048FE
__ptext20                           text20       000E52
__ptext21                           text21       00360E
__ptext22                           text22       00478C
__ptext23                           text23       0039C0
__ptext24                           text24       0027C0
__ptext25                           text25       004A36
__ptext26                           text26       004A50
__ptext27                           text27       002D7A
__ptext28                           text28       001F2C
__ptext29                           text29       004400
__ptext3                            text3        0049CA
__ptext30                           text30       002F52
__ptext31                           text31       002396
__ptext32                           text32       004194
__ptext33                           text33       001A6C
__ptext34                           text34       003A6A
__ptext35                           text35       004A7A
__ptext36                           text36       004294
__ptext37                           text37       003B12
__ptext38                           text38       003C60
__ptext39                           text39       003D04
__ptext4                            text4        003F6A
__ptext40                           text40       004310
__ptext41                           text41       003FFA
__ptext42                           text42       003E3E
__ptext43                           text43       0044BA
__ptext44                           text44       00450E
__ptext45                           text45       004084
__ptext46                           text46       003ED4
__ptext47                           text47       00410E
__ptext48                           text48       003BBA
__ptext49                           text49       004214
__ptext5                            text5        003508
__ptext50                           text50       003106
__ptext51                           text51       004980
__ptext52                           text52       00438C
__ptext53                           text53       004854
__ptext54                           text54       0046F0
__ptext55                           text55       00473E
__ptext56                           text56       003272
__ptext57                           text57       003818
__ptext58                           text58       0033CC
__ptext59                           text59       0046A0
__ptext6                            text6        004560
__ptext60                           text60       0038F6
__ptext61                           text61       004A84
__ptext62                           text62       004892
__ptext63                           text63       004A0C
__ptext64                           text64       00157E
__ptext65                           text65       003714
__ptext66                           text66       0048CA
__ptext7                            text7        0045B0
__ptext8                            text8        004600
__ptext9                            text9        004650
__ramtop                            ramtop       000E00
__recogniseColour                   dataBANK1    0001B5
__smallconst                        smallconst   000E00
_color_click_init                   text12       004814
_color_read_Blue                    text9        004650
_color_read_Clear                   text8        004600
_color_read_Green                   text7        0045B0
_color_read_Red                     text6        004560
_color_writetoaddr                  text13       0049EC
_colorf                             bssBANK1     000198
_colour_read_all                    text5        003508
_flags                              bssBANK0     0000EC
_fputc                              text60       0038F6
_fullSpeedAhead                     text32       004194
_fullSpeedReverse                   text49       004214
_getTimerValue                      text29       004400
_initDCmotorsPWM                    text4        003F6A
_initUSART4                         text3        0049CA
_main                               text0        002B5C
_maxTime                            bssBANK0     0000EA
_memoryUpdateMovement               text2        0048FE
_memoryUpdateTime                   text1        003DA8
_memoryUpdateTime$3162              cstackCOMRAM 00004F
_motorL                             bssBANK0     0000F6
_motorR                             bssBANK0     0000ED
_movementCount                      bssBANK0     0000E8
_movementMemory                     bssBANK1     000170
_prec                               bssBANK0     0000E4
_putch                              text61       004A84
_retracingDone                      bssBANK0     0000E6
_reverseHalfSquare                  text47       00410E
_rotate180left                      text44       00450E
_sendCharSerial4                    text63       004A0C
_sendStringSerial4                  text62       004892
_setMotorPWM                        text50       003106
_sprintf                            text54       0046F0
_stoa                               text58       0033CC
_stop                               text48       003BBA
_strlen                             text59       0046A0
_strncmp                            text57       003818
_timerMemory                        bssBANK1     000120
_turnLeft                           text46       003ED4
_turnRight                          text42       003E3E
_vfpfcnvrt                          text56       003272
_vfpfcnvrt$2859                     cstackCOMRAM 000028
_vfprintf                           text55       00473E
_width                              bssBANK0     0000E2
btemp                               temp         00005F
color_read_Blue@tmp                 cstackCOMRAM 00000A
color_read_Clear@tmp                cstackCOMRAM 00000A
color_read_Green@tmp                cstackCOMRAM 00000A
color_read_Red@tmp                  cstackCOMRAM 00000A
color_writetoaddr@address           cstackCOMRAM 000004
color_writetoaddr@value             cstackCOMRAM 000003
colour_read_all@B                   cstackCOMRAM 000024
colour_read_all@C                   cstackCOMRAM 000028
colour_read_all@G                   cstackCOMRAM 000020
colour_read_all@R                   cstackCOMRAM 00001C
colour_read_all@cf                  cstackCOMRAM 00001A
end_of_initialization               cinit        0044AC
fputc@c                             cstackCOMRAM 000001
fputc@fp                            cstackCOMRAM 000003
fullSpeedAhead@i                    cstackCOMRAM 000019
fullSpeedAhead@mL                   cstackCOMRAM 000014
fullSpeedAhead@mR                   cstackCOMRAM 000016
fullSpeedReverse@i                  cstackCOMRAM 000019
fullSpeedReverse@mL                 cstackCOMRAM 000014
fullSpeedReverse@mR                 cstackCOMRAM 000016
getTimerValue@timerCount            cstackCOMRAM 000039
initDCmotorsPWM@PWMperiod           cstackCOMRAM 000001
int$flags                           temp         00005F
intlevel0                           text         000000
intlevel1                           text         000000
intlevel2                           text         000000
intlevel3                           text         000000
isa$std                             (abs)        000001
isa$xinst                           (abs)        000000
main@data                           cstackBANK0  00007D
main@wall                           cstackBANK0  0000E1
memoryUpdateMovement@cf             cstackCOMRAM 000001
memoryUpdateMovement@colourcode     cstackCOMRAM 000007
memoryUpdateMovement@movementCount  cstackCOMRAM 000003
memoryUpdateMovement@movementMemory cstackCOMRAM 000005
memoryUpdateTime@movementCount      cstackCOMRAM 00004B
memoryUpdateTime@timerMemory        cstackCOMRAM 00004D
memoryUpdateTime@timerVal           cstackCOMRAM 000053
reverseHalfSquare@mL                cstackCOMRAM 00001B
reverseHalfSquare@mR                cstackCOMRAM 00001D
rotate180left@mL                    cstackCOMRAM 000020
rotate180left@mR                    cstackCOMRAM 000022
sendCharSerial4@charToSend          cstackCOMRAM 000001
sendStringSerial4@string            cstackCOMRAM 000002
setMotorPWM@m                       cstackCOMRAM 00000E
setMotorPWM@negDuty                 cstackCOMRAM 000013
setMotorPWM@posDuty                 cstackCOMRAM 000012
sprintf@ap                          cstackCOMRAM 000038
sprintf@f                           cstackCOMRAM 00003A
sprintf@fmt                         cstackCOMRAM 000034
sprintf@s                           cstackCOMRAM 000032
stackhi                             (abs)        000000
stacklo                             (abs)        000000
start                               init         00002C
start_initialization                cinit        004462
stoa@F1144                          dataBANK1    0001AE
stoa@cp                             cstackCOMRAM 00001A
stoa@fp                             cstackCOMRAM 00000A
stoa@i                              cstackCOMRAM 000018
stoa@l                              cstackCOMRAM 00001C
stoa@nuls                           cstackCOMRAM 00000F
stoa@p                              cstackCOMRAM 00001E
stoa@s                              cstackCOMRAM 00000C
stoa@w                              cstackCOMRAM 000016
stop@mL                             cstackCOMRAM 000014
stop@mR                             cstackCOMRAM 000016
strlen@a                            cstackCOMRAM 000003
strlen@s                            cstackCOMRAM 000001
strncmp@_l                          cstackCOMRAM 000001
strncmp@_r                          cstackCOMRAM 000003
strncmp@l                           cstackCOMRAM 000008
strncmp@n                           cstackCOMRAM 000005
strncmp@r                           cstackCOMRAM 00000A
ttemp5                              temp         000060
ttemp6                              temp         000063
ttemp7                              temp         000067
turnLeft@i                          cstackCOMRAM 000018
turnLeft@mL                         cstackCOMRAM 000014
turnLeft@mR                         cstackCOMRAM 000016
turnRight@i                         cstackCOMRAM 000018
turnRight@mL                        cstackCOMRAM 000014
turnRight@mR                        cstackCOMRAM 000016
vfpfcnvrt@ap                        cstackCOMRAM 000024
vfpfcnvrt@fmt                       cstackCOMRAM 000022
vfpfcnvrt@fp                        cstackCOMRAM 000020
vfprintf@ap                         cstackCOMRAM 00002E
vfprintf@cfmt                       cstackCOMRAM 000030
vfprintf@fmt                        cstackCOMRAM 00002C
vfprintf@fp                         cstackCOMRAM 00002A
wtemp8                              temp         000060


MODULE INFORMATION

Module		Function		Class		Link	Load	Size
C:\Program Files\Microchip\xc8\v2.40\pic\sources\c99\common\sprcmul.c
		___flmul       		CODE           	2396	0000	1066

C:\Program Files\Microchip\xc8\v2.40\pic\sources\c99\common\sprcmul.c estimated size: 1066

C:\Program Files\Microchip\xc8\v2.40\pic\sources\c99\common\nf_fputc.c
		_fputc         		CODE           	38F6	0000	202

C:\Program Files\Microchip\xc8\v2.40\pic\sources\c99\common\nf_fputc.c estimated size: 202

serial.c
		_sendStringSerial4		CODE           	4892	0000	56
		_sendCharSerial4		CODE           	4A0C	0000	24
		_Color2String  		CODE           	4854	0000	62
		_initUSART4    		CODE           	49CA	0000	34

serial.c estimated size: 176

C:\Program Files\Microchip\xc8\v2.40\pic\sources\c99\common\sprcdiv.c
		___fldiv       		CODE           	27C0	0000	924

C:\Program Files\Microchip\xc8\v2.40\pic\sources\c99\common\sprcdiv.c estimated size: 924

colorfunctions.c
		_Hue2Colour    		CODE           	157E	0000	1262
		_Colour2Action 		CODE           	2D7A	0000	472
		_RGB2Hue       		CODE           	0E52	0000	1836
		_colour_read_all		CODE           	3508	0000	262

colorfunctions.c estimated size: 3832

C:\Program Files\Microchip\xc8\v2.40\pic\sources\c99\common\lwdiv.c
		___lwdiv       		CODE           	438C	0000	116

C:\Program Files\Microchip\xc8\v2.40\pic\sources\c99\common\lwdiv.c estimated size: 116

C:\Program Files\Microchip\xc8\v2.40\pic\sources\c99\common\nf_sprintf.c
		_sprintf       		CODE           	46F0	0000	78

C:\Program Files\Microchip\xc8\v2.40\pic\sources\c99\common\nf_sprintf.c estimated size: 78

C:\Program Files\Microchip\xc8\v2.40\pic\sources\c99\common\fltol.c
		___fltol       		CODE           	360E	0000	262

C:\Program Files\Microchip\xc8\v2.40\pic\sources\c99\common\fltol.c estimated size: 262

LED.c
		_LED_init      		CODE           	4A36	0000	14

LED.c estimated size: 14

C:\Program Files\Microchip\xc8\v2.40\pic\sources\c99\common\Umul16.c
		___wmul        		CODE           	4980	0000	38

C:\Program Files\Microchip\xc8\v2.40\pic\sources\c99\common\Umul16.c estimated size: 38

C:\Program Files\Microchip\xc8\v2.40\pic\sources\c99\common\fleq.c
		___fleq        		CODE           	39C0	0000	170

C:\Program Files\Microchip\xc8\v2.40\pic\sources\c99\common\fleq.c estimated size: 170

dc_motor.c
		_fullSpeedReverse		CODE           	4214	0000	128
		_White         		CODE           	1F2C	0000	1130
		_reverseHalfSquare		CODE           	410E	0000	134
		_fullSpeedAhead		CODE           	4194	0000	128
		_turnLeft      		CODE           	3ED4	0000	150
		_Green_L90     		CODE           	4310	0000	124
		_stop          		CODE           	3BBA	0000	166
		_Pink_rev1_L90 		CODE           	3B12	0000	168
		_initDCmotorsPWM		CODE           	3F6A	0000	144
		_turnRight     		CODE           	3E3E	0000	150
		_Red_R90       		CODE           	4294	0000	124
		_setMotorPWM   		CODE           	3106	0000	364
		_rotate180left 		CODE           	450E	0000	82
		_Left45        		CODE           	4084	0000	138
		_LightBlue_L135		CODE           	3D04	0000	164
		_Blue_T180     		CODE           	44BA	0000	84
		_Yellow_rev1_R90		CODE           	3A6A	0000	168
		_Orange_R135   		CODE           	3C60	0000	164
		_Right45       		CODE           	3FFA	0000	138

dc_motor.c estimated size: 3848

interrupts.c
		_Interrupts_init		CODE           	4A50	0000	12
		_HighISR       		CODE           	0008	0000	36

interrupts.c estimated size: 48

C:\Program Files\Microchip\xc8\v2.40\pic\sources\c99\common\strncmp.c
		_strncmp       		CODE           	3818	0000	222

C:\Program Files\Microchip\xc8\v2.40\pic\sources\c99\common\strncmp.c estimated size: 222

timer.c
		_Timer0_init   		CODE           	49A6	0000	36
		_getTimerValue 		CODE           	4400	0000	98
		_TimerReset    		CODE           	4A7A	0000	10

timer.c estimated size: 144

colorclick.c
		_ClickLEDOn    		CODE           	48CA	0000	52
		_color_writetoaddr		CODE           	49EC	0000	32
		_color_click_init		CODE           	4814	0000	64
		_color_read_Green		CODE           	45B0	0000	80
		_color_read_Clear		CODE           	4600	0000	80
		_color_read_Red		CODE           	4560	0000	80
		_color_read_Blue		CODE           	4650	0000	80

colorclick.c estimated size: 468

i2c.c
		_I2C_2_Master_Start		CODE           	4A70	0000	10
		_I2C_2_Master_Read		CODE           	47D2	0000	66
		_I2C_2_Master_Idle		CODE           	4958	0000	40
		_I2C_2_Master_Init		CODE           	492E	0000	42
		_I2C_2_Master_Stop		CODE           	4A66	0000	10
		_I2C_2_Master_RepStart		CODE           	4A5C	0000	10
		_I2C_2_Master_Write		CODE           	4A44	0000	12

i2c.c estimated size: 190

C:\Program Files\Microchip\xc8\v2.40\pic\sources\c99\common\sprcadd.c
		___flsub       		CODE           	478C	0000	70
		___fladd       		CODE           	1A6C	0000	1216

C:\Program Files\Microchip\xc8\v2.40\pic\sources\c99\common\sprcadd.c estimated size: 1286

C:\Program Files\Microchip\xc8\v2.40\pic\sources\c99\common\xxtofl.c
		___xxtofl      		CODE           	2F52	0000	436

C:\Program Files\Microchip\xc8\v2.40\pic\sources\c99\common\xxtofl.c estimated size: 436

C:\Program Files\Microchip\xc8\v2.40\pic\sources\c99\common\strlen.c
		_strlen        		CODE           	46A0	0000	80

C:\Program Files\Microchip\xc8\v2.40\pic\sources\c99\common\strlen.c estimated size: 80

shared
		__initialization		CODE           	4462	0000	74

shared estimated size: 74

C:\Program Files\Microchip\xc8\v2.40\pic\sources\c99\common\flge.c
		___flge        		CODE           	3714	0000	260

C:\Program Files\Microchip\xc8\v2.40\pic\sources\c99\common\flge.c estimated size: 260

C:\Program Files\Microchip\xc8\v2.40\pic\sources\c99\common\putch.c
		_putch         		CODE           	4A84	0000	2

C:\Program Files\Microchip\xc8\v2.40\pic\sources\c99\common\putch.c estimated size: 2

C:\Program Files\Microchip\xc8\v2.40\pic\sources\c99\common\doprnt.c
		_vfpfcnvrt     		CODE           	3272	0000	346
		_vfprintf      		CODE           	473E	0000	78
		_stoa          		CODE           	33CC	0000	316

C:\Program Files\Microchip\xc8\v2.40\pic\sources\c99\common\doprnt.c estimated size: 740

main.c
		_main          		CODE           	2B5C	0000	542

main.c estimated size: 542

memory.c
		_memoryUpdateTime		CODE           	3DA8	0000	150
		_memoryUpdateMovement		CODE           	48FE	0000	48

memory.c estimated size: 198

